Component: ARM Compiler 5.06 update 7 (build 960) Tool: armlink [4d3601]

==============================================================================

Section Cross References

    hardware_init.o(i.ADC_init) refers to lks32mc03x_adc.o(i.ADC_StructInit) for ADC_StructInit
    hardware_init.o(i.ADC_init) refers to lks32mc03x_adc.o(i.ADC_Init) for ADC_Init
    hardware_init.o(i.ADC_init) refers to signalchain_sample.o(i.ADC_NormalModeCFG) for ADC_NormalModeCFG
    hardware_init.o(i.CMP_init) refers to lks32mc03x_cmp.o(i.CMP_StructInit) for CMP_StructInit
    hardware_init.o(i.CMP_init) refers to lks32mc03x_sys.o(i.SYS_AnalogModuleClockCmd) for SYS_AnalogModuleClockCmd
    hardware_init.o(i.CMP_init) refers to lks32mc03x_cmp.o(i.CMP_Init) for CMP_Init
    hardware_init.o(i.DAC_Init) refers to lks32mc03x_sys.o(i.SYS_AnalogModuleClockCmd) for SYS_AnalogModuleClockCmd
    hardware_init.o(i.DebugPWM_OutputFunction) refers to lks32mc03x_mcpwm.o(i.PWMOutputs) for PWMOutputs
    hardware_init.o(i.GPIO_init) refers to lks32mc03x_gpio.o(i.GPIO_StructInit) for GPIO_StructInit
    hardware_init.o(i.GPIO_init) refers to lks32mc03x_gpio.o(i.GPIO_Init) for GPIO_Init
    hardware_init.o(i.GPIO_init) refers to lks32mc03x_gpio.o(i.GPIO_PinAFConfig) for GPIO_PinAFConfig
    hardware_init.o(i.HALL_Perip_Init) refers to lks32mc03x_sys.o(i.SYS_ModuleClockCmd) for SYS_ModuleClockCmd
    hardware_init.o(i.HALL_Perip_Init) refers to lks32mc03x_hall.o(i.HALL_StructInit) for HALL_StructInit
    hardware_init.o(i.HALL_Perip_Init) refers to lks32mc03x_hall.o(i.HALL_Init) for HALL_Init
    hardware_init.o(i.Hardware_init) refers to lks32mc03x_sys.o(i.SYS_ModuleClockCmd) for SYS_ModuleClockCmd
    hardware_init.o(i.Hardware_init) refers to hardware_init.o(i.ADC_init) for ADC_init
    hardware_init.o(i.Hardware_init) refers to hardware_init.o(i.MCPWM_init) for MCPWM_init
    hardware_init.o(i.Hardware_init) refers to hardware_init.o(i.UTimer_init) for UTimer_init
    hardware_init.o(i.Hardware_init) refers to hardware_init.o(i.GPIO_init) for GPIO_init
    hardware_init.o(i.Hardware_init) refers to hardware_init.o(i.DAC_Init) for DAC_Init
    hardware_init.o(i.Hardware_init) refers to hardware_init.o(i.PGA_Init) for PGA_Init
    hardware_init.o(i.Hardware_init) refers to hardware_init.o(i.CMP_init) for CMP_init
    hardware_init.o(i.Hardware_init) refers to hardware_init.o(i.HALL_Perip_Init) for HALL_Perip_Init
    hardware_init.o(i.Hardware_init) refers to hardware_init.o(i.TempSensor_Init) for TempSensor_Init
    hardware_init.o(i.Hardware_init) refers to task_scheduler.o(i.SoftDelay) for SoftDelay
    hardware_init.o(i.Hardware_init) refers to hardware_init.o(i.__NVIC_SetPriority) for __NVIC_SetPriority
    hardware_init.o(i.Hardware_init) refers to hardware_init.o(i.__NVIC_EnableIRQ) for __NVIC_EnableIRQ
    hardware_init.o(i.MCPWM_init) refers to lks32mc03x_mcpwm.o(i.MCPWM_StructInit) for MCPWM_StructInit
    hardware_init.o(i.MCPWM_init) refers to lks32mc03x_mcpwm.o(i.MCPWM_Init) for MCPWM_Init
    hardware_init.o(i.MCPWM_init) refers to global_variable.o(.bss) for mIPD_CtrProc
    hardware_init.o(i.PGA_Init) refers to lks32mc03x_sys.o(i.SYS_AnalogModuleClockCmd) for SYS_AnalogModuleClockCmd
    hardware_init.o(i.SystemInit) refers to hardware_init.o(i.Clock_Init) for Clock_Init
    hardware_init.o(i.TempSensor_Init) refers to lks32mc03x_sys.o(i.SYS_AnalogModuleClockCmd) for SYS_AnalogModuleClockCmd
    hardware_init.o(i.UART_init) refers to lks32mc03x_uart.o(i.UART_StructInit) for UART_StructInit
    hardware_init.o(i.UART_init) refers to lks32mc03x_uart.o(i.UART_Init) for UART_Init
    hardware_init.o(i.UTimer_init) refers to lks32mc03x_timer.o(i.TIM_TimerStrutInit) for TIM_TimerStrutInit
    hardware_init.o(i.UTimer_init) refers to lks32mc03x_timer.o(i.TIM_TimerInit) for TIM_TimerInit
    interrupt.o(i.ADC_IRQHandler) refers to foc_drive.o(i.FOC_Model) for FOC_Model
    interrupt.o(i.ADC_IRQHandler) refers to fluxobserve.o(i.DcVoltPerUnitCalcInt) for DcVoltPerUnitCalcInt
    interrupt.o(i.ADC_IRQHandler) refers to fault_detection.o(i.CurrentAmplitudeCalc) for CurrentAmplitudeCalc
    interrupt.o(i.ADC_IRQHandler) refers to fault_detection.o(i.FaultCurrentCheck) for FaultCurrentCheck
    interrupt.o(i.ADC_IRQHandler) refers to heatcontrol.o(i.HeaterControl) for HeaterControl
    interrupt.o(i.ADC_IRQHandler) refers to global_variable.o(.bss) for struFOC_CtrProc
    interrupt.o(i.ADC_IRQHandler) refers to global_variable.o(.bss) for struTaskScheduler
    interrupt.o(i.ADC_IRQHandler) refers to global_variable.o(.bss) for struFOC_CurrLoop
    interrupt.o(i.ADC_IRQHandler) refers to fault_detection.o(.data) for struImaxCurrent
    interrupt.o(i.ADC_IRQHandler) refers to fault_detection.o(.bss) for struCurrentAmplitude
    interrupt.o(i.ADC_IRQHandler) refers to foc_drive.o(.data) for Mag_nCurr
    interrupt.o(i.CMP_IRQHandler) refers to lks32mc03x_mcpwm.o(i.PWMOutputs) for PWMOutputs
[...]
    i.TIMER1_IRQHandler                      0x000050b0   Section        0  interrupt.o(i.TIMER1_IRQHandler)
    i.TIM_TimerInit                          0x000050ec   Section        0  lks32mc03x_timer.o(i.TIM_TimerInit)
    i.TIM_TimerStrutInit                     0x00005198   Section        0  lks32mc03x_timer.o(i.TIM_TimerStrutInit)
    i.Task_Scheduler                         0x000051cc   Section        0  task_scheduler.o(i.Task_Scheduler)
    i.TempSensor_Init                        0x00005298   Section        0  hardware_init.o(i.TempSensor_Init)
    i.Trig_Functions                         0x000052b4   Section        0  mc_math.o(i.Trig_Functions)
    i.UART_IRQHandler                        0x0000532c   Section        0  interrupt.o(i.UART_IRQHandler)
    i.USER_APP_vTick05ms                     0x0000532e   Section        0  user_app.o(i.USER_APP_vTick05ms)
    i.USER_APP_vTick10ms                     0x00005330   Section        0  user_app.o(i.USER_APP_vTick10ms)
    i.USER_APP_vTick1ms                      0x00005350   Section        0  user_app.o(i.USER_APP_vTick1ms)
    i.USER_APP_vTick20ms                     0x00005360   Section        0  user_app.o(i.USER_APP_vTick20ms)
    i.USER_APP_vTick500ms                    0x00005368   Section        0  user_app.o(i.USER_APP_vTick500ms)
    i.USER_GPIO_Init                         0x000055a4   Section        0  user_app.o(i.USER_GPIO_Init)
    i.USER_Init                              0x00005648   Section        0  user_app.o(i.USER_Init)
    i.UTimer_init                            0x0000566c   Section        0  hardware_init.o(i.UTimer_init)
    i.User2AppAngleTrans                     0x00005698   Section        0  app2core.o(i.User2AppAngleTrans)
    i.User2AppCurTrans                       0x000056bc   Section        0  app2core.o(i.User2AppCurTrans)
    i.User2AppFreqTrans                      0x000056dc   Section        0  app2core.o(i.User2AppFreqTrans)
    i.User2AppVolTrans                       0x000056fc   Section        0  app2core.o(i.User2AppVolTrans)
    i.VolPulsePwmSet                         0x00005734   Section        0  lib_ipd.o(i.VolPulsePwmSet)
    i.WAKE_IRQHandler                        0x00005780   Section        0  interrupt.o(i.WAKE_IRQHandler)
    i.__ARM_common_ll_mulss                  0x00005782   Section        0  fluxobserve.o(i.__ARM_common_ll_mulss)
    i.__ARM_common_ll_muluu                  0x000057b2   Section        0  fluxobserve.o(i.__ARM_common_ll_muluu)
    i.__ARM_common_switch8                   0x000057e2   Section        0  state_machine.o(i.__ARM_common_switch8)
    i.__NVIC_EnableIRQ                       0x000057fc   Section        0  hardware_init.o(i.__NVIC_EnableIRQ)
    __NVIC_EnableIRQ                         0x000057fd   Thumb Code    18  hardware_init.o(i.__NVIC_EnableIRQ)
    i.__NVIC_SetPriority                     0x00005814   Section        0  hardware_init.o(i.__NVIC_SetPriority)
    __NVIC_SetPriority                       0x00005815   Thumb Code    60  hardware_init.o(i.__NVIC_SetPriority)
    i.main                                   0x00005858   Section        0  main.o(i.main)
    i.read_key_vealu_num                     0x0000588c   Section        0  user_app.o(i.read_key_vealu_num)
    i.soft_Trg_ADC                           0x000058a0   Section        0  lib_ipd.o(i.soft_Trg_ADC)
    i.sys_init                               0x000058c8   Section        0  system_init.o(i.sys_init)
    i.vLoadForFlashing                       0x000058ec   Section        0  user_app.o(i.vLoadForFlashing)
    x$fpl$fmul                               0x00005904   Section      176  fmul.o(x$fpl$fmul)
    .constdata                               0x000059b4   Section       10  global_variable.o(.constdata)
    x$fpl$usenofp                            0x000059b4   Section        0  usenofp.o(x$fpl$usenofp)
    .constdata                               0x000059be   Section       16  global_variable.o(.constdata)
    .constdata                               0x000059d0   Section       44  global_variable.o(.constdata)
    .constdata                               0x000059fc   Section       36  global_variable.o(.constdata)
    .constdata                               0x00005a20   Section     2500  heatcontrol.o(.constdata)
    .constdata                               0x000063e4   Section      512  mc_math.o(.constdata)
    .constdata                               0x000065e4   Section      544  lib_svpwm.o(.constdata)
    .constdata                               0x00006804   Section      128  ddiv.o(.constdata)
    ddiv_reciptbl                            0x00006804   Data         128  ddiv.o(.constdata)
    .constdata                               0x00006884   Section       64  fdiv.o(.constdata)
    fdiv_tab                                 0x00006884   Data          64  fdiv.o(.constdata)
    .data                                    0x20000000   Section       12  state_machine.o(.data)
    .data                                    0x2000000c   Section       12  fault_detection.o(.data)
    t_nFlagCheck                             0x2000000e   Data           2  fault_detection.o(.data)
    .data                                    0x20000018   Section       20  heatcontrol.o(.data)
    .data                                    0x2000002c   Section        4  foc_drive.o(.data)
    .data                                    0x20000030   Section       52  user_app.o(.data)
    udelayGPIOcntdown                        0x2000003a   Data           1  user_app.o(.data)
    IOstate                                  0x2000003b   Data           1  user_app.o(.data)
    u8SpecialIOinit                          0x2000003c   Data           1  user_app.o(.data)
    FunStateCnt                              0x2000004a   Data           2  user_app.o(.data)
    Temp_adc_get_temp                        0x2000004c   Data           2  user_app.o(.data)
    Temp_adc_get                             0x2000004e   Data           2  user_app.o(.data)
    .data                                    0x20000064   Section        1  user_app.o(.data)
    .data                                    0x20000068   Section        4  button.o(.data)
    Head_Button                              0x20000068   Data           4  button.o(.data)
    .data                                    0x2000006c   Section      100  fluxobserve.o(.data)
    motorControlFlag                         0x2000006c   Data           1  fluxobserve.o(.data)
    iThetaErr                                0x20000082   Data           2  fluxobserve.o(.data)
    iThetaErr1                               0x20000084   Data           2  fluxobserve.o(.data)
    m_UmRohRef_1                             0x20000086   Data           2  fluxobserve.o(.data)
    s32_udc_filt                             0x200000ac   Data           4  fluxobserve.o(.data)
    .data                                    0x200000d0   Section       62  onthefly.o(.data)
    sDppAccCnt                               0x200000d0   Data           1  onthefly.o(.data)
    sDppAccCnt                               0x200000d1   Data           1  onthefly.o(.data)
    BEMF_electAngleOld                       0x200000d4   Data           2  onthefly.o(.data)
    s16Dpp                                   0x200000d6   Data           2  onthefly.o(.data)
    m_Uab                                    0x200000d8   Data           2  onthefly.o(.data)
    m_Ubc                                    0x200000da   Data           2  onthefly.o(.data)
    m_Uca                                    0x200000dc   Data           2  onthefly.o(.data)
    m_Ua                                     0x200000de   Data           2  onthefly.o(.data)
    m_Ub                                     0x200000e0   Data           2  onthefly.o(.data)
    m_Uc                                     0x200000e2   Data           2  onthefly.o(.data)
    m_Ubt                                    0x200000e4   Data           2  onthefly.o(.data)
    s32Dpp                                   0x200000f4   Data           4  onthefly.o(.data)
    s32MotorCurrentMagfilt                   0x200000f8   Data           4  onthefly.o(.data)
    s32MotorCurrentMagfilt1                  0x200000fc   Data           4  onthefly.o(.data)
    s32MotorCurrentMagDifAvg                 0x20000100   Data           4  onthefly.o(.data)
    .bss                                     0x20000110   Section       20  global_variable.o(.bss)
    .bss                                     0x20000124   Section       16  global_variable.o(.bss)
    .bss                                     0x20000134   Section      236  global_variable.o(.bss)
    .bss                                     0x20000220   Section       64  global_variable.o(.bss)
    .bss                                     0x20000260   Section       68  global_variable.o(.bss)
    .bss                                     0x200002a8   Section       88  global_variable.o(.bss)
    .bss                                     0x20000300   Section       36  global_variable.o(.bss)
    .bss                                     0x20000324   Section       24  global_variable.o(.bss)
    .bss                                     0x2000033c   Section       32  global_variable.o(.bss)
    .bss                                     0x2000035c   Section       32  global_variable.o(.bss)
    .bss                                     0x2000037c   Section       32  global_variable.o(.bss)
    .bss                                     0x2000039c   Section       32  global_variable.o(.bss)
    .bss                                     0x200003bc   Section       14  state_machine.o(.bss)
    .bss                                     0x200003cc   Section      164  fault_detection.o(.bss)
    .bss                                     0x20000470   Section      112  powercalculation.o(.bss)
    .bss                                     0x200004e0   Section       32  speedscan.o(.bss)
    .bss                                     0x20000500   Section       88  heatcontrol.o(.bss)
    .bss                                     0x20000558   Section       34  user_app.o(.bss)
    .bss                                     0x2000057c   Section      184  fluxobserve.o(.bss)
    .bss                                     0x20000634   Section       96  libspace.o(.bss)
    HEAP                                     0x20000698   Section      512  startup_lks32mc03x.o(HEAP)
    Heap_Mem                                 0x20000698   Data         512  startup_lks32mc03x.o(HEAP)
    STACK                                    0x20000898   Section     1024  startup_lks32mc03x.o(STACK)
    Stack_Mem                                0x20000898   Data        1024  startup_lks32mc03x.o(STACK)
    __initial_sp                             0x20000c98   Data           0  startup_lks32mc03x.o(STACK)

    Global Symbols

    Symbol Name                              Value     Ov Type        Size  Object(Section)

    BuildAttributes$$THM_ISAv3M$S$PE$A:L22$X:L11$S22$IEEE1$IW$USESV6$~STKCKD$USESV7$~SHL$OSPACE$ROPI$EBA8$UX$STANDARDLIB$REQ8$PRES8$EABIv2 0x00000000   Number         0  anon$$obj.o ABSOLUTE
    __ARM_use_no_argv                        0x00000000   Number         0  main.o ABSOLUTE
    __Vectors                                0x00000000   Data           4  startup_lks32mc03x.o(RESET)
    __ARM_exceptions_init                     - Undefined Weak Reference
    __alloca_initialize                       - Undefined Weak Reference
    __arm_fini_                               - Undefined Weak Reference
    __arm_preinit_                            - Undefined Weak Reference
    __cpp_initialize__aeabi_                  - Undefined Weak Reference
    __cxa_finalize                            - Undefined Weak Reference
    __rt_locale                               - Undefined Weak Reference
    __sigvec_lookup                           - Undefined Weak Reference
    _atexit_init                              - Undefined Weak Reference
    _call_atexit_fns                          - Undefined Weak Reference
    _clock_init                               - Undefined Weak Reference
    _fp_trap_init                             - Undefined Weak Reference
    _fp_trap_shutdown                         - Undefined Weak Reference
    _get_lc_collate                           - Undefined Weak Reference
    _get_lc_ctype                             - Undefined Weak Reference
    _get_lc_monetary                          - Undefined Weak Reference
    _get_lc_numeric                           - Undefined Weak Reference
    _get_lc_time                              - Undefined Weak Reference
    _getenv_init                              - Undefined Weak Reference
    _handle_redirection                       - Undefined Weak Reference
    _init_alloc                               - Undefined Weak Reference
    _init_user_alloc                          - Undefined Weak Reference
    _initio                                   - Undefined Weak Reference
    _rand_init                                - Undefined Weak Reference
    _signal_finish                            - Undefined Weak Reference
    _signal_init                              - Undefined Weak Reference
    _terminate_alloc                          - Undefined Weak Reference
    _terminate_user_alloc                     - Undefined Weak Reference
    _terminateio                              - Undefined Weak Reference
    __Vectors_End                            0x000000c0   Data           0  startup_lks32mc03x.o(RESET)
    __Vectors_Size                           0x000000c0   Number         0  startup_lks32mc03x.o ABSOLUTE
    __main                                   0x000000c1   Thumb Code     8  __main.o(!!!main)
    __scatterload                            0x000000c9   Thumb Code     0  __scatter.o(!!!scatter)
    __scatterload_rt2                        0x000000c9   Thumb Code    52  __scatter.o(!!!scatter)
    __scatterload_rt2_thumb_only             0x000000c9   Thumb Code     0  __scatter.o(!!!scatter)
    __scatterload_null                       0x000000d9   Thumb Code     0  __scatter.o(!!!scatter)
    __scatterload_copy                       0x00000105   Thumb Code    26  __scatter_copy.o(!!handler_copy)
    __scatterload_zeroinit                   0x00000121   Thumb Code    28  __scatter_zi.o(!!handler_zi)
    __rt_lib_init                            0x0000013d   Thumb Code     0  libinit.o(.ARM.Collect$$libinit$$00000000)
    __rt_lib_init_alloca_1                   0x0000013f   Thumb Code     0  libinit2.o(.ARM.Collect$$libinit$$0000002E)
    __rt_lib_init_argv_1                     0x0000013f   Thumb Code     0  libinit2.o(.ARM.Collect$$libinit$$0000002C)
    __rt_lib_init_atexit_1                   0x0000013f   Thumb Code     0  libinit2.o(.ARM.Collect$$libinit$$0000001B)
    __rt_lib_init_clock_1                    0x0000013f   Thumb Code     0  libinit2.o(.ARM.Collect$$libinit$$00000021)
    __rt_lib_init_cpp_1                      0x0000013f   Thumb Code     0  libinit2.o(.ARM.Collect$$libinit$$00000032)
    __rt_lib_init_exceptions_1               0x0000013f   Thumb Code     0  libinit2.o(.ARM.Collect$$libinit$$00000030)
    __rt_lib_init_fp_1                       0x0000013f   Thumb Code     0  libinit2.o(.ARM.Collect$$libinit$$00000002)
    __rt_lib_init_fp_trap_1                  0x0000013f   Thumb Code     0  libinit2.o(.ARM.Collect$$libinit$$0000001F)
    __rt_lib_init_getenv_1                   0x0000013f   Thumb Code     0  libinit2.o(.ARM.Collect$$libinit$$00000023)
    __rt_lib_init_heap_1                     0x0000013f   Thumb Code     0  libinit2.o(.ARM.Collect$$libinit$$0000000A)
    __rt_lib_init_lc_collate_1               0x0000013f   Thumb Code     0  libinit2.o(.ARM.Collect$$libinit$$00000011)
    __rt_lib_init_lc_ctype_1                 0x0000013f   Thumb Code     0  libinit2.o(.ARM.Collect$$libinit$$00000013)
    __rt_lib_init_lc_monetary_1              0x0000013f   Thumb Code     0  libinit2.o(.ARM.Collect$$libinit$$00000015)
    __rt_lib_init_lc_numeric_1               0x0000013f   Thumb Code     0  libinit2.o(.ARM.Collect$$libinit$$00000017)
    __rt_lib_init_lc_time_1                  0x0000013f   Thumb Code     0  libinit2.o(.ARM.Collect$$libinit$$00000019)
    __rt_lib_init_preinit_1                  0x0000013f   Thumb Code     0  libinit2.o(.ARM.Collect$$libinit$$00000004)
    __rt_lib_init_rand_1                     0x0000013f   Thumb Code     0  libinit2.o(.ARM.Collect$$libinit$$0000000E)
    __rt_lib_init_return                     0x0000013f   Thumb Code     0  libinit2.o(.ARM.Collect$$libinit$$00000033)
    __rt_lib_init_signal_1                   0x0000013f   Thumb Code     0  libinit2.o(.ARM.Collect$$libinit$$0000001D)
    __rt_lib_init_stdio_1                    0x0000013f   Thumb Code     0  libinit2.o(.ARM.Collect$$libinit$$00000025)
    __rt_lib_init_user_alloc_1               0x0000013f   Thumb Code     0  libinit2.o(.ARM.Collect$$libinit$$0000000C)
    __rt_lib_shutdown                        0x00000141   Thumb Code     0  libshutdown.o(.ARM.Collect$$libshutdown$$00000000)
    __rt_lib_shutdown_cpp_1                  0x00000143   Thumb Code     0  libshutdown2.o(.ARM.Collect$$libshutdown$$00000004)
    __rt_lib_shutdown_fini_1                 0x00000143   Thumb Code     0  libshutdown2.o(.ARM.Collect$$libshutdown$$00000002)
    __rt_lib_shutdown_fp_trap_1              0x00000143   Thumb Code     0  libshutdown2.o(.ARM.Collect$$libshutdown$$00000009)
    __rt_lib_shutdown_heap_1                 0x00000143   Thumb Code     0  libshutdown2.o(.ARM.Collect$$libshutdown$$00000011)
    __rt_lib_shutdown_return                 0x00000143   Thumb Code     0  libshutdown2.o(.ARM.Collect$$libshutdown$$00000012)
    __rt_lib_shutdown_signal_1               0x00000143   Thumb Code     0  libshutdown2.o(.ARM.Collect$$libshutdown$$0000000C)
    __rt_lib_shutdown_stdio_1                0x00000143   Thumb Code     0  libshutdown2.o(.ARM.Collect$$libshutdown$$00000006)
    __rt_lib_shutdown_user_alloc_1           0x00000143   Thumb Code     0  libshutdown2.o(.ARM.Collect$$libshutdown$$0000000E)
    __rt_entry                               0x00000145   Thumb Code     0  __rtentry.o(.ARM.Collect$$rtentry$$00000000)
    __rt_entry_presh_1                       0x00000145   Thumb Code     0  __rtentry2.o(.ARM.Collect$$rtentry$$00000002)
    __rt_entry_sh                            0x00000145   Thumb Code     0  __rtentry4.o(.ARM.Collect$$rtentry$$00000004)
    __rt_entry_li                            0x0000014b   Thumb Code     0  __rtentry2.o(.ARM.Collect$$rtentry$$0000000A)
    __rt_entry_postsh_1                      0x0000014b   Thumb Code     0  __rtentry2.o(.ARM.Collect$$rtentry$$00000009)
    __rt_entry_main                          0x0000014f   Thumb Code     0  __rtentry2.o(.ARM.Collect$$rtentry$$0000000D)
    __rt_entry_postli_1                      0x0000014f   Thumb Code     0  __rtentry2.o(.ARM.Collect$$rtentry$$0000000C)
    __rt_exit                                0x00000157   Thumb Code     0  rtexit.o(.ARM.Collect$$rtexit$$00000000)
    __rt_exit_ls                             0x00000159   Thumb Code     0  rtexit2.o(.ARM.Collect$$rtexit$$00000003)
    __rt_exit_prels_1                        0x00000159   Thumb Code     0  rtexit2.o(.ARM.Collect$$rtexit$$00000002)
    __rt_exit_exit                           0x0000015d   Thumb Code     0  rtexit2.o(.ARM.Collect$$rtexit$$00000004)
    __aeabi_memcpy4                          0x00000165   Thumb Code    56  rt_memcpy.o(.emb_text)
    __aeabi_memcpy8                          0x00000165   Thumb Code     0  rt_memcpy.o(.emb_text)
    Reset_Handler                            0x0000019d   Thumb Code    14  startup_lks32mc03x.o(.text)
    NMI_Handler                              0x000001ab   Thumb Code     2  startup_lks32mc03x.o(.text)
    HardFault_Handler                        0x000001ad   Thumb Code     2  startup_lks32mc03x.o(.text)
    SVC_Handler                              0x000001af   Thumb Code     2  startup_lks32mc03x.o(.text)
    PendSV_Handler                           0x000001b1   Thumb Code     2  startup_lks32mc03x.o(.text)
    __user_initial_stackheap                 0x000001b9   Thumb Code     0  startup_lks32mc03x.o(.text)
    __aeabi_llsl                             0x000001e1   Thumb Code    32  llshl.o(.text)
    _ll_shift_l                              0x000001e1   Thumb Code     0  llshl.o(.text)
    __aeabi_lmul                             0x00000201   Thumb Code    48  llmul.o(.text)
    _ll_mul                                  0x00000201   Thumb Code     0  llmul.o(.text)
    __aeabi_ldivmod                          0x00000231   Thumb Code   112  llsdiv.o(.text)
    _ll_sdiv                                 0x00000231   Thumb Code     0  llsdiv.o(.text)
    __aeabi_memcpy                           0x000002a1   Thumb Code   130  rt_memcpy.o(.text)
    __rt_memcpy                              0x000002a1   Thumb Code     0  rt_memcpy.o(.text)
    _memset_w                                0x00000323   Thumb Code    26  rt_memclr.o(.text)
    _memset                                  0x0000033d   Thumb Code    30  rt_memclr.o(.text)
    __aeabi_memclr                           0x0000035b   Thumb Code     4  rt_memclr.o(.text)
    __rt_memclr                              0x0000035b   Thumb Code     0  rt_memclr.o(.text)
    __aeabi_memclr4                          0x0000035f   Thumb Code     0  rt_memclr.o(.text)
    __aeabi_memclr8                          0x0000035f   Thumb Code     0  rt_memclr.o(.text)
    __rt_memclr_w                            0x0000035f   Thumb Code     4  rt_memclr.o(.text)
    __aeabi_uidiv                            0x00000363   Thumb Code     0  aeabi_sdiv.o(.text)
    __aeabi_uidivmod                         0x00000363   Thumb Code    20  aeabi_sdiv.o(.text)
    __aeabi_idiv                             0x00000377   Thumb Code     0  aeabi_sdiv.o(.text)
    __aeabi_idivmod                          0x00000377   Thumb Code   326  aeabi_sdiv.o(.text)
    __use_two_region_memory                  0x000004bd   Thumb Code     2  heapauxi.o(.text)
    __rt_heap_escrow$2region                 0x000004bf   Thumb Code     2  heapauxi.o(.text)
    __rt_heap_expand$2region                 0x000004c1   Thumb Code     2  heapauxi.o(.text)
    __aeabi_dadd                             0x000007bd   Thumb Code     0  daddsub.o(.text)
    _dadd                                    0x000007bd   Thumb Code    26  daddsub.o(.text)
    __aeabi_dsub                             0x000007d7   Thumb Code     0  daddsub.o(.text)
    _dsub                                    0x000007d7   Thumb Code    22  daddsub.o(.text)
    __aeabi_drsub                            0x000007ed   Thumb Code     0  daddsub.o(.text)
    _drsb                                    0x000007ed   Thumb Code    28  daddsub.o(.text)
    __aeabi_ddiv                             0x0000081d   Thumb Code     0  ddiv.o(.text)
    _ddiv                                    0x0000081d   Thumb Code  1072  ddiv.o(.text)
    _drdiv                                   0x00000c4d   Thumb Code    20  ddiv.o(.text)
    __aeabi_d2iz                             0x00000c65   Thumb Code     0  dfixi.o(.text)
    _dfix                                    0x00000c65   Thumb Code    98  dfixi.o(.text)
    __aeabi_d2uiz                            0x00000cd1   Thumb Code     0  dfixui.o(.text)
    _dfixu                                   0x00000cd1   Thumb Code    68  dfixui.o(.text)
    __aeabi_i2d_normalise                    0x00000d19   Thumb Code    66  dflti.o(.text)
    __aeabi_i2d                              0x00000d5b   Thumb Code    16  dflti.o(.text)
    _dflt                                    0x00000d5b   Thumb Code     0  dflti.o(.text)
    __aeabi_ui2d                             0x00000d6b   Thumb Code     6  dflti.o(.text)
    _dfltu                                   0x00000d6b   Thumb Code     0  dflti.o(.text)
    __aeabi_l2d_normalise                    0x00000d71   Thumb Code   104  dfltl.o(.text)
    __aeabi_l2d                              0x00000dd9   Thumb Code    20  dfltl.o(.text)
    _ll_sto_d                                0x00000dd9   Thumb Code     0  dfltl.o(.text)
    __aeabi_ul2d                             0x00000ded   Thumb Code     4  dfltl.o(.text)
    _ll_uto_d                                0x00000ded   Thumb Code     0  dfltl.o(.text)
    __aeabi_dmul                             0x00000df5   Thumb Code     0  dmul.o(.text)
    _dmul                                    0x00000df5   Thumb Code   558  dmul.o(.text)
    __ARM_scalbn                             0x0000103d   Thumb Code    84  dscalbn.o(.text)
    __aeabi_f2d                              0x0000109d   Thumb Code     0  f2d.o(.text)
    _f2d                                     0x0000109d   Thumb Code    80  f2d.o(.text)
    __aeabi_fdiv                             0x000010f1   Thumb Code     0  fdiv.o(.text)
    _fdiv                                    0x000010f1   Thumb Code   334  fdiv.o(.text)
    _frdiv                                   0x0000123f   Thumb Code     8  fdiv.o(.text)
    __aeabi_f2iz                             0x00001251   Thumb Code     0  ffixi.o(.text)
    _ffix                                    0x00001251   Thumb Code    76  ffixi.o(.text)
    __aeabi_i2f_normalise                    0x0000129d   Thumb Code    72  fflti.o(.text)
    __aeabi_i2f                              0x000012e5   Thumb Code    16  fflti.o(.text)
    _fflt                                    0x000012e5   Thumb Code     0  fflti.o(.text)
    __aeabi_ui2f                             0x000012f5   Thumb Code     6  fflti.o(.text)
    _ffltu                                   0x000012f5   Thumb Code     0  fflti.o(.text)
    __aeabi_uldivmod                         0x000012fb   Thumb Code   258  lludiv.o(.text)
    _ll_udiv                                 0x000012fb   Thumb Code     0  lludiv.o(.text)
    __user_setup_stackheap                   0x000013fd   Thumb Code    62  sys_stackheap_outer.o(.text)
    exit                                     0x0000143b   Thumb Code    16  exit.o(.text)
    __user_libspace                          0x0000144d   Thumb Code     8  libspace.o(.text)
    __user_perproc_libspace                  0x0000144d   Thumb Code     0  libspace.o(.text)
    __user_perthread_libspace                0x0000144d   Thumb Code     0  libspace.o(.text)
    _sys_exit                                0x00001455   Thumb Code     8  sys_exit.o(.text)
    __I$use$semihosting                      0x00001461   Thumb Code     0  use_no_semi.o(.text)
    __use_no_semihosting_swi                 0x00001461   Thumb Code     2  use_no_semi.o(.text)
    __semihosting_library_function           0x00001463   Thumb Code     0  indicate_semi.o(.text)
    ADC_IRQHandler                           0x00001465   Thumb Code    86  interrupt.o(i.ADC_IRQHandler)
    ADC_Init                                 0x000014dd   Thumb Code    72  lks32mc03x_adc.o(i.ADC_Init)
    ADC_NormalModeCFG                        0x00001525   Thumb Code    30  signalchain_sample.o(i.ADC_NormalModeCFG)
    ADC_NormalModeCFG1                       0x00001551   Thumb Code    12  signalchain_sample.o(i.ADC_NormalModeCFG1)
    ADC_StructInit                           0x00001565   Thumb Code    32  lks32mc03x_adc.o(i.ADC_StructInit)
    ADC_init                                 0x00001585   Thumb Code    78  hardware_init.o(i.ADC_init)
    AdcSampleCal                             0x000015e1   Thumb Code    78  foc_drive.o(i.AdcSampleCal)
    App2CoreCurTrans                         0x0000163d   Thumb Code    12  app2core.o(i.App2CoreCurTrans)
    App2CoreFreqTrans                        0x0000164d   Thumb Code    12  app2core.o(i.App2CoreFreqTrans)
    AutoFieldWeakReg                         0x0000165d   Thumb Code    94  fluxobserve.o(i.AutoFieldWeakReg)
    BrakeStateCheck                          0x000016cd   Thumb Code   104  onthefly.o(i.BrakeStateCheck)
    Button_Cycle_Process                     0x00001745   Thumb Code   270  button.o(i.Button_Cycle_Process)
    Button_Process                           0x00001855   Thumb Code    22  button.o(i.Button_Process)
    CMP_IRQHandler                           0x00001871   Thumb Code    80  interrupt.o(i.CMP_IRQHandler)
    CMP_Init                                 0x000018cd   Thumb Code   206  lks32mc03x_cmp.o(i.CMP_Init)
    CMP_StructInit                           0x000019ad   Thumb Code    62  lks32mc03x_cmp.o(i.CMP_StructInit)
    CMP_init                                 0x000019eb   Thumb Code    74  hardware_init.o(i.CMP_init)
    Calc_Atan                                0x00001a35   Thumb Code   434  lib_svpwm.o(i.Calc_Atan)
    Clock_Init                               0x00001bf5   Thumb Code    26  hardware_init.o(i.Clock_Init)
    CurrentAmplitudeCalc                     0x00001c1d   Thumb Code    94  fault_detection.o(i.CurrentAmplitudeCalc)
    CurrentLoopAxisD_Set                     0x00001c7d   Thumb Code    56  state_machine.o(i.CurrentLoopAxisD_Set)
    CurrentLoopAxisQ_Set                     0x00001cbd   Thumb Code    56  state_machine.o(i.CurrentLoopAxisQ_Set)
    CurrentLoopReg                           0x00001cfd   Thumb Code    64  foc_drive.o(i.CurrentLoopReg)
    CurrentMagCalc                           0x00001d41   Thumb Code    16  mc_math.o(i.CurrentMagCalc)
    CurrentOffsetCalibration                 0x00001d55   Thumb Code   192  system_init.o(i.CurrentOffsetCalibration)
    CurrentPIRegulator                       0x00001e31   Thumb Code    48  pid_regulators.o(i.CurrentPIRegulator)
    DAC_Init                                 0x00001e61   Thumb Code    18  hardware_init.o(i.DAC_Init)
    DMA_IRQHandler                           0x00001e73   Thumb Code     2  interrupt.o(i.DMA_IRQHandler)
    DcVoltPerUnitCalc                        0x00001e75   Thumb Code    60  fluxobserve.o(i.DcVoltPerUnitCalc)
    DcVoltPerUnitCalcInt                     0x00001ec1   Thumb Code    62  fluxobserve.o(i.DcVoltPerUnitCalcInt)
    EraseSector                              0x00001f19   Thumb Code    98  lks32mc03x_flash.o(i.EraseSector)
    EraseWriteFlash                          0x00001fa5   Thumb Code    56  user_app.o(i.EraseWriteFlash)
    FOC_InitstruParam                        0x00001fed   Thumb Code    88  foc_drive.o(i.FOC_InitstruParam)
    FOC_Model                                0x00002059   Thumb Code   150  foc_drive.o(i.FOC_Model)
    FWLoopPIReg                              0x000020f9   Thumb Code    64  fluxobserve.o(i.FWLoopPIReg)
    FaultCheck                               0x00002139   Thumb Code   132  fault_detection.o(i.FaultCheck)
    FaultCurrentCheck                        0x000021d9   Thumb Code    58  fault_detection.o(i.FaultCurrentCheck)
    FaultInit                                0x0000221d   Thumb Code   212  fault_detection.o(i.FaultInit)
    FaultPhaseCheck                          0x00002325   Thumb Code    82  fault_detection.o(i.FaultPhaseCheck)
    FaultRecover                             0x00002385   Thumb Code   124  fault_detection.o(i.FaultRecover)
    FaultRecoverInit                         0x00002411   Thumb Code    52  fault_detection.o(i.FaultRecoverInit)
    FaultStallCheck                          0x00002455   Thumb Code   434  fault_detection.o(i.FaultStallCheck)
    FaultStartCheck                          0x00002619   Thumb Code   170  fault_detection.o(i.FaultStartCheck)
    FaultVoltageCheck                        0x000026e5   Thumb Code   102  fault_detection.o(i.FaultVoltageCheck)
    FindMaxIn3                               0x00002759   Thumb Code    58  lib_ipd.o(i.FindMaxIn3)
    FindQNum                                 0x00002793   Thumb Code    28  fluxobserve.o(i.FindQNum)
    FluxObserveInit                          0x000027b1   Thumb Code    74  system_init.o(i.FluxObserveInit)
    FluxObserveParaCalc                      0x0000281d   Thumb Code  1582  fluxobserve.o(i.FluxObserveParaCalc)
    Flux_OBS_ParaInit                        0x00002e79   Thumb Code    30  fluxobserve.o(i.Flux_OBS_ParaInit)
    FunStateCharge                           0x00002ea1   Thumb Code   158  user_app.o(i.FunStateCharge)
    GPIO_IRQHandler                          0x00002f4d   Thumb Code     2  interrupt.o(i.GPIO_IRQHandler)
    GPIO_Init                                0x00002f4f   Thumb Code   116  lks32mc03x_gpio.o(i.GPIO_Init)
    GPIO_PinAFConfig                         0x00002fc5   Thumb Code   202  lks32mc03x_gpio.o(i.GPIO_PinAFConfig)
    GPIO_ReadInputDataBit                    0x00003099   Thumb Code    14  lks32mc03x_gpio.o(i.GPIO_ReadInputDataBit)
    GPIO_ResetBits                           0x000030a7   Thumb Code     4  lks32mc03x_gpio.o(i.GPIO_ResetBits)
    GPIO_SetBits                             0x000030ab   Thumb Code     4  lks32mc03x_gpio.o(i.GPIO_SetBits)
    GPIO_StructInit                          0x000030af   Thumb Code    12  lks32mc03x_gpio.o(i.GPIO_StructInit)
    GPIO_init                                0x000030bd   Thumb Code    90  hardware_init.o(i.GPIO_init)
    GetHeartNTCTemp                          0x0000311d   Thumb Code    48  user_app.o(i.GetHeartNTCTemp)
    GetVdcSpeed                              0x00003159   Thumb Code    96  user_app.o(i.GetVdcSpeed)
    HALL_IRQHandler                          0x000031d1   Thumb Code     2  interrupt.o(i.HALL_IRQHandler)
    HALL_Init                                0x000031d5   Thumb Code    76  lks32mc03x_hall.o(i.HALL_Init)
    HALL_Perip_Init                          0x00003225   Thumb Code    54  hardware_init.o(i.HALL_Perip_Init)
    HALL_StructInit                          0x00003261   Thumb Code    32  lks32mc03x_hall.o(i.HALL_StructInit)
    Hardware_init                            0x00003285   Thumb Code   154  hardware_init.o(i.Hardware_init)
    HeaterControl                            0x00003331   Thumb Code   298  heatcontrol.o(i.HeaterControl)
    HeaterControl_1ms                        0x00003481   Thumb Code   184  heatcontrol.o(i.HeaterControl_1ms)
    HeaterTemperature_Control                0x00003545   Thumb Code   214  heatcontrol.o(i.HeaterTemperature_Control)
    I2C_IRQHandler                           0x00003641   Thumb Code     2  interrupt.o(i.I2C_IRQHandler)
    IPD_AngleCalc                            0x00003645   Thumb Code   134  lib_ipd.o(i.IPD_AngleCalc)
    IPD_RotorPosEst                          0x000036dd   Thumb Code   228  lib_ipd.o(i.IPD_RotorPosEst)
    MCPWM0_IRQHandler                        0x000037dd   Thumb Code    42  interrupt.o(i.MCPWM0_IRQHandler)
    MCPWM0_RegUpdate                         0x00003811   Thumb Code    66  signalchain_sample.o(i.MCPWM0_RegUpdate)
    MCPWM1_IRQHandler                        0x00003861   Thumb Code     2  interrupt.o(i.MCPWM1_IRQHandler)
    MCPWM_Init                               0x00003865   Thumb Code   534  lks32mc03x_mcpwm.o(i.MCPWM_Init)
    MCPWM_StructInit                         0x00003a89   Thumb Code    10  lks32mc03x_mcpwm.o(i.MCPWM_StructInit)
    MCPWM_init                               0x00003a95   Thumb Code   144  hardware_init.o(i.MCPWM_init)
    MemoryRestore                            0x00003b39   Thumb Code    20  user_app.o(i.MemoryRestore)
    ModuCircle_Limitation                    0x00003b51   Thumb Code   182  fluxobserve.o(i.ModuCircle_Limitation)
    NTCResistor10                            0x00003c1d   Thumb Code   598  heatcontrol.o(i.NTCResistor10)
    NTCTempAD                                0x00003f55   Thumb Code    52  heatcontrol.o(i.NTCTempAD)
    OnTheFlyDetectInit                       0x00003f99   Thumb Code    12  fluxobserve.o(i.OnTheFlyDetectInit)
    OpenCloseAngleSwitch                     0x00003fa9   Thumb Code    54  fluxobserve.o(i.OpenCloseAngleSwitch)
    OpenLoopCurRamp                          0x00003ff5   Thumb Code    64  process_control.o(i.OpenLoopCurRamp)
    PGA_Init                                 0x00004035   Thumb Code    36  hardware_init.o(i.PGA_Init)
    PWMOutputs                               0x00004061   Thumb Code    30  lks32mc03x_mcpwm.o(i.PWMOutputs)
    PWMScan                                  0x0000408d   Thumb Code    82  speedscan.o(i.PWMScan)
    PmsmFluxObIni                            0x000040ed   Thumb Code   136  fluxobserve.o(i.PmsmFluxObIni)
    PmsmFluxObserve                          0x00004191   Thumb Code   216  fluxobserve.o(i.PmsmFluxObserve)
    PoloEstCurSample                         0x00004289   Thumb Code    88  lib_ipd.o(i.PoloEstCurSample)
    ProgramPage                              0x000042e9   Thumb Code   214  lks32mc03x_flash.o(i.ProgramPage)
    SPI_IRQHandler                           0x000043e1   Thumb Code     2  interrupt.o(i.SPI_IRQHandler)
    SVPWM_2ShuntGEN                          0x000043e5   Thumb Code   310  lib_svpwm.o(i.SVPWM_2ShuntGEN)
    SVPWM_2ShuntGetPhaseCurrent              0x00004521   Thumb Code    44  signalchain_sample.o(i.SVPWM_2ShuntGetPhaseCurrent)
    SW_IRQHandler                            0x00004551   Thumb Code     2  interrupt.o(i.SW_IRQHandler)
    SYS_AnalogModuleClockCmd                 0x00004555   Thumb Code    58  lks32mc03x_sys.o(i.SYS_AnalogModuleClockCmd)
    SYS_ModuleClockCmd                       0x00004599   Thumb Code    26  lks32mc03x_sys.o(i.SYS_ModuleClockCmd)
    SoftDelay                                0x000045bd   Thumb Code    18  task_scheduler.o(i.SoftDelay)
    SpeedLoopReg                             0x000045d1   Thumb Code    38  foc_drive.o(i.SpeedLoopReg)
    SpeedLoop_Set                            0x00004601   Thumb Code    40  state_machine.o(i.SpeedLoop_Set)
    SpeedPIRegulator                         0x00004629   Thumb Code   160  pid_regulators.o(i.SpeedPIRegulator)
    SpeedReferenceGen                        0x000046c9   Thumb Code    46  process_control.o(i.SpeedReferenceGen)
    StateAlign                               0x000046f9   Thumb Code    88  state_machine.o(i.StateAlign)
    StateCharge                              0x0000476d   Thumb Code   238  state_machine.o(i.StateCharge)
    StateDirCheckVacuum                      0x00004881   Thumb Code   106  state_machine.o(i.StateDirCheckVacuum)
    StateFault                               0x000048fd   Thumb Code    22  state_machine.o(i.StateFault)
    StateHallRun                             0x0000491d   Thumb Code    64  state_machine.o(i.StateHallRun)
    StateInit                                0x00004969   Thumb Code   536  state_machine.o(i.StateInit)
    StateOpen                                0x00004be9   Thumb Code   188  state_machine.o(i.StateOpen)
    StatePosSeek                             0x00004cd1   Thumb Code    94  state_machine.o(i.StatePosSeek)
    StateRun                                 0x00004d49   Thumb Code   450  state_machine.o(i.StateRun)
    StateStop                                0x00004f59   Thumb Code    28  state_machine.o(i.StateStop)
    SysTick_Handler                          0x00004f7d   Thumb Code     2  interrupt.o(i.SysTick_Handler)
    Sys_State_Machine                        0x00004f81   Thumb Code   254  state_machine.o(i.Sys_State_Machine)
    SystemInit                               0x000050a1   Thumb Code     8  hardware_init.o(i.SystemInit)
    TIMER0_IRQHandler                        0x000050a9   Thumb Code     8  interrupt.o(i.TIMER0_IRQHandler)
    TIMER1_IRQHandler                        0x000050b1   Thumb Code    50  interrupt.o(i.TIMER1_IRQHandler)
    TIM_TimerInit                            0x000050ed   Thumb Code   162  lks32mc03x_timer.o(i.TIM_TimerInit)
    TIM_TimerStrutInit                       0x00005199   Thumb Code    52  lks32mc03x_timer.o(i.TIM_TimerStrutInit)
    Task_Scheduler                           0x000051cd   Thumb Code   172  task_scheduler.o(i.Task_Scheduler)
    TempSensor_Init                          0x00005299   Thumb Code    18  hardware_init.o(i.TempSensor_Init)
    Trig_Functions                           0x000052b5   Thumb Code   114  mc_math.o(i.Trig_Functions)
    UART_IRQHandler                          0x0000532d   Thumb Code     2  interrupt.o(i.UART_IRQHandler)
    USER_APP_vTick05ms                       0x0000532f   Thumb Code     2  user_app.o(i.USER_APP_vTick05ms)
    USER_APP_vTick10ms                       0x00005331   Thumb Code    22  user_app.o(i.USER_APP_vTick10ms)
    USER_APP_vTick1ms                        0x00005351   Thumb Code    16  user_app.o(i.USER_APP_vTick1ms)
    USER_APP_vTick20ms                       0x00005361   Thumb Code     8  user_app.o(i.USER_APP_vTick20ms)
    USER_APP_vTick500ms                      0x00005369   Thumb Code   552  user_app.o(i.USER_APP_vTick500ms)
    USER_GPIO_Init                           0x000055a5   Thumb Code   160  user_app.o(i.USER_GPIO_Init)
    USER_Init                                0x00005649   Thumb Code    28  user_app.o(i.USER_Init)
    UTimer_init                              0x0000566d   Thumb Code    34  hardware_init.o(i.UTimer_init)
    User2AppAngleTrans                       0x00005699   Thumb Code    30  app2core.o(i.User2AppAngleTrans)
    User2AppCurTrans                         0x000056bd   Thumb Code    28  app2core.o(i.User2AppCurTrans)
    User2AppFreqTrans                        0x000056dd   Thumb Code    28  app2core.o(i.User2AppFreqTrans)
    User2AppVolTrans                         0x000056fd   Thumb Code    36  app2core.o(i.User2AppVolTrans)
    VolPulsePwmSet                           0x00005735   Thumb Code    68  lib_ipd.o(i.VolPulsePwmSet)
    WAKE_IRQHandler                          0x00005781   Thumb Code     2  interrupt.o(i.WAKE_IRQHandler)
    __ARM_common_ll_mulss                    0x00005783   Thumb Code    48  fluxobserve.o(i.__ARM_common_ll_mulss)
    __ARM_common_ll_muluu                    0x000057b3   Thumb Code    48  fluxobserve.o(i.__ARM_common_ll_muluu)
    __ARM_common_switch8                     0x000057e3   Thumb Code    26  state_machine.o(i.__ARM_common_switch8)
    main                                     0x00005859   Thumb Code    40  main.o(i.main)
    read_key_vealu_num                       0x0000588d   Thumb Code    10  user_app.o(i.read_key_vealu_num)
    soft_Trg_ADC                             0x000058a1   Thumb Code    30  lib_ipd.o(i.soft_Trg_ADC)
    sys_init                                 0x000058c9   Thumb Code    26  system_init.o(i.sys_init)
    vLoadForFlashing                         0x000058ed   Thumb Code    20  user_app.o(i.vLoadForFlashing)
    __aeabi_fmul                             0x00005905   Thumb Code     0  fmul.o(x$fpl$fmul)
    _fmul                                    0x00005905   Thumb Code   172  fmul.o(x$fpl$fmul)
    __I$use$fp                               0x000059b4   Number         0  usenofp.o(x$fpl$usenofp)
    sVersion                                 0x000059b4   Data          10  global_variable.o(.constdata)
    struFOC_ConstParam                       0x000059be   Data          16  global_variable.o(.constdata)
    struMotorParam                           0x000059d0   Data          44  global_variable.o(.constdata)
    struBoardParam                           0x000059fc   Data          36  global_variable.o(.constdata)
    HotTab                                   0x00005a20   Data        2500  heatcontrol.o(.constdata)
    hSin_Cos_Table                           0x000063e4   Data         512  mc_math.o(.constdata)
    atantab1                                 0x000065e4   Data         544  lib_svpwm.o(.constdata)
    Region$$Table$$Base                      0x000068c4   Number         0  anon$$obj.o(Region$$Table)
    Region$$Table$$Limit                     0x000068e4   Number         0  anon$$obj.o(Region$$Table)
    BrakeFlag                                0x20000000   Data           1  state_machine.o(.data)
    testspeed                                0x20000001   Data           1  state_machine.o(.data)
    g_uDirCheckStep                          0x20000002   Data           2  state_machine.o(.data)
    testmkp                                  0x20000004   Data           2  state_machine.o(.data)
    testmki                                  0x20000006   Data           2  state_machine.o(.data)
    testtkp                                  0x20000008   Data           2  state_machine.o(.data)
    testtki                                  0x2000000a   Data           2  state_machine.o(.data)
    SoftCur_Cnt                              0x2000000c   Data           2  fault_detection.o(.data)
    stru_Faults                              0x20000010   Data           2  fault_detection.o(.data)
    struImaxCurrent                          0x20000012   Data           6  fault_detection.o(.data)
    FRS_ON                                   0x20000018   Data           1  heatcontrol.o(.data)
    Ubusmaxcnt                               0x20000019   Data           1  heatcontrol.o(.data)
    Ubusmaxsumcnt                            0x2000001a   Data           1  heatcontrol.o(.data)
    Ubusmax                                  0x2000001c   Data           2  heatcontrol.o(.data)
    TempAD                                   0x2000001e   Data           2  heatcontrol.o(.data)
    Ubusmaxsum                               0x20000020   Data           4  heatcontrol.o(.data)
    NTCResistor                              0x20000024   Data           4  heatcontrol.o(.data)
    NTCR                                     0x20000028   Data           4  heatcontrol.o(.data)
    Mag_nCurr                                0x2000002c   Data           2  foc_drive.o(.data)
    watchiq                                  0x2000002e   Data           2  foc_drive.o(.data)
    TempGear                                 0x20000030   Data           1  user_app.o(.data)
    TempGearAdd                              0x20000031   Data           1  user_app.o(.data)
    TempGearOld                              0x20000032   Data           1  user_app.o(.data)
    ThrowWaveBase_Swh_Flag                   0x20000033   Data           1  user_app.o(.data)
    StallMode_Delay_Cnt                      0x20000034   Data           1  user_app.o(.data)
    TempOverFlag                             0x20000035   Data           1  user_app.o(.data)
    TempOver_nCheckCnt3                      0x20000036   Data           1  user_app.o(.data)
    WaveCnt                                  0x20000037   Data           1  user_app.o(.data)
    WaveCnt1                                 0x20000038   Data           1  user_app.o(.data)
    LEDcharge                                0x20000039   Data           1  user_app.o(.data)
    TempGear_memory                          0x2000003d   Data           1  user_app.o(.data)
    Memorymessag_eraseflg                    0x2000003e   Data           1  user_app.o(.data)
    sw_key_ad_vealu                          0x20000040   Data           2  user_app.o(.data)
    uDCfil                                   0x20000042   Data           2  user_app.o(.data)
    LEDPWMcnt1                               0x20000044   Data           2  user_app.o(.data)
    LEDPWMcnt2                               0x20000046   Data           2  user_app.o(.data)
    LEDPWMcnt3                               0x20000048   Data           2  user_app.o(.data)
    t_VdcSpdCoef                             0x20000050   Data           2  user_app.o(.data)
    AppCmdKey                                0x20000052   Data           3  user_app.o(.data)
    s32uDCfil                                0x20000058   Data           4  user_app.o(.data)
    Memorymsg                                0x2000005c   Data           4  user_app.o(.data)
    remotor_memory                           0x20000060   Data           4  user_app.o(.data)
    iTargetGear                              0x20000064   Data           1  user_app.o(.data)
    g_FluxObsMode                            0x2000006e   Data           2  fluxobserve.o(.data)
    g_FluxObsFreqSegSet                      0x20000070   Data           2  fluxobserve.o(.data)
    uPWM1msTick                              0x20000072   Data           2  fluxobserve.o(.data)
    uFreq1msM                                0x20000074   Data           2  fluxobserve.o(.data)
    AFWR_KP                                  0x20000076   Data           2  fluxobserve.o(.data)
    AFWR_KI                                  0x20000078   Data           2  fluxobserve.o(.data)
    ATWR_KP                                  0x2000007a   Data           2  fluxobserve.o(.data)
    ATWR_KI                                  0x2000007c   Data           2  fluxobserve.o(.data)
    gPmWeakId                                0x2000007e   Data           2  fluxobserve.o(.data)
    gPmWeakIq                                0x20000080   Data           2  fluxobserve.o(.data)
    s16VolOutAvg                             0x20000088   Data           2  fluxobserve.o(.data)
    afo15Sftn                                0x2000008a   Data           2  fluxobserve.o(.data)
    s16UmRohRef                              0x2000008c   Data           2  fluxobserve.o(.data)
    s16UtRohRef                              0x2000008e   Data           2  fluxobserve.o(.data)
    g_nD_CurrLoopKPL                         0x20000090   Data           2  fluxobserve.o(.data)
    g_nD_CurrLoopKIL                         0x20000092   Data           2  fluxobserve.o(.data)
    g_nQ_CurrLoopKPL                         0x20000094   Data           2  fluxobserve.o(.data)
    g_nQ_CurrLoopKIL                         0x20000096   Data           2  fluxobserve.o(.data)
    g_nD_CurrLoopKPH                         0x20000098   Data           2  fluxobserve.o(.data)
    g_nD_CurrLoopKIH                         0x2000009a   Data           2  fluxobserve.o(.data)
    g_nQ_CurrLoopKPH                         0x2000009c   Data           2  fluxobserve.o(.data)
    g_nQ_CurrLoopKIH                         0x2000009e   Data           2  fluxobserve.o(.data)
    uMrasTheta_est                           0x200000a0   Data           4  fluxobserve.o(.data)
    gThetaComp                               0x200000a4   Data           4  fluxobserve.o(.data)
    gModCoef                                 0x200000a8   Data           4  fluxobserve.o(.data)
    gBemfPerUnitGain                         0x200000b0   Data           4  fluxobserve.o(.data)
    afo15                                    0x200000b4   Data           4  fluxobserve.o(.data)
    uPmRsPu                                  0x200000b8   Data           4  fluxobserve.o(.data)
    s32VolOutAvg                             0x200000bc   Data           4  fluxobserve.o(.data)
    iMrasIdEstN_1_Fs                         0x200000c0   Data           4  fluxobserve.o(.data)
    iMrasIqEstN_1_Fs                         0x200000c4   Data           4  fluxobserve.o(.data)
    synWeObsFilt                             0x200000c8   Data           4  fluxobserve.o(.data)
    iThetaErr2                               0x200000cc   Data           4  fluxobserve.o(.data)
    g_AngleComp                              0x200000d2   Data           2  onthefly.o(.data)
    g_nMotorSynEmf                           0x200000e6   Data           2  onthefly.o(.data)
    g_nMotorSynEmfAngle                      0x200000e8   Data           2  onthefly.o(.data)
    gVolMsdA                                 0x200000ea   Data           2  onthefly.o(.data)
    gVolMsdB                                 0x200000ec   Data           2  onthefly.o(.data)
    gBemfMeas                                0x200000ee   Data           2  onthefly.o(.data)
    gFreqMsd                                 0x200000f0   Data           2  onthefly.o(.data)
    g_nMotorSynEmfFreq                       0x20000104   Data           4  onthefly.o(.data)
    struBemfVolt                             0x20000108   Data           6  onthefly.o(.data)
    struTaskScheduler                        0x20000110   Data          20  global_variable.o(.bss)
    struFOC_CtrProc                          0x20000124   Data          16  global_variable.o(.bss)
    struFOC_CurrLoop                         0x20000134   Data         236  global_variable.o(.bss)
    struFluxOB_Param                         0x20000220   Data          64  global_variable.o(.bss)
    struAppCommData                          0x20000260   Data          68  global_variable.o(.bss)
    struMotorSpeed                           0x200002a8   Data          88  global_variable.o(.bss)
    mOnTheFlyDetect                          0x20000300   Data          36  global_variable.o(.bss)
    mOpenForceRun                            0x20000324   Data          24  global_variable.o(.bss)
    struUser2App                             0x2000033c   Data          32  global_variable.o(.bss)
    struCore2App                             0x2000035c   Data          32  global_variable.o(.bss)
    struApp2Core                             0x2000037c   Data          32  global_variable.o(.bss)
    mIPD_CtrProc                             0x2000039c   Data          32  global_variable.o(.bss)
    struTime                                 0x200003bc   Data          14  state_machine.o(.bss)
    struCurrentAmplitude                     0x200003cc   Data          24  fault_detection.o(.bss)
    stru_FaultValue                          0x200003e4   Data          56  fault_detection.o(.bss)
    struFaultVoltTime                        0x2000041c   Data          12  fault_detection.o(.bss)
    struFaultEmptyTime                       0x20000428   Data          12  fault_detection.o(.bss)
    struFaultStallTime                       0x20000434   Data          12  fault_detection.o(.bss)
    struFaultCurrentTime                     0x20000440   Data          12  fault_detection.o(.bss)
    struFaultTempTime                        0x2000044c   Data          12  fault_detection.o(.bss)
    struFaultPhaseTime                       0x20000458   Data          12  fault_detection.o(.bss)
    struFaultStartTime                       0x20000464   Data          12  fault_detection.o(.bss)
    struPower                                0x20000470   Data         112  powercalculation.o(.bss)
    struPWMTime                              0x200004e0   Data          32  speedscan.o(.bss)
    FRSControl                               0x20000500   Data          88  heatcontrol.o(.bss)
    powerfreqcmd                             0x20000558   Data          12  user_app.o(.bss)
    UserSys                                  0x20000564   Data          22  user_app.o(.bss)
    struFluxOB_Var                           0x2000057c   Data          32  fluxobserve.o(.bss)
    m_FluxOBSPara                            0x2000059c   Data          56  fluxobserve.o(.bss)
    AEMFRM                                   0x200005d4   Data          28  fluxobserve.o(.bss)
    AEMFRT                                   0x200005f0   Data          28  fluxobserve.o(.bss)
    AFWR                                     0x2000060c   Data          20  fluxobserve.o(.bss)
    ATWR                                     0x20000620   Data          20  fluxobserve.o(.bss)
    __libspace_start                         0x20000634   Data          96  libspace.o(.bss)
    __temporary_stack_top$libspace           0x20000694   Data           0  libspace.o(.bss)



==============================================================================

Memory Map of the image

  Image Entry point : 0x000000c1

  Load Region LR_IROM1 (Base: 0x00000000, Size: 0x000069f4, Max: 0x00008000, ABSOLUTE)

    Execution Region ER_IROM1 (Exec base: 0x00000000, Load base: 0x00000000, Size: 0x000068e4, Max: 0x00008000, ABSOLUTE)

    Exec Addr    Load Addr    Size         Type   Attr      Idx    E Section Name        Object

    0x00000000   0x00000000   0x000000c0   Data   RO         2278    RESET               startup_lks32mc03x.o
    0x000000c0   0x000000c0   0x00000008   Code   RO         2957  * !!!main             c_p.l(__main.o)
    0x000000c8   0x000000c8   0x0000003c   Code   RO         3165    !!!scatter          c_p.l(__scatter.o)
    0x00000104   0x00000104   0x0000001a   Code   RO         3167    !!handler_copy      c_p.l(__scatter_copy.o)
    0x0000011e   0x0000011e   0x00000002   PAD
    0x00000120   0x00000120   0x0000001c   Code   RO         3169    !!handler_zi        c_p.l(__scatter_zi.o)
    0x0000013c   0x0000013c   0x00000002   Code   RO         3032    .ARM.Collect$$libinit$$00000000  c_p.l(libinit.o)
    0x0000013e   0x0000013e   0x00000000   Code   RO         3046    .ARM.Collect$$libinit$$00000002  c_p.l(libinit2.o)
    0x0000013e   0x0000013e   0x00000000   Code   RO         3048    .ARM.Collect$$libinit$$00000004  c_p.l(libinit2.o)
    0x0000013e   0x0000013e   0x00000000   Code   RO         3051    .ARM.Collect$$libinit$$0000000A  c_p.l(libinit2.o)
    0x0000013e   0x0000013e   0x00000000   Code   RO         3053    .ARM.Collect$$libinit$$0000000C  c_p.l(libinit2.o)
    0x0000013e   0x0000013e   0x00000000   Code   RO         3055    .ARM.Collect$$libinit$$0000000E  c_p.l(libinit2.o)
    0x0000013e   0x0000013e   0x00000000   Code   RO         3058    .ARM.Collect$$libinit$$00000011  c_p.l(libinit2.o)
    0x0000013e   0x0000013e   0x00000000   Code   RO         3060    .ARM.Collect$$libinit$$00000013  c_p.l(libinit2.o)
    0x0000013e   0x0000013e   0x00000000   Code   RO         3062    .ARM.Collect$$libinit$$00000015  c_p.l(libinit2.o)
    0x0000013e   0x0000013e   0x00000000   Code   RO         3064    .ARM.Collect$$libinit$$00000017  c_p.l(libinit2.o)
    0x0000013e   0x0000013e   0x00000000   Code   RO         3066    .ARM.Collect$$libinit$$00000019  c_p.l(libinit2.o)
    0x0000013e   0x0000013e   0x00000000   Code   RO         3068    .ARM.Collect$$libinit$$0000001B  c_p.l(libinit2.o)
    0x0000013e   0x0000013e   0x00000000   Code   RO         3070    .ARM.Collect$$libinit$$0000001D  c_p.l(libinit2.o)
    0x0000013e   0x0000013e   0x00000000   Code   RO         3072    .ARM.Collect$$libinit$$0000001F  c_p.l(libinit2.o)
    0x0000013e   0x0000013e   0x00000000   Code   RO         3074    .ARM.Collect$$libinit$$00000021  c_p.l(libinit2.o)
    0x0000013e   0x0000013e   0x00000000   Code   RO         3076    .ARM.Collect$$libinit$$00000023  c_p.l(libinit2.o)
    0x0000013e   0x0000013e   0x00000000   Code   RO         3078    .ARM.Collect$$libinit$$00000025  c_p.l(libinit2.o)
    0x0000013e   0x0000013e   0x00000000   Code   RO         3082    .ARM.Collect$$libinit$$0000002C  c_p.l(libinit2.o)
    0x0000013e   0x0000013e   0x00000000   Code   RO         3084    .ARM.Collect$$libinit$$0000002E  c_p.l(libinit2.o)
    0x0000013e   0x0000013e   0x00000000   Code   RO         3086    .ARM.Collect$$libinit$$00000030  c_p.l(libinit2.o)
    0x0000013e   0x0000013e   0x00000000   Code   RO         3088    .ARM.Collect$$libinit$$00000032  c_p.l(libinit2.o)
    0x0000013e   0x0000013e   0x00000002   Code   RO         3089    .ARM.Collect$$libinit$$00000033  c_p.l(libinit2.o)
    0x00000140   0x00000140   0x00000002   Code   RO         3120    .ARM.Collect$$libshutdown$$00000000  c_p.l(libshutdown.o)
    0x00000142   0x00000142   0x00000000   Code   RO         3146    .ARM.Collect$$libshutdown$$00000002  c_p.l(libshutdown2.o)
    0x00000142   0x00000142   0x00000000   Code   RO         3148    .ARM.Collect$$libshutdown$$00000004  c_p.l(libshutdown2.o)
    0x00000142   0x00000142   0x00000000   Code   RO         3150    .ARM.Collect$$libshutdown$$00000006  c_p.l(libshutdown2.o)
    0x00000142   0x00000142   0x00000000   Code   RO         3153    .ARM.Collect$$libshutdown$$00000009  c_p.l(libshutdown2.o)
    0x00000142   0x00000142   0x00000000   Code   RO         3156    .ARM.Collect$$libshutdown$$0000000C  c_p.l(libshutdown2.o)
    0x00000142   0x00000142   0x00000000   Code   RO         3158    .ARM.Collect$$libshutdown$$0000000E  c_p.l(libshutdown2.o)
    0x00000142   0x00000142   0x00000000   Code   RO         3161    .ARM.Collect$$libshutdown$$00000011  c_p.l(libshutdown2.o)
    0x00000142   0x00000142   0x00000002   Code   RO         3162    .ARM.Collect$$libshutdown$$00000012  c_p.l(libshutdown2.o)
    0x00000144   0x00000144   0x00000000   Code   RO         2989    .ARM.Collect$$rtentry$$00000000  c_p.l(__rtentry.o)
    0x00000144   0x00000144   0x00000000   Code   RO         2998    .ARM.Collect$$rtentry$$00000002  c_p.l(__rtentry2.o)
    0x00000144   0x00000144   0x00000006   Code   RO         3010    .ARM.Collect$$rtentry$$00000004  c_p.l(__rtentry4.o)
    0x0000014a   0x0000014a   0x00000000   Code   RO         3000    .ARM.Collect$$rtentry$$00000009  c_p.l(__rtentry2.o)
    0x0000014a   0x0000014a   0x00000004   Code   RO         3001    .ARM.Collect$$rtentry$$0000000A  c_p.l(__rtentry2.o)
    0x0000014e   0x0000014e   0x00000000   Code   RO         3003    .ARM.Collect$$rtentry$$0000000C  c_p.l(__rtentry2.o)
    0x0000014e   0x0000014e   0x00000008   Code   RO         3004    .ARM.Collect$$rtentry$$0000000D  c_p.l(__rtentry2.o)
    0x00000156   0x00000156   0x00000002   Code   RO         3037    .ARM.Collect$$rtexit$$00000000  c_p.l(rtexit.o)
    0x00000158   0x00000158   0x00000000   Code   RO         3093    .ARM.Collect$$rtexit$$00000002  c_p.l(rtexit2.o)
    0x00000158   0x00000158   0x00000004   Code   RO         3094    .ARM.Collect$$rtexit$$00000003  c_p.l(rtexit2.o)
    0x0000015c   0x0000015c   0x00000006   Code   RO         3095    .ARM.Collect$$rtexit$$00000004  c_p.l(rtexit2.o)
    0x00000162   0x00000162   0x00000002   PAD
    0x00000164   0x00000164   0x00000038   Code   RO         2945    .emb_text           c_p.l(rt_memcpy.o)
    0x0000019c   0x0000019c   0x00000044   Code   RO         2279    .text               startup_lks32mc03x.o
    0x000001e0   0x000001e0   0x00000020   Code   RO         2933    .text               c_p.l(llshl.o)
    0x00000200   0x00000200   0x00000030   Code   RO         2937    .text               c_p.l(llmul.o)
    0x00000230   0x00000230   0x00000070   Code   RO         2939    .text               c_p.l(llsdiv.o)
    0x000002a0   0x000002a0   0x00000082   Code   RO         2946    .text               c_p.l(rt_memcpy.o)
    0x00000322   0x00000322   0x00000040   Code   RO         2949    .text               c_p.l(rt_memclr.o)
    0x00000362   0x00000362   0x0000015a   Code   RO         2951    .text               c_p.l(aeabi_sdiv.o)
    0x000004bc   0x000004bc   0x00000006   Code   RO         2955    .text               c_p.l(heapauxi.o)
    0x000004c2   0x000004c2   0x00000002   PAD
    0x000004c4   0x000004c4   0x00000358   Code   RO         2961    .text               fz_ps.l(daddsub.o)
    0x0000081c   0x0000081c   0x00000448   Code   RO         2963    .text               fz_ps.l(ddiv.o)
    0x00000c64   0x00000c64   0x0000006c   Code   RO         2966    .text               fz_ps.l(dfixi.o)
    0x00000cd0   0x00000cd0   0x00000048   Code   RO         2968    .text               fz_ps.l(dfixui.o)
    0x00000d18   0x00000d18   0x00000058   Code   RO         2970    .text               fz_ps.l(dflti.o)
    0x00000d70   0x00000d70   0x00000084   Code   RO         2972    .text               fz_ps.l(dfltl.o)
    0x00000df4   0x00000df4   0x00000248   Code   RO         2974    .text               fz_ps.l(dmul.o)
    0x0000103c   0x0000103c   0x00000060   Code   RO         2976    .text               fz_ps.l(dscalbn.o)
    0x0000109c   0x0000109c   0x00000054   Code   RO         2978    .text               fz_ps.l(f2d.o)
    0x000010f0   0x000010f0   0x00000160   Code   RO         2980    .text               fz_ps.l(fdiv.o)
    0x00001250   0x00001250   0x0000004c   Code   RO         2983    .text               fz_ps.l(ffixi.o)
    0x0000129c   0x0000129c   0x0000005e   Code   RO         2985    .text               fz_ps.l(fflti.o)
    0x000012fa   0x000012fa   0x00000102   Code   RO         2994    .text               c_p.l(lludiv.o)
    0x000013fc   0x000013fc   0x0000003e   Code   RO         3018    .text               c_p.l(sys_stackheap_outer.o)
    0x0000143a   0x0000143a   0x00000010   Code   RO         3021    .text               c_p.l(exit.o)
    0x0000144a   0x0000144a   0x00000002   PAD
    0x0000144c   0x0000144c   0x00000008   Code   RO         3033    .text               c_p.l(libspace.o)
    0x00001454   0x00001454   0x0000000c   Code   RO         3090    .text               c_p.l(sys_exit.o)
    0x00001460   0x00001460   0x00000002   Code   RO         3109    .text               c_p.l(use_no_semi.o)
    0x00001462   0x00001462   0x00000000   Code   RO         3111    .text               c_p.l(indicate_semi.o)
    0x00001462   0x00001462   0x00000002   PAD
    0x00001464   0x00001464   0x00000078   Code   RO          285    i.ADC_IRQHandler    interrupt.o
    0x000014dc   0x000014dc   0x00000048   Code   RO         1631    i.ADC_Init          lks32mc03x_adc.o
    0x00001524   0x00001524   0x0000002c   Code   RO         1251    i.ADC_NormalModeCFG  signalchain_sample.o
    0x00001550   0x00001550   0x00000014   Code   RO         1252    i.ADC_NormalModeCFG1  signalchain_sample.o
    0x00001564   0x00001564   0x00000020   Code   RO         1632    i.ADC_StructInit    lks32mc03x_adc.o
    0x00001584   0x00001584   0x0000005c   Code   RO          158    i.ADC_init          hardware_init.o
    0x000015e0   0x000015e0   0x0000005c   Code   RO         1181    i.AdcSampleCal      foc_drive.o
    0x0000163c   0x0000163c   0x00000010   Code   RO         1084    i.App2CoreCurTrans  app2core.o
    0x0000164c   0x0000164c   0x00000010   Code   RO         1085    i.App2CoreFreqTrans  app2core.o
    0x0000165c   0x0000165c   0x00000070   Code   RO         2644    i.AutoFieldWeakReg  LKS03x_FluxOBS_V2p16cs3.lib(fluxobserve.o)
    0x000016cc   0x000016cc   0x00000078   Code   RO         2789    i.BrakeStateCheck   LKS03x_FluxOBS_V2p16cs3.lib(onthefly.o)
    0x00001744   0x00001744   0x0000010e   Code   RO         2449    i.Button_Cycle_Process  button.o
    0x00001852   0x00001852   0x00000002   PAD
    0x00001854   0x00001854   0x0000001c   Code   RO         2451    i.Button_Process    button.o
    0x00001870   0x00001870   0x0000005c   Code   RO          286    i.CMP_IRQHandler    interrupt.o
    0x000018cc   0x000018cc   0x000000e0   Code   RO         1669    i.CMP_Init          lks32mc03x_cmp.o
    0x000019ac   0x000019ac   0x0000003e   Code   RO         1670    i.CMP_StructInit    lks32mc03x_cmp.o
    0x000019ea   0x000019ea   0x0000004a   Code   RO          159    i.CMP_init          hardware_init.o
    0x00001a34   0x00001a34   0x000001c0   Code   RO         2514    i.Calc_Atan         LKS03x_FluxOBS_V2p16cs3.lib(lib_svpwm.o)
    0x00001bf4   0x00001bf4   0x00000028   Code   RO          160    i.Clock_Init        hardware_init.o
    0x00001c1c   0x00001c1c   0x0000005e   Code   RO          675    i.CurrentAmplitudeCalc  fault_detection.o
    0x00001c7a   0x00001c7a   0x00000002   PAD
    0x00001c7c   0x00001c7c   0x00000040   Code   RO          530    i.CurrentLoopAxisD_Set  state_machine.o
    0x00001cbc   0x00001cbc   0x00000040   Code   RO          531    i.CurrentLoopAxisQ_Set  state_machine.o
    0x00001cfc   0x00001cfc   0x00000044   Code   RO         1182    i.CurrentLoopReg    foc_drive.o
    0x00001d40   0x00001d40   0x00000014   Code   RO         1046    i.CurrentMagCalc    mc_math.o
    0x00001d54   0x00001d54   0x000000dc   Code   RO          451    i.CurrentOffsetCalibration  system_init.o
    0x00001e30   0x00001e30   0x00000030   Code   RO         1287    i.CurrentPIRegulator  pid_regulators.o
    0x00001e60   0x00001e60   0x00000012   Code   RO          161    i.DAC_Init          hardware_init.o
    0x00001e72   0x00001e72   0x00000002   Code   RO          287    i.DMA_IRQHandler    interrupt.o
    0x00001e74   0x00001e74   0x0000004c   Code   RO         2645    i.DcVoltPerUnitCalc  LKS03x_FluxOBS_V2p16cs3.lib(fluxobserve.o)
    0x00001ec0   0x00001ec0   0x00000058   Code   RO         2646    i.DcVoltPerUnitCalcInt  LKS03x_FluxOBS_V2p16cs3.lib(fluxobserve.o)
    0x00001f18   0x00001f18   0x0000008c   Code   RO         1739    i.EraseSector       lks32mc03x_flash.o
    0x00001fa4   0x00001fa4   0x00000048   Code   RO         2285    i.EraseWriteFlash   user_app.o
    0x00001fec   0x00001fec   0x0000006c   Code   RO         1183    i.FOC_InitstruParam  foc_drive.o
    0x00002058   0x00002058   0x000000a0   Code   RO         1184    i.FOC_Model         foc_drive.o
    0x000020f8   0x000020f8   0x00000040   Code   RO         2647    i.FWLoopPIReg       LKS03x_FluxOBS_V2p16cs3.lib(fluxobserve.o)
    0x00002138   0x00002138   0x000000a0   Code   RO          677    i.FaultCheck        fault_detection.o
    0x000021d8   0x000021d8   0x00000044   Code   RO          678    i.FaultCurrentCheck  fault_detection.o
    0x0000221c   0x0000221c   0x00000108   Code   RO          680    i.FaultInit         fault_detection.o
    0x00002324   0x00002324   0x00000060   Code   RO          681    i.FaultPhaseCheck   fault_detection.o
    0x00002384   0x00002384   0x0000008c   Code   RO          682    i.FaultRecover      fault_detection.o
    0x00002410   0x00002410   0x00000044   Code   RO          683    i.FaultRecoverInit  fault_detection.o
    0x00002454   0x00002454   0x000001c4   Code   RO          684    i.FaultStallCheck   fault_detection.o
    0x00002618   0x00002618   0x000000cc   Code   RO          685    i.FaultStartCheck   fault_detection.o
    0x000026e4   0x000026e4   0x00000074   Code   RO          687    i.FaultVoltageCheck  fault_detection.o
    0x00002758   0x00002758   0x0000003a   Code   RO         2746    i.FindMaxIn3        LKS03x_FluxOBS_V2p16cs3.lib(lib_ipd.o)
    0x00002792   0x00002792   0x0000001c   Code   RO         2648    i.FindQNum          LKS03x_FluxOBS_V2p16cs3.lib(fluxobserve.o)
    0x000027ae   0x000027ae   0x00000002   PAD
    0x000027b0   0x000027b0   0x0000006c   Code   RO          452    i.FluxObserveInit   system_init.o
    0x0000281c   0x0000281c   0x0000065c   Code   RO         2649    i.FluxObserveParaCalc  LKS03x_FluxOBS_V2p16cs3.lib(fluxobserve.o)
    0x00002e78   0x00002e78   0x00000028   Code   RO         2650    i.Flux_OBS_ParaInit  LKS03x_FluxOBS_V2p16cs3.lib(fluxobserve.o)
    0x00002ea0   0x00002ea0   0x000000ac   Code   RO         2286    i.FunStateCharge    user_app.o
    0x00002f4c   0x00002f4c   0x00000002   Code   RO          290    i.GPIO_IRQHandler   interrupt.o
    0x00002f4e   0x00002f4e   0x00000074   Code   RO         1814    i.GPIO_Init         lks32mc03x_gpio.o
    0x00002fc2   0x00002fc2   0x00000002   PAD
    0x00002fc4   0x00002fc4   0x000000d4   Code   RO         1815    i.GPIO_PinAFConfig  lks32mc03x_gpio.o
    0x00003098   0x00003098   0x0000000e   Code   RO         1817    i.GPIO_ReadInputDataBit  lks32mc03x_gpio.o
    0x000030a6   0x000030a6   0x00000004   Code   RO         1820    i.GPIO_ResetBits    lks32mc03x_gpio.o
    0x000030aa   0x000030aa   0x00000004   Code   RO         1821    i.GPIO_SetBits      lks32mc03x_gpio.o
    0x000030ae   0x000030ae   0x0000000c   Code   RO         1822    i.GPIO_StructInit   lks32mc03x_gpio.o
    0x000030ba   0x000030ba   0x00000002   PAD
    0x000030bc   0x000030bc   0x00000060   Code   RO          163    i.GPIO_init         hardware_init.o
    0x0000311c   0x0000311c   0x0000003c   Code   RO         2287    i.GetHeartNTCTemp   user_app.o
    0x00003158   0x00003158   0x00000078   Code   RO         2288    i.GetVdcSpeed       user_app.o
    0x000031d0   0x000031d0   0x00000002   Code   RO          291    i.HALL_IRQHandler   interrupt.o
    0x000031d2   0x000031d2   0x00000002   PAD
    0x000031d4   0x000031d4   0x00000050   Code   RO         1903    i.HALL_Init         lks32mc03x_hall.o
    0x00003224   0x00003224   0x0000003c   Code   RO          164    i.HALL_Perip_Init   hardware_init.o
    0x00003260   0x00003260   0x00000024   Code   RO         1906    i.HALL_StructInit   lks32mc03x_hall.o
    0x00003284   0x00003284   0x000000ac   Code   RO          165    i.Hardware_init     hardware_init.o
    0x00003330   0x00003330   0x00000150   Code   RO          963    i.HeaterControl     heatcontrol.o
    0x00003480   0x00003480   0x000000c4   Code   RO          964    i.HeaterControl_1ms  heatcontrol.o
    0x00003544   0x00003544   0x000000fc   Code   RO          965    i.HeaterTemperature_Control  heatcontrol.o
    0x00003640   0x00003640   0x00000002   Code   RO          292    i.I2C_IRQHandler    interrupt.o
    0x00003642   0x00003642   0x00000002   PAD
    0x00003644   0x00003644   0x00000098   Code   RO         2747    i.IPD_AngleCalc     LKS03x_FluxOBS_V2p16cs3.lib(lib_ipd.o)
    0x000036dc   0x000036dc   0x00000100   Code   RO         2748    i.IPD_RotorPosEst   LKS03x_FluxOBS_V2p16cs3.lib(lib_ipd.o)
    0x000037dc   0x000037dc   0x00000034   Code   RO          293    i.MCPWM0_IRQHandler  interrupt.o
    0x00003810   0x00003810   0x00000050   Code   RO         1253    i.MCPWM0_RegUpdate  signalchain_sample.o
    0x00003860   0x00003860   0x00000002   Code   RO          294    i.MCPWM1_IRQHandler  interrupt.o
    0x00003862   0x00003862   0x00000002   PAD
    0x00003864   0x00003864   0x00000224   Code   RO         2046    i.MCPWM_Init        lks32mc03x_mcpwm.o
    0x00003a88   0x00003a88   0x0000000a   Code   RO         2047    i.MCPWM_StructInit  lks32mc03x_mcpwm.o
    0x00003a92   0x00003a92   0x00000002   PAD
    0x00003a94   0x00003a94   0x000000a4   Code   RO          166    i.MCPWM_init        hardware_init.o
    0x00003b38   0x00003b38   0x00000018   Code   RO         2290    i.MemoryRestore     user_app.o
    0x00003b50   0x00003b50   0x000000cc   Code   RO         2651    i.ModuCircle_Limitation  LKS03x_FluxOBS_V2p16cs3.lib(fluxobserve.o)
    0x00003c1c   0x00003c1c   0x00000338   Code   RO          966    i.NTCResistor10     heatcontrol.o
    0x00003f54   0x00003f54   0x00000044   Code   RO          967    i.NTCTempAD         heatcontrol.o
    0x00003f98   0x00003f98   0x00000010   Code   RO         2652    i.OnTheFlyDetectInit  LKS03x_FluxOBS_V2p16cs3.lib(fluxobserve.o)
    0x00003fa8   0x00003fa8   0x0000004c   Code   RO         2653    i.OpenCloseAngleSwitch  LKS03x_FluxOBS_V2p16cs3.lib(fluxobserve.o)
    0x00003ff4   0x00003ff4   0x00000040   Code   RO          784    i.OpenLoopCurRamp   process_control.o
    0x00004034   0x00004034   0x0000002c   Code   RO          167    i.PGA_Init          hardware_init.o
    0x00004060   0x00004060   0x0000002c   Code   RO         2048    i.PWMOutputs        lks32mc03x_mcpwm.o
    0x0000408c   0x0000408c   0x00000060   Code   RO          899    i.PWMScan           speedscan.o
    0x000040ec   0x000040ec   0x000000a4   Code   RO         2654    i.PmsmFluxObIni     LKS03x_FluxOBS_V2p16cs3.lib(fluxobserve.o)
    0x00004190   0x00004190   0x000000f8   Code   RO         2655    i.PmsmFluxObserve   LKS03x_FluxOBS_V2p16cs3.lib(fluxobserve.o)
    0x00004288   0x00004288   0x00000060   Code   RO         2749    i.PoloEstCurSample  LKS03x_FluxOBS_V2p16cs3.lib(lib_ipd.o)
    0x000042e8   0x000042e8   0x000000f8   Code   RO         1744    i.ProgramPage       lks32mc03x_flash.o
    0x000043e0   0x000043e0   0x00000002   Code   RO          295    i.SPI_IRQHandler    interrupt.o
    0x000043e2   0x000043e2   0x00000002   PAD
    0x000043e4   0x000043e4   0x0000013c   Code   RO         2516    i.SVPWM_2ShuntGEN   LKS03x_FluxOBS_V2p16cs3.lib(lib_svpwm.o)
    0x00004520   0x00004520   0x00000030   Code   RO         1254    i.SVPWM_2ShuntGetPhaseCurrent  signalchain_sample.o
    0x00004550   0x00004550   0x00000002   Code   RO          296    i.SW_IRQHandler     interrupt.o
    0x00004552   0x00004552   0x00000002   PAD
    0x00004554   0x00004554   0x00000044   Code   RO         2140    i.SYS_AnalogModuleClockCmd  lks32mc03x_sys.o
    0x00004598   0x00004598   0x00000024   Code   RO         2144    i.SYS_ModuleClockCmd  lks32mc03x_sys.o
    0x000045bc   0x000045bc   0x00000012   Code   RO          491    i.SoftDelay         task_scheduler.o
    0x000045ce   0x000045ce   0x00000002   PAD
    0x000045d0   0x000045d0   0x00000030   Code   RO         1185    i.SpeedLoopReg      foc_drive.o
    0x00004600   0x00004600   0x00000028   Code   RO          533    i.SpeedLoop_Set     state_machine.o
    0x00004628   0x00004628   0x000000a0   Code   RO         1289    i.SpeedPIRegulator  pid_regulators.o
    0x000046c8   0x000046c8   0x0000002e   Code   RO          786    i.SpeedReferenceGen  process_control.o
    0x000046f6   0x000046f6   0x00000002   PAD
    0x000046f8   0x000046f8   0x00000074   Code   RO          534    i.StateAlign        state_machine.o
    0x0000476c   0x0000476c   0x00000114   Code   RO          535    i.StateCharge       state_machine.o
    0x00004880   0x00004880   0x0000007c   Code   RO          537    i.StateDirCheckVacuum  state_machine.o
    0x000048fc   0x000048fc   0x00000020   Code   RO          538    i.StateFault        state_machine.o
    0x0000491c   0x0000491c   0x0000004c   Code   RO          539    i.StateHallRun      state_machine.o
    0x00004968   0x00004968   0x00000280   Code   RO          540    i.StateInit         state_machine.o
    0x00004be8   0x00004be8   0x000000e8   Code   RO          541    i.StateOpen         state_machine.o
    0x00004cd0   0x00004cd0   0x00000078   Code   RO          542    i.StatePosSeek      state_machine.o
    0x00004d48   0x00004d48   0x00000210   Code   RO          543    i.StateRun          state_machine.o
    0x00004f58   0x00004f58   0x00000024   Code   RO          544    i.StateStop         state_machine.o
    0x00004f7c   0x00004f7c   0x00000002   Code   RO          298    i.SysTick_Handler   interrupt.o
    0x00004f7e   0x00004f7e   0x00000002   PAD
    0x00004f80   0x00004f80   0x00000120   Code   RO          545    i.Sys_State_Machine  state_machine.o
    0x000050a0   0x000050a0   0x00000008   Code   RO          168    i.SystemInit        hardware_init.o
    0x000050a8   0x000050a8   0x00000008   Code   RO          299    i.TIMER0_IRQHandler  interrupt.o
    0x000050b0   0x000050b0   0x0000003c   Code   RO          300    i.TIMER1_IRQHandler  interrupt.o
    0x000050ec   0x000050ec   0x000000ac   Code   RO         2196    i.TIM_TimerInit     lks32mc03x_timer.o
    0x00005198   0x00005198   0x00000034   Code   RO         2197    i.TIM_TimerStrutInit  lks32mc03x_timer.o
    0x000051cc   0x000051cc   0x000000cc   Code   RO          492    i.Task_Scheduler    task_scheduler.o
    0x00005298   0x00005298   0x0000001c   Code   RO          169    i.TempSensor_Init   hardware_init.o
    0x000052b4   0x000052b4   0x00000078   Code   RO         1047    i.Trig_Functions    mc_math.o
    0x0000532c   0x0000532c   0x00000002   Code   RO          302    i.UART_IRQHandler   interrupt.o
    0x0000532e   0x0000532e   0x00000002   Code   RO         2295    i.USER_APP_vTick05ms  user_app.o
    0x00005330   0x00005330   0x00000020   Code   RO         2296    i.USER_APP_vTick10ms  user_app.o
    0x00005350   0x00005350   0x00000010   Code   RO         2297    i.USER_APP_vTick1ms  user_app.o
    0x00005360   0x00005360   0x00000008   Code   RO         2298    i.USER_APP_vTick20ms  user_app.o
    0x00005368   0x00005368   0x0000023c   Code   RO         2299    i.USER_APP_vTick500ms  user_app.o
    0x000055a4   0x000055a4   0x000000a4   Code   RO         2300    i.USER_GPIO_Init    user_app.o
    0x00005648   0x00005648   0x00000024   Code   RO         2301    i.USER_Init         user_app.o
    0x0000566c   0x0000566c   0x0000002c   Code   RO          172    i.UTimer_init       hardware_init.o
    0x00005698   0x00005698   0x00000024   Code   RO         1093    i.User2AppAngleTrans  app2core.o
    0x000056bc   0x000056bc   0x00000020   Code   RO         1094    i.User2AppCurTrans  app2core.o
    0x000056dc   0x000056dc   0x00000020   Code   RO         1095    i.User2AppFreqTrans  app2core.o
    0x000056fc   0x000056fc   0x00000038   Code   RO         1096    i.User2AppVolTrans  app2core.o
    0x00005734   0x00005734   0x0000004c   Code   RO         2750    i.VolPulsePwmSet    LKS03x_FluxOBS_V2p16cs3.lib(lib_ipd.o)
    0x00005780   0x00005780   0x00000002   Code   RO          303    i.WAKE_IRQHandler   interrupt.o
    0x00005782   0x00005782   0x00000030   Code   RO         2740    i.__ARM_common_ll_mulss  LKS03x_FluxOBS_V2p16cs3.lib(fluxobserve.o)
    0x000057b2   0x000057b2   0x00000030   Code   RO         2738    i.__ARM_common_ll_muluu  LKS03x_FluxOBS_V2p16cs3.lib(fluxobserve.o)
    0x000057e2   0x000057e2   0x0000001a   Code   RO          641    i.__ARM_common_switch8  state_machine.o
    0x000057fc   0x000057fc   0x00000018   Code   RO          173    i.__NVIC_EnableIRQ  hardware_init.o
    0x00005814   0x00005814   0x00000044   Code   RO          174    i.__NVIC_SetPriority  hardware_init.o
    0x00005858   0x00005858   0x00000034   Code   RO         1024    i.main              main.o
    0x0000588c   0x0000588c   0x00000014   Code   RO         2302    i.read_key_vealu_num  user_app.o
    0x000058a0   0x000058a0   0x00000028   Code   RO         2751    i.soft_Trg_ADC      LKS03x_FluxOBS_V2p16cs3.lib(lib_ipd.o)
    0x000058c8   0x000058c8   0x00000024   Code   RO          453    i.sys_init          system_init.o
    0x000058ec   0x000058ec   0x00000018   Code   RO         2303    i.vLoadForFlashing  user_app.o
    0x00005904   0x00005904   0x000000b0   Code   RO         2987    x$fpl$fmul          fz_ps.l(fmul.o)
    0x000059b4   0x000059b4   0x00000000   Code   RO         2996    x$fpl$usenofp       fz_ps.l(usenofp.o)
    0x000059b4   0x000059b4   0x0000000a   Data   RO           17    .constdata          global_variable.o
    0x000059be   0x000059be   0x00000010   Data   RO           18    .constdata          global_variable.o
    0x000059ce   0x000059ce   0x00000002   PAD
    0x000059d0   0x000059d0   0x0000002c   Data   RO           19    .constdata          global_variable.o
    0x000059fc   0x000059fc   0x00000024   Data   RO           20    .constdata          global_variable.o
    0x00005a20   0x00005a20   0x000009c4   Data   RO          969    .constdata          heatcontrol.o
    0x000063e4   0x000063e4   0x00000200   Data   RO         1048    .constdata          mc_math.o
    0x000065e4   0x000065e4   0x00000220   Data   RO         2520    .constdata          LKS03x_FluxOBS_V2p16cs3.lib(lib_svpwm.o)
    0x00006804   0x00006804   0x00000080   Data   RO         2964    .constdata          fz_ps.l(ddiv.o)
    0x00006884   0x00006884   0x00000040   Data   RO         2981    .constdata          fz_ps.l(fdiv.o)
    0x000068c4   0x000068c4   0x00000020   Data   RO         3163    Region$$Table       anon$$obj.o


    Execution Region RW_IRAM1 (Exec base: 0x20000000, Load base: 0x000068e4, Size: 0x00000c98, Max: 0x00001000, ABSOLUTE)

    Exec Addr    Load Addr    Size         Type   Attr      Idx    E Section Name        Object

    0x20000000   0x000068e4   0x0000000c   Data   RW          547    .data               state_machine.o
    0x2000000c   0x000068f0   0x0000000c   Data   RW          690    .data               fault_detection.o
    0x20000018   0x000068fc   0x00000014   Data   RW          970    .data               heatcontrol.o
    0x2000002c   0x00006910   0x00000004   Data   RW         1187    .data               foc_drive.o
    0x20000030   0x00006914   0x00000034   Data   RW         2308    .data               user_app.o
    0x20000064   0x00006948   0x00000001   Data   RW         2309    .data               user_app.o
    0x20000065   0x00006949   0x00000003   PAD
    0x20000068   0x0000694c   0x00000004   Data   RW         2457    .data               button.o
    0x2000006c   0x00006950   0x00000064   Data   RW         2657    .data               LKS03x_FluxOBS_V2p16cs3.lib(fluxobserve.o)
    0x200000d0   0x000069b4   0x0000003e   Data   RW         2796    .data               LKS03x_FluxOBS_V2p16cs3.lib(onthefly.o)
    0x2000010e   0x000069f2   0x00000002   PAD
    0x20000110        -       0x00000014   Zero   RW            3    .bss                global_variable.o
    0x20000124        -       0x00000010   Zero   RW            4    .bss                global_variable.o
    0x20000134        -       0x000000ec   Zero   RW            5    .bss                global_variable.o
    0x20000220        -       0x00000040   Zero   RW            6    .bss                global_variable.o
    0x20000260        -       0x00000044   Zero   RW            7    .bss                global_variable.o
    0x200002a4   0x000069f2   0x00000004   PAD
    0x200002a8        -       0x00000058   Zero   RW            8    .bss                global_variable.o
    0x20000300        -       0x00000024   Zero   RW            9    .bss                global_variable.o
    0x20000324        -       0x00000018   Zero   RW           12    .bss                global_variable.o
    0x2000033c        -       0x00000020   Zero   RW           13    .bss                global_variable.o
    0x2000035c        -       0x00000020   Zero   RW           14    .bss                global_variable.o
    0x2000037c        -       0x00000020   Zero   RW           15    .bss                global_variable.o
    0x2000039c        -       0x00000020   Zero   RW           16    .bss                global_variable.o
    0x200003bc        -       0x0000000e   Zero   RW          546    .bss                state_machine.o
    0x200003ca   0x000069f2   0x00000002   PAD
    0x200003cc        -       0x000000a4   Zero   RW          688    .bss                fault_detection.o
    0x20000470        -       0x00000070   Zero   RW          829    .bss                powercalculation.o
    0x200004e0        -       0x00000020   Zero   RW          903    .bss                speedscan.o
    0x20000500        -       0x00000058   Zero   RW          968    .bss                heatcontrol.o
    0x20000558        -       0x00000022   Zero   RW         2305    .bss                user_app.o
    0x2000057a   0x000069f2   0x00000002   PAD
    0x2000057c        -       0x000000b8   Zero   RW         2656    .bss                LKS03x_FluxOBS_V2p16cs3.lib(fluxobserve.o)
    0x20000634        -       0x00000060   Zero   RW         3034    .bss                c_p.l(libspace.o)
    0x20000694   0x000069f2   0x00000004   PAD
    0x20000698        -       0x00000200   Zero   RW         2277    HEAP                startup_lks32mc03x.o
    0x20000898        -       0x00000400   Zero   RW         2276    STACK               startup_lks32mc03x.o


==============================================================================

Image component sizes


      Code (inc. data)   RO Data    RW Data    ZI Data      Debug   Object Name

       188         42          0          0          0       3234   app2core.o
       298          6          0          4          0       2101   button.o
      1662        210          0         12        164       9887   fault_detection.o
       476         58          0          4          0      10374   foc_drive.o
         0          0        106          0        680      52309   global_variable.o
       932        120          0          0          0      18579   hardware_init.o
      1676        330       2500         20         88      10448   heatcontrol.o
       352         66          0          0          0       7231   interrupt.o
       104          0          0          0          0       5488   lks32mc03x_adc.o
       286         18          0          0          0       3180   lks32mc03x_cmp.o
       388         76          0          0          0       2456   lks32mc03x_flash.o
       362         28          0          0          0       4621   lks32mc03x_gpio.o
       116          8          0          0          0       2626   lks32mc03x_hall.o
       602         28          0          0          0       7545   lks32mc03x_mcpwm.o
       104         20          0          0          0       1272   lks32mc03x_sys.o
       224         10          0          0          0       3661   lks32mc03x_timer.o
        52         12          0          0          0        467   main.o
       140         10        512          0          0       3603   mc_math.o
       208          0          0          0          0       1824   pid_regulators.o
         0          0          0          0        112       1374   powercalculation.o
       110          0          0          0          0       1514   process_control.o
       192         40          0          0          0       2762   signalchain_sample.o
        96         14          0          0         32       2108   speedscan.o
        68         32        192          0       1536        676   startup_lks32mc03x.o
      2662        432          0         12         14      14100   state_machine.o
       364         72          0          0          0       2216   system_init.o
       222         32          0          0          0       3017   task_scheduler.o
      1322        126          0         53         34      13572   user_app.o

    ----------------------------------------------------------------------
     13232       1790       3344        108       2668     192245   Object Totals
         0          0         32          0          0          0   (incl. Generated)
        26          0          2          3          8          0   (incl. Padding)

    ----------------------------------------------------------------------

      Code (inc. data)   RO Data    RW Data    ZI Data      Debug   Library Member Name

      2840        296          0        100        184      11680   fluxobserve.o
       678         92          0          0          0       3834   lib_ipd.o
       764         20        544          0          0      16863   lib_svpwm.o
       120         16          0         62          0       4227   onthefly.o
         8          0          0          0          0         68   __main.o
         0          0          0          0          0          0   __rtentry.o
        12          0          0          0          0          0   __rtentry2.o
         6          0          0          0          0          0   __rtentry4.o
        60          8          0          0          0          0   __scatter.o
        26          0          0          0          0          0   __scatter_copy.o
        28          0          0          0          0          0   __scatter_zi.o
       346          0          0          0          0         92   aeabi_sdiv.o
        16          0          0          0          0         68   exit.o
         6          0          0          0          0        136   heapauxi.o
         0          0          0          0          0          0   indicate_semi.o
         2          0          0          0          0          0   libinit.o
         2          0          0          0          0          0   libinit2.o
         2          0          0          0          0          0   libshutdown.o
         2          0          0          0          0          0   libshutdown2.o
         8          4          0          0         96         68   libspace.o
        48          0          0          0          0         72   llmul.o
       112          0          0          0          0         72   llsdiv.o
        32          0          0          0          0         68   llshl.o
       258          0          0          0          0         88   lludiv.o
        64          0          0          0          0        108   rt_memclr.o
       186          0          0          0          0        144   rt_memcpy.o
         2          0          0          0          0          0   rtexit.o
        10          0          0          0          0          0   rtexit2.o
        12          4          0          0          0         60   sys_exit.o
        62          0          0          0          0         80   sys_stackheap_outer.o
         2          0          0          0          0         68   use_no_semi.o
       856         20          0          0          0        208   daddsub.o
      1096         26        128          0          0        112   ddiv.o
       108         10          0          0          0         72   dfixi.o
        72          4          0          0          0         68   dfixui.o
        88          0          0          0          0         92   dflti.o
       132          4          0          0          0        100   dfltl.o
       584         26          0          0          0         84   dmul.o
        96         12          0          0          0         72   dscalbn.o
        84          4          0          0          0         60   f2d.o
       352         10         64          0          0         92   fdiv.o
        76          0          0          0          0         68   ffixi.o
        94          0          0          0          0         92   fflti.o
       176          4          0          0          0         80   fmul.o
         0          0          0          0          0          0   usenofp.o

    ----------------------------------------------------------------------
      9540        560        736        164        284      38996   Library Totals
        12          0          0          2          4          0   (incl. Padding)

    ----------------------------------------------------------------------

      Code (inc. data)   RO Data    RW Data    ZI Data      Debug   Library Name

      4402        424        544        162        184      36604   LKS03x_FluxOBS_V2p16cs3.lib
      1312         16          0          0         96       1192   c_p.l
      3814        120        192          0          0       1200   fz_ps.l

    ----------------------------------------------------------------------
      9540        560        736        164        284      38996   Library Totals

    ----------------------------------------------------------------------

==============================================================================


      Code (inc. data)   RO Data    RW Data    ZI Data      Debug   

     22772       2350       4080        272       2952     223953   Grand Totals
     22772       2350       4080        272       2952     223953   ELF Image Totals
     22772       2350       4080        272          0          0   ROM Totals

==============================================================================

    Total RO  Size (Code + RO Data)                26852 (  26.22kB)
    Total RW  Size (RW Data + ZI Data)              3224 (   3.15kB)
    Total ROM Size (Code + RO Data + RW Data)      27124 (  26.49kB)

==============================================================================

