<html>
<body>
<pre>
<h1>礦ision Build Log</h1>
<h2>Tool Versions:</h2>
IDE-Version: μVision V5.36.0.0
Copyright (C) 2021 ARM Ltd and ARM Germany GmbH. All rights reserved.
License Information: zhu zhicheng, cds, LIC=----
 
Tool Versions:
Toolchain:       MDK-Lite  Version: 5.36.0.0
Toolchain Path:  d:\Keil_v5\ARM\ARMCC\Bin
C Compiler:      Armcc.exe V5.06 update 7 (build 960)
Assembler:       Armasm.exe V5.06 update 7 (build 960)
Linker/Locator:  ArmLink.exe V5.06 update 7 (build 960)
Library Manager: ArmAr.exe V5.06 update 7 (build 960)
Hex Converter:   FromElf.exe V5.06 update 7 (build 960)
CPU DLL:         SARMCM3.DLL V5.36.0.0
Dialog DLL:      DARMCM1.DLL V1.19.4.0
Target DLL:      Segger\JL2CM3.dll V2.99.40.0
Dialog DLL:      TARMCM1.DLL V1.14.4.0
 
<h2>Project:</h2>
E:\朱志成\韩超林\云尚美单板\云尚美-单板-220V升级版-3-7\LK_StdPeriph.uvprojx
Project File Date:  03/11/2024

<h2>Output:</h2>
*** Using Compiler 'V5.06 update 7 (build 960)', folder: 'd:\Keil_v5\ARM\ARMCC\Bin'
Rebuild target 'Linko 03x Project'
compiling Global_Variable.c...
compiling Process_Control.c...
compiling SpeedScan.c...
compiling hardware_init.c...
compiling PowerCalculation.c...
compiling System_Init.c...
compiling Task_Scheduler.c...
compiling interrupt.c...
compiling HeatControl.c...
AppFunction\HeatControl.c(481): warning:  #1-D: last line of file ends without a newline
  	 
AppFunction\HeatControl.c: 1 warning, 0 errors
compiling fault_detection.c...
compiling state_machine.c...
compiling main.c...
compiling PID_regulators.c...
compiling SEGGER_RTT_printf.c...
compiling SEGGER_RTT.c...
compiling lks32mc03x_cmp.c...
compiling lks32mc03x_adc.c...
compiling MC_math.c...
compiling lks32mc03x_DMA.c...
compiling lks32MC03x_Flash.c...
compiling lks32mc03x_gpio.c...
compiling App2Core.c...
compiling lks32mc03x_hall.c...
compiling FOC_Drive.c...
compiling SignalChain_Sample.c...
Kernal_Source\SignalChain_Sample.c(258): warning:  #177-D: variable "wAux"  was declared but never referenced
      s32 wAux;
Kernal_Source\SignalChain_Sample.c(259): warning:  #177-D: variable "hCurrC"  was declared but never referenced
      s16 hCurrA = 0, hCurrB = 0, hCurrC = 0;
Kernal_Source\SignalChain_Sample.c(261): warning:  #177-D: variable "bCurrASamp"  was declared but never referenced
      u8 bCurrASamp = 0, bCurrBSamp = 0;
Kernal_Source\SignalChain_Sample.c(261): warning:  #177-D: variable "bCurrBSamp"  was declared but never referenced
      u8 bCurrASamp = 0, bCurrBSamp = 0;
Kernal_Source\SignalChain_Sample.c: 4 warnings, 0 errors
compiling lks32mc03x_I2C.c...
assembling startup_lks32mc03x.s...
compiling lks32mc03x_IWDG.c...
compiling MC_hall.c...
compiling lks32mc03x_spi.c...
compiling lks32mc03x_MCPWM.c...
compiling lks32mc03x_sys.c...
compiling lks32mc03x_timer.c...
compiling lks32mc03x_uart.c...
compiling USER_APP.c...
USER_APP\USER_APP.c(517): warning:  #186-D: pointless comparison of unsigned integer with zero
  		if(FRSControl.ThrowWaveCnt<0)
USER_APP\USER_APP.c: 1 warning, 0 errors
linking...
Program Size: Code=23152 RO-data=4080 RW-data=272 ZI-data=2936  
FromELF: creating hex file...
".\Obj\LKS_MC_Project.axf" - 0 Error(s), 6 Warning(s).

<h2>Software Packages used:</h2>

Package Vendor: ARM
                http://www.keil.com/pack/ARM.CMSIS.5.8.0.pack
                ARM.CMSIS.5.8.0
                CMSIS (Common Microcontroller Software Interface Standard)
   * Component: CORE Version: 5.5.0

Package Vendor: Linko
                https://www.lksmcu.com/index.php/LKS03Series/Linko.LKS03x.1.1.1.pack
                Linko.LKS03x.1.1.1
                LKS03 Device Family Pack

<h2>Collection of Component include folders:</h2>
  .\RTE\_Linko_03x_Project
  d:\Users\zhicheng.zhu\AppData\Local\Arm\Packs\ARM\CMSIS\5.8.0\CMSIS\Core\Include
  d:\Users\zhicheng.zhu\AppData\Local\Arm\Packs\Linko\LKS03x\1.1.1\Device\Include

<h2>Collection of Component Files used:</h2>

   * Component: ARM::CMSIS:CORE:5.5.0
Build Time Elapsed:  00:00:04
</pre>
</body>
</html>
