<html>
<body>
<pre>
<h1>礦ision Build Log</h1>
<h2>Tool Versions:</h2>
IDE-Version: μVision V5.38.0.0
Copyright (C) 2022 ARM Ltd and ARM Germany GmbH. All rights reserved.
License Information: 1 1, 1, LIC=ZB4EI-TDJVS-74ZS0-B1GKN-X2RWE-NHLHK
 
Tool Versions:
Toolchain:       MDK-ARM Plus  Version: 5.36.0.0
Toolchain Path:  C:\Keil_v5\ARM\ARMCC\Bin
C Compiler:      Armcc.exe V5.06 update 7 (build 960)
Assembler:       Armasm.exe V5.06 update 7 (build 960)
Linker/Locator:  ArmLink.exe V5.06 update 7 (build 960)
Library Manager: ArmAr.exe V5.06 update 7 (build 960)
Hex Converter:   FromElf.exe V5.06 update 7 (build 960)
CPU DLL:         SARMCM3.DLL V5.36.0.0
Dialog DLL:      DARMCM1.DLL V1.19.4.0
Target DLL:      Segger\JL2CM3.dll V2.99.40.0
Dialog DLL:      TARMCM1.DLL V1.14.4.0
 
<h2>Project:</h2>
E:\code_buffer\YT\小米样板程序 - 温度 V3 -灯显 - 变载波ok -YT\LK_StdPeriph.uvprojx
Project File Date:  02/28/2024

<h2>Output:</h2>
*** Using Compiler 'V5.06 update 7 (build 960)', folder: 'C:\Keil_v5\ARM\ARMCC\Bin'
Build target 'Linko 03x Project'
compiling Global_Variable.c...
compiling System_Init.c...
compiling hardware_init.c...
compiling HeatControl.c...
compiling Process_Control.c...
compiling App2Core.c...
compiling Task_Scheduler.c...
compiling main.c...
compiling MC_math.c...
compiling PowerCalculation.c...
compiling SpeedScan.c...
compiling state_machine.c...
compiling PID_regulators.c...
compiling interrupt.c...
compiling fault_detection.c...
compiling SEGGER_RTT_printf.c...
compiling SEGGER_RTT.c...
compiling FOC_Drive.c...
compiling SignalChain_Sample.c...
compiling lks32mc03x_DMA.c...
compiling lks32mc03x_adc.c...
compiling lks32MC03x_Flash.c...
compiling lks32mc03x_cmp.c...
compiling lks32mc03x_IWDG.c...
compiling MC_hall.c...
compiling lks32mc03x_I2C.c...
compiling lks32mc03x_hall.c...
compiling lks32mc03x_gpio.c...
compiling lks32mc03x_MCPWM.c...
compiling lks32mc03x_spi.c...
assembling startup_lks32mc03x.s...
compiling lks32mc03x_uart.c...
compiling lks32mc03x_timer.c...
compiling lks32mc03x_sys.c...
compiling USER_APP.c...
USER_APP\USER_APP.c(1592): warning:  #186-D: pointless comparison of unsigned integer with zero
  					if(FRSControl.ThrowWaveCnt<0)
USER_APP\USER_APP.c(1666): warning:  #186-D: pointless comparison of unsigned integer with zero
  					if(FRSControl.ThrowWaveCnt<0)
USER_APP\USER_APP.c: 2 warnings, 0 errors
linking...
Program Size: Code=24552 RO-data=3536 RW-data=348 ZI-data=3060  
FromELF: creating hex file...
".\Obj\LKS_MC_Project.axf" - 0 Error(s), 2 Warning(s).

<h2>Software Packages used:</h2>

Package Vendor: ARM
                http://www.keil.com/pack/ARM.CMSIS.5.8.0.pack
                ARM.CMSIS.5.8.0
                CMSIS (Common Microcontroller Software Interface Standard)
   * Component: CORE Version: 5.5.0

Package Vendor: Linko
                https://www.lksmcu.com/index.php/LKS03Series/Linko.LKS03x.1.1.5.pack
                Linko.LKS03x.1.1.5
                LKS03 Device Family Pack

<h2>Collection of Component include folders:</h2>
  ./RTE/_Linko_03x_Project
  C:/Users/yun.chen/AppData/Local/Arm/Packs/ARM/CMSIS/5.8.0/CMSIS/Core/Include
  C:/Users/yun.chen/AppData/Local/Arm/Packs/Linko/LKS03x/1.1.5/Device/Include

<h2>Collection of Component Files used:</h2>

   * Component: ARM::CMSIS:CORE:5.5.0
Build Time Elapsed:  00:00:03
</pre>
</body>
</html>
