<html>
<body>
<pre>
<h1>µVision Build Log</h1>
<h2>Tool Versions:</h2>
IDE-Version: ¦ÌVision V5.38.0.0
Copyright (C) 2022 ARM Ltd and ARM Germany GmbH. All rights reserved.
License Information: 1 1, 1, LIC=ZB4EI-TDJVS-74ZS0-B1GKN-X2RWE-NHLHK
 
Tool Versions:
Toolchain:       MDK-ARM Plus  Version: 5.36.0.0
Toolchain Path:  C:\Keil_v5\ARM\ARMCC\Bin
C Compiler:      Armcc.exe V5.06 update 7 (build 960)
Assembler:       Armasm.exe V5.06 update 7 (build 960)
Linker/Locator:  ArmLink.exe V5.06 update 7 (build 960)
Library Manager: ArmAr.exe V5.06 update 7 (build 960)
Hex Converter:   FromElf.exe V5.06 update 7 (build 960)
CPU DLL:         SARMCM3.DLL V5.36.0.0
Dialog DLL:      DARMCM1.DLL V1.19.4.0
Target DLL:      Segger\JL2CM3.dll V2.99.40.0
Dialog DLL:      TARMCM1.DLL V1.14.4.0
 
<h2>Project:</h2>
E:\code_buffer\JYX1\¾ÅÑô\LK_StdPeriph.uvprojx
Project File Date:  03/15/2024

<h2>Output:</h2>
*** Using Compiler 'V5.06 update 7 (build 960)', folder: 'C:\Keil_v5\ARM\ARMCC\Bin'
Build target 'Linko 03x Project'
compiling interrupt.c...
compiling main.c...
compiling SignalChain_Sample.c...
Kernal_Source\SignalChain_Sample.c(258): warning:  #177-D: variable "wAux"  was declared but never referenced
      s32 wAux;
Kernal_Source\SignalChain_Sample.c(259): warning:  #177-D: variable "hCurrC"  was declared but never referenced
      s16 hCurrA = 0, hCurrB = 0, hCurrC = 0;
Kernal_Source\SignalChain_Sample.c(261): warning:  #177-D: variable "bCurrASamp"  was declared but never referenced
      u8 bCurrASamp = 0, bCurrBSamp = 0;
Kernal_Source\SignalChain_Sample.c(261): warning:  #177-D: variable "bCurrBSamp"  was declared but never referenced
      u8 bCurrASamp = 0, bCurrBSamp = 0;
Kernal_Source\SignalChain_Sample.c: 4 warnings, 0 errors
compiling Task_Scheduler.c...
compiling fault_detection.c...
compiling HeatControl.c...
compiling USER_APP.c...
compiling state_machine.c...
linking...
Program Size: Code=19928 RO-data=3536 RW-data=248 ZI-data=2880  
FromELF: creating hex file...
".\Obj\LKS_MC_Project.axf" - 0 Error(s), 4 Warning(s).

<h2>Software Packages used:</h2>

Package Vendor: ARM
                http://www.keil.com/pack/ARM.CMSIS.5.8.0.pack
                ARM.CMSIS.5.8.0
                CMSIS (Common Microcontroller Software Interface Standard)
   * Component: CORE Version: 5.5.0

Package Vendor: Linko
                https://www.lksmcu.com/index.php/LKS03Series/Linko.LKS03x.1.1.5.pack
                Linko.LKS03x.1.1.5
                LKS03 Device Family Pack

<h2>Collection of Component include folders:</h2>
  ./RTE/_Linko_03x_Project
  C:/Users/yun.chen/AppData/Local/Arm/Packs/ARM/CMSIS/5.8.0/CMSIS/Core/Include
  C:/Users/yun.chen/AppData/Local/Arm/Packs/Linko/LKS03x/1.1.5/Device/Include

<h2>Collection of Component Files used:</h2>

   * Component: ARM::CMSIS:CORE:5.5.0
Build Time Elapsed:  00:00:02
</pre>
</body>
</html>
