Component: ARM Compiler 5.06 update 7 (build 960) Tool: armlink [4d3601]

==============================================================================

Section Cross References

    hardware_init.o(i.ADC_init) refers to lks32mc03x_adc.o(i.ADC_StructInit) for ADC_StructInit
    hardware_init.o(i.ADC_init) refers to lks32mc03x_adc.o(i.ADC_Init) for ADC_Init
    hardware_init.o(i.ADC_init) refers to signalchain_sample.o(i.ADC_NormalModeCFG) for ADC_NormalModeCFG
    hardware_init.o(i.CMP_init) refers to lks32mc03x_cmp.o(i.CMP_StructInit) for CMP_StructInit
    hardware_init.o(i.CMP_init) refers to lks32mc03x_sys.o(i.SYS_AnalogModuleClockCmd) for SYS_AnalogModuleClockCmd
    hardware_init.o(i.CMP_init) refers to lks32mc03x_cmp.o(i.CMP_Init) for CMP_Init
    hardware_init.o(i.DAC_Init) refers to lks32mc03x_sys.o(i.SYS_AnalogModuleClockCmd) for SYS_AnalogModuleClockCmd
    hardware_init.o(i.DebugPWM_OutputFunction) refers to lks32mc03x_mcpwm.o(i.PWMOutputs) for PWMOutputs
    hardware_init.o(i.GPIO_init) refers to lks32mc03x_gpio.o(i.GPIO_StructInit) for GPIO_StructInit
    hardware_init.o(i.GPIO_init) refers to lks32mc03x_gpio.o(i.GPIO_Init) for GPIO_Init
    hardware_init.o(i.GPIO_init) refers to lks32mc03x_gpio.o(i.GPIO_PinAFConfig) for GPIO_PinAFConfig
    hardware_init.o(i.HALL_Perip_Init) refers to lks32mc03x_sys.o(i.SYS_ModuleClockCmd) for SYS_ModuleClockCmd
    hardware_init.o(i.HALL_Perip_Init) refers to lks32mc03x_hall.o(i.HALL_StructInit) for HALL_StructInit
    hardware_init.o(i.HALL_Perip_Init) refers to lks32mc03x_hall.o(i.HALL_Init) for HALL_Init
    hardware_init.o(i.Hardware_init) refers to lks32mc03x_sys.o(i.SYS_ModuleClockCmd) for SYS_ModuleClockCmd
    hardware_init.o(i.Hardware_init) refers to hardware_init.o(i.ADC_init) for ADC_init
    hardware_init.o(i.Hardware_init) refers to hardware_init.o(i.MCPWM_init) for MCPWM_init
    hardware_init.o(i.Hardware_init) refers to hardware_init.o(i.UTimer_init) for UTimer_init
    hardware_init.o(i.Hardware_init) refers to hardware_init.o(i.GPIO_init) for GPIO_init
    hardware_init.o(i.Hardware_init) refers to hardware_init.o(i.DAC_Init) for DAC_Init
    hardware_init.o(i.Hardware_init) refers to hardware_init.o(i.PGA_Init) for PGA_Init
    hardware_init.o(i.Hardware_init) refers to hardware_init.o(i.CMP_init) for CMP_init
    hardware_init.o(i.Hardware_init) refers to hardware_init.o(i.HALL_Perip_Init) for HALL_Perip_Init
    hardware_init.o(i.Hardware_init) refers to hardware_init.o(i.TempSensor_Init) for TempSensor_Init
    hardware_init.o(i.Hardware_init) refers to task_scheduler.o(i.SoftDelay) for SoftDelay
    hardware_init.o(i.Hardware_init) refers to hardware_init.o(i.__NVIC_SetPriority) for __NVIC_SetPriority
    hardware_init.o(i.Hardware_init) refers to hardware_init.o(i.__NVIC_EnableIRQ) for __NVIC_EnableIRQ
    hardware_init.o(i.MCPWM_init) refers to lks32mc03x_mcpwm.o(i.MCPWM_StructInit) for MCPWM_StructInit
    hardware_init.o(i.MCPWM_init) refers to lks32mc03x_mcpwm.o(i.MCPWM_Init) for MCPWM_Init
    hardware_init.o(i.MCPWM_init) refers to global_variable.o(.bss) for mIPD_CtrProc
    hardware_init.o(i.PGA_Init) refers to lks32mc03x_sys.o(i.SYS_AnalogModuleClockCmd) for SYS_AnalogModuleClockCmd
    hardware_init.o(i.SystemInit) refers to hardware_init.o(i.Clock_Init) for Clock_Init
    hardware_init.o(i.TempSensor_Init) refers to lks32mc03x_sys.o(i.SYS_AnalogModuleClockCmd) for SYS_AnalogModuleClockCmd
    hardware_init.o(i.UART_init) refers to lks32mc03x_uart.o(i.UART_StructInit) for UART_StructInit
    hardware_init.o(i.UART_init) refers to lks32mc03x_uart.o(i.UART_Init) for UART_Init
    hardware_init.o(i.UTimer_init) refers to lks32mc03x_timer.o(i.TIM_TimerStrutInit) for TIM_TimerStrutInit
    hardware_init.o(i.UTimer_init) refers to lks32mc03x_timer.o(i.TIM_TimerInit) for TIM_TimerInit
    interrupt.o(i.ADC_IRQHandler) refers to foc_drive.o(i.FOC_Model) for FOC_Model
    interrupt.o(i.ADC_IRQHandler) refers to fluxobserve.o(i.DcVoltPerUnitCalcInt) for DcVoltPerUnitCalcInt
    interrupt.o(i.ADC_IRQHandler) refers to fault_detection.o(i.CurrentAmplitudeCalc) for CurrentAmplitudeCalc
    interrupt.o(i.ADC_IRQHandler) refers to fault_detection.o(i.FaultCurrentCheck) for FaultCurrentCheck
    interrupt.o(i.ADC_IRQHandler) refers to heatcontrol.o(i.HeaterControl) for HeaterControl
    interrupt.o(i.ADC_IRQHandler) refers to lks32mc03x_mcpwm.o(i.PWMOutputs) for PWMOutputs
    interrupt.o(i.ADC_IRQHandler) refers to global_variable.o(.bss) for struFOC_CtrProc
    interrupt.o(i.ADC_IRQHandler) refers to global_variable.o(.bss) for struTaskScheduler
    interrupt.o(i.ADC_IRQHandler) refers to global_variable.o(.bss) for struFOC_CurrLoop
    interrupt.o(i.ADC_IRQHandler) refers to fault_detection.o(.data) for struImaxCurrent
    interrupt.o(i.ADC_IRQHandler) refers to fault_detection.o(.bss) for struCurrentAmplitude
    interrupt.o(i.ADC_IRQHandler) refers to foc_drive.o(.data) for Mag_nCurr
[...]
    i.FunStateCharge                         0x00002908   Section        0  user_app.o(i.FunStateCharge)
    i.GPIO_IRQHandler                        0x000029b4   Section        0  interrupt.o(i.GPIO_IRQHandler)
    i.GPIO_Init                              0x000029b6   Section        0  lks32mc03x_gpio.o(i.GPIO_Init)
    i.GPIO_PinAFConfig                       0x00002a2c   Section        0  lks32mc03x_gpio.o(i.GPIO_PinAFConfig)
    i.GPIO_ReadInputDataBit                  0x00002b00   Section        0  lks32mc03x_gpio.o(i.GPIO_ReadInputDataBit)
    i.GPIO_ResetBits                         0x00002b0e   Section        0  lks32mc03x_gpio.o(i.GPIO_ResetBits)
    i.GPIO_SetBits                           0x00002b12   Section        0  lks32mc03x_gpio.o(i.GPIO_SetBits)
    i.GPIO_StructInit                        0x00002b16   Section        0  lks32mc03x_gpio.o(i.GPIO_StructInit)
    i.GPIO_init                              0x00002b24   Section        0  hardware_init.o(i.GPIO_init)
    i.GetVdcSpeed                            0x00002ba8   Section        0  user_app.o(i.GetVdcSpeed)
    i.Get_Power                              0x00002c20   Section        0  user_app.o(i.Get_Power)
    i.HALL_IRQHandler                        0x00002c38   Section        0  interrupt.o(i.HALL_IRQHandler)
    i.HALL_Init                              0x00002c3c   Section        0  lks32mc03x_hall.o(i.HALL_Init)
    i.HALL_Perip_Init                        0x00002c8c   Section        0  hardware_init.o(i.HALL_Perip_Init)
    i.HALL_StructInit                        0x00002cc8   Section        0  lks32mc03x_hall.o(i.HALL_StructInit)
    i.Hardware_init                          0x00002cec   Section        0  hardware_init.o(i.Hardware_init)
    i.HeaterControl                          0x00002d9c   Section        0  heatcontrol.o(i.HeaterControl)
    i.HeaterControl_1ms                      0x00002edc   Section        0  heatcontrol.o(i.HeaterControl_1ms)
    i.HeaterTemperature_Control              0x00002f54   Section        0  heatcontrol.o(i.HeaterTemperature_Control)
    i.I2C_IRQHandler                         0x00003010   Section        0  interrupt.o(i.I2C_IRQHandler)
    i.LowPassControl                         0x00003012   Section        0  powercalculation.o(i.LowPassControl)
    i.MCPWM0_IRQHandler                      0x00003040   Section        0  interrupt.o(i.MCPWM0_IRQHandler)
    i.MCPWM0_RegUpdate                       0x00003074   Section        0  signalchain_sample.o(i.MCPWM0_RegUpdate)
    i.MCPWM1_IRQHandler                      0x000030b0   Section        0  interrupt.o(i.MCPWM1_IRQHandler)
    i.MCPWM_Init                             0x000030b4   Section        0  lks32mc03x_mcpwm.o(i.MCPWM_Init)
    i.MCPWM_StructInit                       0x000032d8   Section        0  lks32mc03x_mcpwm.o(i.MCPWM_StructInit)
    i.MCPWM_init                             0x000032e4   Section        0  hardware_init.o(i.MCPWM_init)
    i.MemoryRestore                          0x00003384   Section        0  user_app.o(i.MemoryRestore)
    i.ModuCircle_Limitation                  0x0000339c   Section        0  fluxobserve.o(i.ModuCircle_Limitation)
    i.NTCResistor10                          0x00003468   Section        0  heatcontrol.o(i.NTCResistor10)
    i.NTCTempAD                              0x000037a0   Section        0  heatcontrol.o(i.NTCTempAD)
    i.OnTheFlyDetectInit                     0x000037e4   Section        0  fluxobserve.o(i.OnTheFlyDetectInit)
    i.OpenCloseAngleSwitch                   0x000037f4   Section        0  fluxobserve.o(i.OpenCloseAngleSwitch)
    i.OpenLoopCurRamp                        0x00003840   Section        0  process_control.o(i.OpenLoopCurRamp)
    i.PGA_Init                               0x00003880   Section        0  hardware_init.o(i.PGA_Init)
    i.PWMOutputs                             0x000038ac   Section        0  lks32mc03x_mcpwm.o(i.PWMOutputs)
    i.PWMScan                                0x000038d8   Section        0  speedscan.o(i.PWMScan)
    i.PmsmFluxObIni                          0x00003938   Section        0  fluxobserve.o(i.PmsmFluxObIni)
    i.PmsmFluxObserve                        0x000039dc   Section        0  fluxobserve.o(i.PmsmFluxObserve)
    i.PowerCalc                              0x00003ad4   Section        0  powercalculation.o(i.PowerCalc)
    i.ProgramPage                            0x00003b08   Section        0  lks32mc03x_flash.o(i.ProgramPage)
    i.SPI_IRQHandler                         0x00003c00   Section        0  interrupt.o(i.SPI_IRQHandler)
    i.SVPWM_2ShuntGEN                        0x00003c04   Section        0  lib_svpwm.o(i.SVPWM_2ShuntGEN)
    i.SW_IRQHandler                          0x00003d40   Section        0  interrupt.o(i.SW_IRQHandler)
    i.SYS_AnalogModuleClockCmd               0x00003d44   Section        0  lks32mc03x_sys.o(i.SYS_AnalogModuleClockCmd)
    i.SYS_ModuleClockCmd                     0x00003d88   Section        0  lks32mc03x_sys.o(i.SYS_ModuleClockCmd)
    i.SoftDelay                              0x00003dac   Section        0  task_scheduler.o(i.SoftDelay)
    i.SpeedLoopReg                           0x00003dc0   Section        0  foc_drive.o(i.SpeedLoopReg)
    i.SpeedLoop_Set                          0x00003df0   Section        0  state_machine.o(i.SpeedLoop_Set)
    i.SpeedPIRegulator                       0x00003e18   Section        0  pid_regulators.o(i.SpeedPIRegulator)
    i.SpeedReferenceGen                      0x00003eb0   Section        0  process_control.o(i.SpeedReferenceGen)
    i.StateAlign                             0x00003ee0   Section        0  state_machine.o(i.StateAlign)
    i.StateCharge                            0x00003f54   Section        0  state_machine.o(i.StateCharge)
    i.StateFault                             0x00004068   Section        0  state_machine.o(i.StateFault)
    i.StateInit                              0x00004088   Section        0  state_machine.o(i.StateInit)
    i.StateOpen                              0x000042b8   Section        0  state_machine.o(i.StateOpen)
    i.StateRun                               0x000043a0   Section        0  state_machine.o(i.StateRun)
    i.StateStop                              0x00004504   Section        0  state_machine.o(i.StateStop)
    i.SysTick_Handler                        0x00004528   Section        0  interrupt.o(i.SysTick_Handler)
    i.Sys_State_Machine                      0x0000452c   Section        0  state_machine.o(i.Sys_State_Machine)
    i.SystemInit                             0x00004618   Section        0  hardware_init.o(i.SystemInit)
    i.TIMER0_IRQHandler                      0x00004620   Section        0  interrupt.o(i.TIMER0_IRQHandler)
    i.TIMER1_IRQHandler                      0x00004628   Section        0  interrupt.o(i.TIMER1_IRQHandler)
    i.TIM_TimerInit                          0x00004658   Section        0  lks32mc03x_timer.o(i.TIM_TimerInit)
    i.TIM_TimerStrutInit                     0x00004704   Section        0  lks32mc03x_timer.o(i.TIM_TimerStrutInit)
    i.Task_Scheduler                         0x00004738   Section        0  task_scheduler.o(i.Task_Scheduler)
    i.TempSensor_Init                        0x000047c8   Section        0  hardware_init.o(i.TempSensor_Init)
    i.Trig_Functions                         0x000047e4   Section        0  mc_math.o(i.Trig_Functions)
    i.UART_IRQHandler                        0x0000485c   Section        0  interrupt.o(i.UART_IRQHandler)
    i.USER_APP_vTick10ms                     0x0000485e   Section        0  user_app.o(i.USER_APP_vTick10ms)
    i.USER_APP_vTick1ms                      0x0000486a   Section        0  user_app.o(i.USER_APP_vTick1ms)
    i.USER_GPIO_Init                         0x00004878   Section        0  user_app.o(i.USER_GPIO_Init)
    i.USER_Init                              0x0000492c   Section        0  user_app.o(i.USER_Init)
    i.UTimer_init                            0x00004950   Section        0  hardware_init.o(i.UTimer_init)
    i.User2AppAngleTrans                     0x000049ac   Section        0  app2core.o(i.User2AppAngleTrans)
    i.User2AppCurTrans                       0x000049d0   Section        0  app2core.o(i.User2AppCurTrans)
    i.User2AppFreqTrans                      0x000049f0   Section        0  app2core.o(i.User2AppFreqTrans)
    i.User2AppVolTrans                       0x00004a10   Section        0  app2core.o(i.User2AppVolTrans)
    i.WAKE_IRQHandler                        0x00004a48   Section        0  interrupt.o(i.WAKE_IRQHandler)
    i.__ARM_common_ll_mulss                  0x00004a4a   Section        0  fluxobserve.o(i.__ARM_common_ll_mulss)
    i.__ARM_common_ll_muluu                  0x00004a7a   Section        0  fluxobserve.o(i.__ARM_common_ll_muluu)
    i.__ARM_common_switch8                   0x00004aaa   Section        0  state_machine.o(i.__ARM_common_switch8)
    i.__NVIC_EnableIRQ                       0x00004ac4   Section        0  hardware_init.o(i.__NVIC_EnableIRQ)
    __NVIC_EnableIRQ                         0x00004ac5   Thumb Code    18  hardware_init.o(i.__NVIC_EnableIRQ)
    i.__NVIC_SetPriority                     0x00004adc   Section        0  hardware_init.o(i.__NVIC_SetPriority)
    __NVIC_SetPriority                       0x00004add   Thumb Code    60  hardware_init.o(i.__NVIC_SetPriority)
    i.main                                   0x00004b20   Section        0  main.o(i.main)
    i.sys_init                               0x00004b54   Section        0  system_init.o(i.sys_init)
    i.vLoadForFlashing                       0x00004b78   Section        0  user_app.o(i.vLoadForFlashing)
    x$fpl$fmul                               0x00004b90   Section      176  fmul.o(x$fpl$fmul)
    .constdata                               0x00004c40   Section       10  global_variable.o(.constdata)
    x$fpl$usenofp                            0x00004c40   Section        0  usenofp.o(x$fpl$usenofp)
    .constdata                               0x00004c4a   Section       16  global_variable.o(.constdata)
    .constdata                               0x00004c5c   Section       44  global_variable.o(.constdata)
    .constdata                               0x00004c88   Section       36  global_variable.o(.constdata)
    .constdata                               0x00004cac   Section     2500  heatcontrol.o(.constdata)
    .constdata                               0x00005670   Section      512  mc_math.o(.constdata)
    .constdata                               0x00005870   Section      128  ddiv.o(.constdata)
    ddiv_reciptbl                            0x00005870   Data         128  ddiv.o(.constdata)
    .constdata                               0x000058f0   Section       64  fdiv.o(.constdata)
    fdiv_tab                                 0x000058f0   Data          64  fdiv.o(.constdata)
    .data                                    0x20000000   Section        4  state_machine.o(.data)
    .data                                    0x20000004   Section       12  fault_detection.o(.data)
    t_nFlagCheck                             0x20000006   Data           2  fault_detection.o(.data)
    .data                                    0x20000010   Section       12  heatcontrol.o(.data)
    .data                                    0x2000001c   Section        2  foc_drive.o(.data)
    .data                                    0x2000001e   Section        2  foc_drive.o(.data)
    .data                                    0x20000020   Section       52  user_app.o(.data)
    udelayGPIOcntdown                        0x20000029   Data           1  user_app.o(.data)
    IOstate                                  0x2000002a   Data           1  user_app.o(.data)
    u8SpecialIOinit                          0x2000002b   Data           1  user_app.o(.data)
    FunStateCnt                              0x2000003a   Data           2  user_app.o(.data)
    Temp_adc_get_temp                        0x2000003c   Data           2  user_app.o(.data)
    Temp_adc_get                             0x2000003e   Data           2  user_app.o(.data)
    .data                                    0x20000054   Section      100  fluxobserve.o(.data)
    motorControlFlag                         0x20000054   Data           1  fluxobserve.o(.data)
    iThetaErr                                0x2000006a   Data           2  fluxobserve.o(.data)
    iThetaErr1                               0x2000006c   Data           2  fluxobserve.o(.data)
    m_UmRohRef_1                             0x2000006e   Data           2  fluxobserve.o(.data)
    s32_udc_filt                             0x20000094   Data           4  fluxobserve.o(.data)
    .data                                    0x200000b8   Section       62  onthefly.o(.data)
    sDppAccCnt                               0x200000b8   Data           1  onthefly.o(.data)
    sDppAccCnt                               0x200000b9   Data           1  onthefly.o(.data)
    BEMF_electAngleOld                       0x200000bc   Data           2  onthefly.o(.data)
    s16Dpp                                   0x200000be   Data           2  onthefly.o(.data)
    m_Uab                                    0x200000c0   Data           2  onthefly.o(.data)
    m_Ubc                                    0x200000c2   Data           2  onthefly.o(.data)
    m_Uca                                    0x200000c4   Data           2  onthefly.o(.data)
    m_Ua                                     0x200000c6   Data           2  onthefly.o(.data)
    m_Ub                                     0x200000c8   Data           2  onthefly.o(.data)
    m_Uc                                     0x200000ca   Data           2  onthefly.o(.data)
    m_Ubt                                    0x200000cc   Data           2  onthefly.o(.data)
    s32Dpp                                   0x200000dc   Data           4  onthefly.o(.data)
    s32MotorCurrentMagfilt                   0x200000e0   Data           4  onthefly.o(.data)
    s32MotorCurrentMagfilt1                  0x200000e4   Data           4  onthefly.o(.data)
    s32MotorCurrentMagDifAvg                 0x200000e8   Data           4  onthefly.o(.data)
    .bss                                     0x200000f8   Section       16  global_variable.o(.bss)
    .bss                                     0x20000108   Section       16  global_variable.o(.bss)
    .bss                                     0x20000118   Section      236  global_variable.o(.bss)
    .bss                                     0x20000204   Section       64  global_variable.o(.bss)
    .bss                                     0x20000244   Section       68  global_variable.o(.bss)
    .bss                                     0x20000288   Section       88  global_variable.o(.bss)
    .bss                                     0x200002e0   Section       36  global_variable.o(.bss)
    .bss                                     0x20000304   Section       24  global_variable.o(.bss)
    .bss                                     0x2000031c   Section       32  global_variable.o(.bss)
    .bss                                     0x2000033c   Section       32  global_variable.o(.bss)
    .bss                                     0x2000035c   Section       32  global_variable.o(.bss)
    .bss                                     0x2000037c   Section       32  global_variable.o(.bss)
    .bss                                     0x2000039c   Section       14  state_machine.o(.bss)
    .bss                                     0x200003ac   Section      134  fault_detection.o(.bss)
    .bss                                     0x20000438   Section       96  powercalculation.o(.bss)
    .bss                                     0x20000498   Section       32  speedscan.o(.bss)
    .bss                                     0x200004b8   Section       68  heatcontrol.o(.bss)
    .bss                                     0x200004fc   Section       34  user_app.o(.bss)
    .bss                                     0x20000520   Section      184  fluxobserve.o(.bss)
    .bss                                     0x200005d8   Section       96  libspace.o(.bss)
    HEAP                                     0x20000638   Section      512  startup_lks32mc03x.o(HEAP)
    Heap_Mem                                 0x20000638   Data         512  startup_lks32mc03x.o(HEAP)
    STACK                                    0x20000838   Section     1024  startup_lks32mc03x.o(STACK)
    Stack_Mem                                0x20000838   Data        1024  startup_lks32mc03x.o(STACK)
    __initial_sp                             0x20000c38   Data           0  startup_lks32mc03x.o(STACK)

    Global Symbols

    Symbol Name                              Value     Ov Type        Size  Object(Section)

    BuildAttributes$$THM_ISAv3M$S$PE$A:L22$X:L11$S22$IEEE1$IW$USESV6$~STKCKD$USESV7$~SHL$OSPACE$ROPI$EBA8$UX$STANDARDLIB$REQ8$PRES8$EABIv2 0x00000000   Number         0  anon$$obj.o ABSOLUTE
    __ARM_use_no_argv                        0x00000000   Number         0  main.o ABSOLUTE
    __Vectors                                0x00000000   Data           4  startup_lks32mc03x.o(RESET)
    __ARM_exceptions_init                     - Undefined Weak Reference
    __alloca_initialize                       - Undefined Weak Reference
    __arm_fini_                               - Undefined Weak Reference
    __arm_preinit_                            - Undefined Weak Reference
    __cpp_initialize__aeabi_                  - Undefined Weak Reference
    __cxa_finalize                            - Undefined Weak Reference
    __rt_locale                               - Undefined Weak Reference
    __sigvec_lookup                           - Undefined Weak Reference
    _atexit_init                              - Undefined Weak Reference
    _call_atexit_fns                          - Undefined Weak Reference
    _clock_init                               - Undefined Weak Reference
    _fp_trap_init                             - Undefined Weak Reference
    _fp_trap_shutdown                         - Undefined Weak Reference
    _get_lc_collate                           - Undefined Weak Reference
    _get_lc_ctype                             - Undefined Weak Reference
    _get_lc_monetary                          - Undefined Weak Reference
    _get_lc_numeric                           - Undefined Weak Reference
    _get_lc_time                              - Undefined Weak Reference
    _getenv_init                              - Undefined Weak Reference
    _handle_redirection                       - Undefined Weak Reference
    _init_alloc                               - Undefined Weak Reference
    _init_user_alloc                          - Undefined Weak Reference
    _initio                                   - Undefined Weak Reference
    _rand_init                                - Undefined Weak Reference
    _signal_finish                            - Undefined Weak Reference
    _signal_init                              - Undefined Weak Reference
    _terminate_alloc                          - Undefined Weak Reference
    _terminate_user_alloc                     - Undefined Weak Reference
    _terminateio                              - Undefined Weak Reference
    __Vectors_End                            0x000000c0   Data           0  startup_lks32mc03x.o(RESET)
    __Vectors_Size                           0x000000c0   Number         0  startup_lks32mc03x.o ABSOLUTE
    __main                                   0x000000c1   Thumb Code     8  __main.o(!!!main)
    __scatterload                            0x000000c9   Thumb Code     0  __scatter.o(!!!scatter)
    __scatterload_rt2                        0x000000c9   Thumb Code    52  __scatter.o(!!!scatter)
    __scatterload_rt2_thumb_only             0x000000c9   Thumb Code     0  __scatter.o(!!!scatter)
    __scatterload_null                       0x000000d9   Thumb Code     0  __scatter.o(!!!scatter)
    __scatterload_copy                       0x00000105   Thumb Code    26  __scatter_copy.o(!!handler_copy)
    __scatterload_zeroinit                   0x00000121   Thumb Code    28  __scatter_zi.o(!!handler_zi)
    __rt_lib_init                            0x0000013d   Thumb Code     0  libinit.o(.ARM.Collect$$libinit$$00000000)
    __rt_lib_init_alloca_1                   0x0000013f   Thumb Code     0  libinit2.o(.ARM.Collect$$libinit$$0000002E)
    __rt_lib_init_argv_1                     0x0000013f   Thumb Code     0  libinit2.o(.ARM.Collect$$libinit$$0000002C)
    __rt_lib_init_atexit_1                   0x0000013f   Thumb Code     0  libinit2.o(.ARM.Collect$$libinit$$0000001B)
    __rt_lib_init_clock_1                    0x0000013f   Thumb Code     0  libinit2.o(.ARM.Collect$$libinit$$00000021)
    __rt_lib_init_cpp_1                      0x0000013f   Thumb Code     0  libinit2.o(.ARM.Collect$$libinit$$00000032)
    __rt_lib_init_exceptions_1               0x0000013f   Thumb Code     0  libinit2.o(.ARM.Collect$$libinit$$00000030)
    __rt_lib_init_fp_1                       0x0000013f   Thumb Code     0  libinit2.o(.ARM.Collect$$libinit$$00000002)
    __rt_lib_init_fp_trap_1                  0x0000013f   Thumb Code     0  libinit2.o(.ARM.Collect$$libinit$$0000001F)
    __rt_lib_init_getenv_1                   0x0000013f   Thumb Code     0  libinit2.o(.ARM.Collect$$libinit$$00000023)
    __rt_lib_init_heap_1                     0x0000013f   Thumb Code     0  libinit2.o(.ARM.Collect$$libinit$$0000000A)
    __rt_lib_init_lc_collate_1               0x0000013f   Thumb Code     0  libinit2.o(.ARM.Collect$$libinit$$00000011)
    __rt_lib_init_lc_ctype_1                 0x0000013f   Thumb Code     0  libinit2.o(.ARM.Collect$$libinit$$00000013)
    __rt_lib_init_lc_monetary_1              0x0000013f   Thumb Code     0  libinit2.o(.ARM.Collect$$libinit$$00000015)
    __rt_lib_init_lc_numeric_1               0x0000013f   Thumb Code     0  libinit2.o(.ARM.Collect$$libinit$$00000017)
    __rt_lib_init_lc_time_1                  0x0000013f   Thumb Code     0  libinit2.o(.ARM.Collect$$libinit$$00000019)
    __rt_lib_init_preinit_1                  0x0000013f   Thumb Code     0  libinit2.o(.ARM.Collect$$libinit$$00000004)
    __rt_lib_init_rand_1                     0x0000013f   Thumb Code     0  libinit2.o(.ARM.Collect$$libinit$$0000000E)
    __rt_lib_init_return                     0x0000013f   Thumb Code     0  libinit2.o(.ARM.Collect$$libinit$$00000033)
    __rt_lib_init_signal_1                   0x0000013f   Thumb Code     0  libinit2.o(.ARM.Collect$$libinit$$0000001D)
    __rt_lib_init_stdio_1                    0x0000013f   Thumb Code     0  libinit2.o(.ARM.Collect$$libinit$$00000025)
    __rt_lib_init_user_alloc_1               0x0000013f   Thumb Code     0  libinit2.o(.ARM.Collect$$libinit$$0000000C)
    __rt_lib_shutdown                        0x00000141   Thumb Code     0  libshutdown.o(.ARM.Collect$$libshutdown$$00000000)
    __rt_lib_shutdown_cpp_1                  0x00000143   Thumb Code     0  libshutdown2.o(.ARM.Collect$$libshutdown$$00000004)
    __rt_lib_shutdown_fini_1                 0x00000143   Thumb Code     0  libshutdown2.o(.ARM.Collect$$libshutdown$$00000002)
    __rt_lib_shutdown_fp_trap_1              0x00000143   Thumb Code     0  libshutdown2.o(.ARM.Collect$$libshutdown$$00000009)
    __rt_lib_shutdown_heap_1                 0x00000143   Thumb Code     0  libshutdown2.o(.ARM.Collect$$libshutdown$$00000011)
    __rt_lib_shutdown_return                 0x00000143   Thumb Code     0  libshutdown2.o(.ARM.Collect$$libshutdown$$00000012)
    __rt_lib_shutdown_signal_1               0x00000143   Thumb Code     0  libshutdown2.o(.ARM.Collect$$libshutdown$$0000000C)
    __rt_lib_shutdown_stdio_1                0x00000143   Thumb Code     0  libshutdown2.o(.ARM.Collect$$libshutdown$$00000006)
    __rt_lib_shutdown_user_alloc_1           0x00000143   Thumb Code     0  libshutdown2.o(.ARM.Collect$$libshutdown$$0000000E)
    __rt_entry                               0x00000145   Thumb Code     0  __rtentry.o(.ARM.Collect$$rtentry$$00000000)
    __rt_entry_presh_1                       0x00000145   Thumb Code     0  __rtentry2.o(.ARM.Collect$$rtentry$$00000002)
    __rt_entry_sh                            0x00000145   Thumb Code     0  __rtentry4.o(.ARM.Collect$$rtentry$$00000004)
    __rt_entry_li                            0x0000014b   Thumb Code     0  __rtentry2.o(.ARM.Collect$$rtentry$$0000000A)
    __rt_entry_postsh_1                      0x0000014b   Thumb Code     0  __rtentry2.o(.ARM.Collect$$rtentry$$00000009)
    __rt_entry_main                          0x0000014f   Thumb Code     0  __rtentry2.o(.ARM.Collect$$rtentry$$0000000D)
    __rt_entry_postli_1                      0x0000014f   Thumb Code     0  __rtentry2.o(.ARM.Collect$$rtentry$$0000000C)
    __rt_exit                                0x00000157   Thumb Code     0  rtexit.o(.ARM.Collect$$rtexit$$00000000)
    __rt_exit_ls                             0x00000159   Thumb Code     0  rtexit2.o(.ARM.Collect$$rtexit$$00000003)
    __rt_exit_prels_1                        0x00000159   Thumb Code     0  rtexit2.o(.ARM.Collect$$rtexit$$00000002)
    __rt_exit_exit                           0x0000015d   Thumb Code     0  rtexit2.o(.ARM.Collect$$rtexit$$00000004)
    Reset_Handler                            0x00000165   Thumb Code    14  startup_lks32mc03x.o(.text)
    NMI_Handler                              0x00000173   Thumb Code     2  startup_lks32mc03x.o(.text)
    HardFault_Handler                        0x00000175   Thumb Code     2  startup_lks32mc03x.o(.text)
    SVC_Handler                              0x00000177   Thumb Code     2  startup_lks32mc03x.o(.text)
    PendSV_Handler                           0x00000179   Thumb Code     2  startup_lks32mc03x.o(.text)
    __user_initial_stackheap                 0x00000181   Thumb Code     0  startup_lks32mc03x.o(.text)
    __aeabi_llsl                             0x000001a9   Thumb Code    32  llshl.o(.text)
    _ll_shift_l                              0x000001a9   Thumb Code     0  llshl.o(.text)
    __aeabi_lasr                             0x000001c9   Thumb Code    38  llsshr.o(.text)
    _ll_sshift_r                             0x000001c9   Thumb Code     0  llsshr.o(.text)
    __aeabi_lmul                             0x000001ef   Thumb Code    48  llmul.o(.text)
    _ll_mul                                  0x000001ef   Thumb Code     0  llmul.o(.text)
    __aeabi_ldivmod                          0x0000021f   Thumb Code   112  llsdiv.o(.text)
    _ll_sdiv                                 0x0000021f   Thumb Code     0  llsdiv.o(.text)
    _memset_w                                0x0000028f   Thumb Code    26  rt_memclr.o(.text)
    _memset                                  0x000002a9   Thumb Code    30  rt_memclr.o(.text)
    __aeabi_memclr                           0x000002c7   Thumb Code     4  rt_memclr.o(.text)
    __rt_memclr                              0x000002c7   Thumb Code     0  rt_memclr.o(.text)
    __aeabi_memclr4                          0x000002cb   Thumb Code     0  rt_memclr.o(.text)
    __aeabi_memclr8                          0x000002cb   Thumb Code     0  rt_memclr.o(.text)
    __rt_memclr_w                            0x000002cb   Thumb Code     4  rt_memclr.o(.text)
    __aeabi_uidiv                            0x000002cf   Thumb Code     0  aeabi_sdiv.o(.text)
    __aeabi_uidivmod                         0x000002cf   Thumb Code    20  aeabi_sdiv.o(.text)
    __aeabi_idiv                             0x000002e3   Thumb Code     0  aeabi_sdiv.o(.text)
    __aeabi_idivmod                          0x000002e3   Thumb Code   326  aeabi_sdiv.o(.text)
    __use_two_region_memory                  0x00000429   Thumb Code     2  heapauxi.o(.text)
    __rt_heap_escrow$2region                 0x0000042b   Thumb Code     2  heapauxi.o(.text)
    __rt_heap_expand$2region                 0x0000042d   Thumb Code     2  heapauxi.o(.text)
    __aeabi_dadd                             0x00000729   Thumb Code     0  daddsub.o(.text)
    _dadd                                    0x00000729   Thumb Code    26  daddsub.o(.text)
    __aeabi_dsub                             0x00000743   Thumb Code     0  daddsub.o(.text)
    _dsub                                    0x00000743   Thumb Code    22  daddsub.o(.text)
    __aeabi_drsub                            0x00000759   Thumb Code     0  daddsub.o(.text)
    _drsb                                    0x00000759   Thumb Code    28  daddsub.o(.text)
    __aeabi_ddiv                             0x00000789   Thumb Code     0  ddiv.o(.text)
    _ddiv                                    0x00000789   Thumb Code  1072  ddiv.o(.text)
    _drdiv                                   0x00000bb9   Thumb Code    20  ddiv.o(.text)
    __aeabi_d2iz                             0x00000bd1   Thumb Code     0  dfixi.o(.text)
    _dfix                                    0x00000bd1   Thumb Code    98  dfixi.o(.text)
    __aeabi_d2uiz                            0x00000c3d   Thumb Code     0  dfixui.o(.text)
    _dfixu                                   0x00000c3d   Thumb Code    68  dfixui.o(.text)
    __aeabi_i2d_normalise                    0x00000c85   Thumb Code    66  dflti.o(.text)
    __aeabi_i2d                              0x00000cc7   Thumb Code    16  dflti.o(.text)
    _dflt                                    0x00000cc7   Thumb Code     0  dflti.o(.text)
    __aeabi_ui2d                             0x00000cd7   Thumb Code     6  dflti.o(.text)
    _dfltu                                   0x00000cd7   Thumb Code     0  dflti.o(.text)
    __aeabi_l2d_normalise                    0x00000cdd   Thumb Code   104  dfltl.o(.text)
    __aeabi_l2d                              0x00000d45   Thumb Code    20  dfltl.o(.text)
    _ll_sto_d                                0x00000d45   Thumb Code     0  dfltl.o(.text)
    __aeabi_ul2d                             0x00000d59   Thumb Code     4  dfltl.o(.text)
    _ll_uto_d                                0x00000d59   Thumb Code     0  dfltl.o(.text)
    __aeabi_dmul                             0x00000d61   Thumb Code     0  dmul.o(.text)
    _dmul                                    0x00000d61   Thumb Code   558  dmul.o(.text)
    __ARM_scalbn                             0x00000fa9   Thumb Code    84  dscalbn.o(.text)
    __aeabi_f2d                              0x00001009   Thumb Code     0  f2d.o(.text)
    _f2d                                     0x00001009   Thumb Code    80  f2d.o(.text)
    __aeabi_fdiv                             0x0000105d   Thumb Code     0  fdiv.o(.text)
    _fdiv                                    0x0000105d   Thumb Code   334  fdiv.o(.text)
    _frdiv                                   0x000011ab   Thumb Code     8  fdiv.o(.text)
    __aeabi_f2iz                             0x000011bd   Thumb Code     0  ffixi.o(.text)
    _ffix                                    0x000011bd   Thumb Code    76  ffixi.o(.text)
    __aeabi_i2f_normalise                    0x00001209   Thumb Code    72  fflti.o(.text)
    __aeabi_i2f                              0x00001251   Thumb Code    16  fflti.o(.text)
    _fflt                                    0x00001251   Thumb Code     0  fflti.o(.text)
    __aeabi_ui2f                             0x00001261   Thumb Code     6  fflti.o(.text)
    _ffltu                                   0x00001261   Thumb Code     0  fflti.o(.text)
    __aeabi_uldivmod                         0x00001267   Thumb Code   258  lludiv.o(.text)
    _ll_udiv                                 0x00001267   Thumb Code     0  lludiv.o(.text)
    __user_setup_stackheap                   0x00001369   Thumb Code    62  sys_stackheap_outer.o(.text)
    exit                                     0x000013a7   Thumb Code    16  exit.o(.text)
    __user_libspace                          0x000013b9   Thumb Code     8  libspace.o(.text)
    __user_perproc_libspace                  0x000013b9   Thumb Code     0  libspace.o(.text)
    __user_perthread_libspace                0x000013b9   Thumb Code     0  libspace.o(.text)
    _sys_exit                                0x000013c1   Thumb Code     8  sys_exit.o(.text)
    __I$use$semihosting                      0x000013cd   Thumb Code     0  use_no_semi.o(.text)
    __use_no_semihosting_swi                 0x000013cd   Thumb Code     2  use_no_semi.o(.text)
    __semihosting_library_function           0x000013cf   Thumb Code     0  indicate_semi.o(.text)
    ADC_IRQHandler                           0x000013d1   Thumb Code   124  interrupt.o(i.ADC_IRQHandler)
    ADC_Init                                 0x00001475   Thumb Code    72  lks32mc03x_adc.o(i.ADC_Init)
    ADC_NormalModeCFG                        0x000014bd   Thumb Code    16  signalchain_sample.o(i.ADC_NormalModeCFG)
    ADC_StructInit                           0x000014d9   Thumb Code    32  lks32mc03x_adc.o(i.ADC_StructInit)
    ADC_init                                 0x000014f9   Thumb Code    74  hardware_init.o(i.ADC_init)
    AdcSampleCal                             0x00001551   Thumb Code    84  foc_drive.o(i.AdcSampleCal)
    App2CoreCurTrans                         0x000015b1   Thumb Code    12  app2core.o(i.App2CoreCurTrans)
    App2CoreFreqTrans                        0x000015c1   Thumb Code    12  app2core.o(i.App2CoreFreqTrans)
    AutoFieldWeakReg                         0x000015d1   Thumb Code    94  fluxobserve.o(i.AutoFieldWeakReg)
    CMP_IRQHandler                           0x00001641   Thumb Code    80  interrupt.o(i.CMP_IRQHandler)
    CMP_Init                                 0x0000169d   Thumb Code   206  lks32mc03x_cmp.o(i.CMP_Init)
    CMP_StructInit                           0x0000177d   Thumb Code    62  lks32mc03x_cmp.o(i.CMP_StructInit)
    CMP_init                                 0x000017bb   Thumb Code    76  hardware_init.o(i.CMP_init)
    Clock_Init                               0x00001809   Thumb Code    26  hardware_init.o(i.Clock_Init)
    CurrentAmplitudeCalc                     0x00001831   Thumb Code    94  fault_detection.o(i.CurrentAmplitudeCalc)
    CurrentLoopAxisD_Set                     0x00001891   Thumb Code    56  state_machine.o(i.CurrentLoopAxisD_Set)
    CurrentLoopAxisQ_Set                     0x000018d1   Thumb Code    56  state_machine.o(i.CurrentLoopAxisQ_Set)
    CurrentLoopReg                           0x00001911   Thumb Code    64  foc_drive.o(i.CurrentLoopReg)
    CurrentOffsetCalibration                 0x00001955   Thumb Code   192  system_init.o(i.CurrentOffsetCalibration)
    CurrentPIRegulator                       0x00001a31   Thumb Code    48  pid_regulators.o(i.CurrentPIRegulator)
    DAC_Init                                 0x00001a61   Thumb Code    20  hardware_init.o(i.DAC_Init)
    DMA_IRQHandler                           0x00001a75   Thumb Code     2  interrupt.o(i.DMA_IRQHandler)
    DcVoltPerUnitCalc                        0x00001a79   Thumb Code    60  fluxobserve.o(i.DcVoltPerUnitCalc)
    DcVoltPerUnitCalcInt                     0x00001ac5   Thumb Code    62  fluxobserve.o(i.DcVoltPerUnitCalcInt)
    EraseSector                              0x00001b1d   Thumb Code    98  lks32mc03x_flash.o(i.EraseSector)
    EraseWriteFlash                          0x00001ba9   Thumb Code    56  user_app.o(i.EraseWriteFlash)
    FOC_InitstruParam                        0x00001bf1   Thumb Code    88  foc_drive.o(i.FOC_InitstruParam)
    FOC_Model                                0x00001c5d   Thumb Code   146  foc_drive.o(i.FOC_Model)
    FWLoopPIReg                              0x00001cf9   Thumb Code    64  fluxobserve.o(i.FWLoopPIReg)
    FaultCheck                               0x00001d39   Thumb Code   102  fault_detection.o(i.FaultCheck)
    FaultCurrentCheck                        0x00001db5   Thumb Code    58  fault_detection.o(i.FaultCurrentCheck)
    FaultInit                                0x00001df9   Thumb Code   202  fault_detection.o(i.FaultInit)
    FaultPhaseCheck                          0x00001ef1   Thumb Code    86  fault_detection.o(i.FaultPhaseCheck)
    FaultRecover                             0x00001f55   Thumb Code   274  fault_detection.o(i.FaultRecover)
    FaultRecoverInit                         0x00002079   Thumb Code    52  fault_detection.o(i.FaultRecoverInit)
    FaultStallCheck                          0x000020bd   Thumb Code   184  fault_detection.o(i.FaultStallCheck)
    FaultVoltageCheck                        0x00002181   Thumb Code   110  fault_detection.o(i.FaultVoltageCheck)
    FindQNum                                 0x00002201   Thumb Code    28  fluxobserve.o(i.FindQNum)
    FluxObserveInit                          0x0000221d   Thumb Code    74  system_init.o(i.FluxObserveInit)
    FluxObserveParaCalc                      0x00002285   Thumb Code  1582  fluxobserve.o(i.FluxObserveParaCalc)
    Flux_OBS_ParaInit                        0x000028e1   Thumb Code    30  fluxobserve.o(i.Flux_OBS_ParaInit)
    FunStateCharge                           0x00002909   Thumb Code   158  user_app.o(i.FunStateCharge)
    GPIO_IRQHandler                          0x000029b5   Thumb Code     2  interrupt.o(i.GPIO_IRQHandler)
    GPIO_Init                                0x000029b7   Thumb Code   116  lks32mc03x_gpio.o(i.GPIO_Init)
    GPIO_PinAFConfig                         0x00002a2d   Thumb Code   202  lks32mc03x_gpio.o(i.GPIO_PinAFConfig)
    GPIO_ReadInputDataBit                    0x00002b01   Thumb Code    14  lks32mc03x_gpio.o(i.GPIO_ReadInputDataBit)
    GPIO_ResetBits                           0x00002b0f   Thumb Code     4  lks32mc03x_gpio.o(i.GPIO_ResetBits)
    GPIO_SetBits                             0x00002b13   Thumb Code     4  lks32mc03x_gpio.o(i.GPIO_SetBits)
    GPIO_StructInit                          0x00002b17   Thumb Code    12  lks32mc03x_gpio.o(i.GPIO_StructInit)
    GPIO_init                                0x00002b25   Thumb Code   126  hardware_init.o(i.GPIO_init)
    GetVdcSpeed                              0x00002ba9   Thumb Code    96  user_app.o(i.GetVdcSpeed)
    Get_Power                                0x00002c21   Thumb Code    16  user_app.o(i.Get_Power)
    HALL_IRQHandler                          0x00002c39   Thumb Code     2  interrupt.o(i.HALL_IRQHandler)
    HALL_Init                                0x00002c3d   Thumb Code    76  lks32mc03x_hall.o(i.HALL_Init)
    HALL_Perip_Init                          0x00002c8d   Thumb Code    54  hardware_init.o(i.HALL_Perip_Init)
    HALL_StructInit                          0x00002cc9   Thumb Code    32  lks32mc03x_hall.o(i.HALL_StructInit)
    Hardware_init                            0x00002ced   Thumb Code   160  hardware_init.o(i.Hardware_init)
    HeaterControl                            0x00002d9d   Thumb Code   284  heatcontrol.o(i.HeaterControl)
    HeaterControl_1ms                        0x00002edd   Thumb Code   116  heatcontrol.o(i.HeaterControl_1ms)
    HeaterTemperature_Control                0x00002f55   Thumb Code   174  heatcontrol.o(i.HeaterTemperature_Control)
    I2C_IRQHandler                           0x00003011   Thumb Code     2  interrupt.o(i.I2C_IRQHandler)
    LowPassControl                           0x00003013   Thumb Code    44  powercalculation.o(i.LowPassControl)
    MCPWM0_IRQHandler                        0x00003041   Thumb Code    42  interrupt.o(i.MCPWM0_IRQHandler)
    MCPWM0_RegUpdate                         0x00003075   Thumb Code    48  signalchain_sample.o(i.MCPWM0_RegUpdate)
    MCPWM1_IRQHandler                        0x000030b1   Thumb Code     2  interrupt.o(i.MCPWM1_IRQHandler)
    MCPWM_Init                               0x000030b5   Thumb Code   534  lks32mc03x_mcpwm.o(i.MCPWM_Init)
    MCPWM_StructInit                         0x000032d9   Thumb Code    10  lks32mc03x_mcpwm.o(i.MCPWM_StructInit)
    MCPWM_init                               0x000032e5   Thumb Code   148  hardware_init.o(i.MCPWM_init)
    MemoryRestore                            0x00003385   Thumb Code    20  user_app.o(i.MemoryRestore)
    ModuCircle_Limitation                    0x0000339d   Thumb Code   182  fluxobserve.o(i.ModuCircle_Limitation)
    NTCResistor10                            0x00003469   Thumb Code   598  heatcontrol.o(i.NTCResistor10)
    NTCTempAD                                0x000037a1   Thumb Code    52  heatcontrol.o(i.NTCTempAD)
    OnTheFlyDetectInit                       0x000037e5   Thumb Code    12  fluxobserve.o(i.OnTheFlyDetectInit)
    OpenCloseAngleSwitch                     0x000037f5   Thumb Code    54  fluxobserve.o(i.OpenCloseAngleSwitch)
    OpenLoopCurRamp                          0x00003841   Thumb Code    64  process_control.o(i.OpenLoopCurRamp)
    PGA_Init                                 0x00003881   Thumb Code    36  hardware_init.o(i.PGA_Init)
    PWMOutputs                               0x000038ad   Thumb Code    30  lks32mc03x_mcpwm.o(i.PWMOutputs)
    PWMScan                                  0x000038d9   Thumb Code    82  speedscan.o(i.PWMScan)
    PmsmFluxObIni                            0x00003939   Thumb Code   136  fluxobserve.o(i.PmsmFluxObIni)
    PmsmFluxObserve                          0x000039dd   Thumb Code   216  fluxobserve.o(i.PmsmFluxObserve)
    PowerCalc                                0x00003ad5   Thumb Code    50  powercalculation.o(i.PowerCalc)
    ProgramPage                              0x00003b09   Thumb Code   214  lks32mc03x_flash.o(i.ProgramPage)
    SPI_IRQHandler                           0x00003c01   Thumb Code     2  interrupt.o(i.SPI_IRQHandler)
    SVPWM_2ShuntGEN                          0x00003c05   Thumb Code   310  lib_svpwm.o(i.SVPWM_2ShuntGEN)
    SW_IRQHandler                            0x00003d41   Thumb Code     2  interrupt.o(i.SW_IRQHandler)
    SYS_AnalogModuleClockCmd                 0x00003d45   Thumb Code    58  lks32mc03x_sys.o(i.SYS_AnalogModuleClockCmd)
    SYS_ModuleClockCmd                       0x00003d89   Thumb Code    26  lks32mc03x_sys.o(i.SYS_ModuleClockCmd)
    SoftDelay                                0x00003dad   Thumb Code    18  task_scheduler.o(i.SoftDelay)
    SpeedLoopReg                             0x00003dc1   Thumb Code    38  foc_drive.o(i.SpeedLoopReg)
    SpeedLoop_Set                            0x00003df1   Thumb Code    40  state_machine.o(i.SpeedLoop_Set)
    SpeedPIRegulator                         0x00003e19   Thumb Code   152  pid_regulators.o(i.SpeedPIRegulator)
    SpeedReferenceGen                        0x00003eb1   Thumb Code    46  process_control.o(i.SpeedReferenceGen)
    StateAlign                               0x00003ee1   Thumb Code    88  state_machine.o(i.StateAlign)
    StateCharge                              0x00003f55   Thumb Code   238  state_machine.o(i.StateCharge)
    StateFault                               0x00004069   Thumb Code    22  state_machine.o(i.StateFault)
    StateInit                                0x00004089   Thumb Code   472  state_machine.o(i.StateInit)
    StateOpen                                0x000042b9   Thumb Code   188  state_machine.o(i.StateOpen)
    StateRun                                 0x000043a1   Thumb Code   308  state_machine.o(i.StateRun)
    StateStop                                0x00004505   Thumb Code    28  state_machine.o(i.StateStop)
    SysTick_Handler                          0x00004529   Thumb Code     2  interrupt.o(i.SysTick_Handler)
    Sys_State_Machine                        0x0000452d   Thumb Code   216  state_machine.o(i.Sys_State_Machine)
    SystemInit                               0x00004619   Thumb Code     8  hardware_init.o(i.SystemInit)
    TIMER0_IRQHandler                        0x00004621   Thumb Code     8  interrupt.o(i.TIMER0_IRQHandler)
    TIMER1_IRQHandler                        0x00004629   Thumb Code    38  interrupt.o(i.TIMER1_IRQHandler)
    TIM_TimerInit                            0x00004659   Thumb Code   162  lks32mc03x_timer.o(i.TIM_TimerInit)
    TIM_TimerStrutInit                       0x00004705   Thumb Code    52  lks32mc03x_timer.o(i.TIM_TimerStrutInit)
    Task_Scheduler                           0x00004739   Thumb Code   122  task_scheduler.o(i.Task_Scheduler)
    TempSensor_Init                          0x000047c9   Thumb Code    18  hardware_init.o(i.TempSensor_Init)
    Trig_Functions                           0x000047e5   Thumb Code   114  mc_math.o(i.Trig_Functions)
    UART_IRQHandler                          0x0000485d   Thumb Code     2  interrupt.o(i.UART_IRQHandler)
    USER_APP_vTick10ms                       0x0000485f   Thumb Code    12  user_app.o(i.USER_APP_vTick10ms)
    USER_APP_vTick1ms                        0x0000486b   Thumb Code    12  user_app.o(i.USER_APP_vTick1ms)
    USER_GPIO_Init                           0x00004879   Thumb Code   166  user_app.o(i.USER_GPIO_Init)
    USER_Init                                0x0000492d   Thumb Code    28  user_app.o(i.USER_Init)
    UTimer_init                              0x00004951   Thumb Code    74  hardware_init.o(i.UTimer_init)
    User2AppAngleTrans                       0x000049ad   Thumb Code    30  app2core.o(i.User2AppAngleTrans)
    User2AppCurTrans                         0x000049d1   Thumb Code    28  app2core.o(i.User2AppCurTrans)
    User2AppFreqTrans                        0x000049f1   Thumb Code    28  app2core.o(i.User2AppFreqTrans)
    User2AppVolTrans                         0x00004a11   Thumb Code    36  app2core.o(i.User2AppVolTrans)
    WAKE_IRQHandler                          0x00004a49   Thumb Code     2  interrupt.o(i.WAKE_IRQHandler)
    __ARM_common_ll_mulss                    0x00004a4b   Thumb Code    48  fluxobserve.o(i.__ARM_common_ll_mulss)
    __ARM_common_ll_muluu                    0x00004a7b   Thumb Code    48  fluxobserve.o(i.__ARM_common_ll_muluu)
    __ARM_common_switch8                     0x00004aab   Thumb Code    26  state_machine.o(i.__ARM_common_switch8)
    main                                     0x00004b21   Thumb Code    40  main.o(i.main)
    sys_init                                 0x00004b55   Thumb Code    26  system_init.o(i.sys_init)
    vLoadForFlashing                         0x00004b79   Thumb Code    20  user_app.o(i.vLoadForFlashing)
    __aeabi_fmul                             0x00004b91   Thumb Code     0  fmul.o(x$fpl$fmul)
    _fmul                                    0x00004b91   Thumb Code   172  fmul.o(x$fpl$fmul)
    __I$use$fp                               0x00004c40   Number         0  usenofp.o(x$fpl$usenofp)
    sVersion                                 0x00004c40   Data          10  global_variable.o(.constdata)
    struFOC_ConstParam                       0x00004c4a   Data          16  global_variable.o(.constdata)
    struMotorParam                           0x00004c5c   Data          44  global_variable.o(.constdata)
    struBoardParam                           0x00004c88   Data          36  global_variable.o(.constdata)
    HotTab                                   0x00004cac   Data        2500  heatcontrol.o(.constdata)
    hSin_Cos_Table                           0x00005670   Data         512  mc_math.o(.constdata)
    Region$$Table$$Base                      0x00005930   Number         0  anon$$obj.o(Region$$Table)
    Region$$Table$$Limit                     0x00005950   Number         0  anon$$obj.o(Region$$Table)
    BrakeFlag                                0x20000000   Data           1  state_machine.o(.data)
    testspeed                                0x20000001   Data           1  state_machine.o(.data)
    g_uDirCheckStep                          0x20000002   Data           2  state_machine.o(.data)
    SoftCur_Cnt                              0x20000004   Data           2  fault_detection.o(.data)
    stru_Faults                              0x20000008   Data           2  fault_detection.o(.data)
    struImaxCurrent                          0x2000000a   Data           6  fault_detection.o(.data)
    FRS_ON                                   0x20000010   Data           1  heatcontrol.o(.data)
    TempAD                                   0x20000012   Data           2  heatcontrol.o(.data)
    NTCResistor                              0x20000014   Data           4  heatcontrol.o(.data)
    NTCR                                     0x20000018   Data           4  heatcontrol.o(.data)
    Mag_nCurr                                0x2000001c   Data           2  foc_drive.o(.data)
    watchiq                                  0x2000001e   Data           2  foc_drive.o(.data)
    TempGear                                 0x20000020   Data           1  user_app.o(.data)
    iTargetGear                              0x20000021   Data           1  user_app.o(.data)
    AutoTemp                                 0x20000022   Data           1  user_app.o(.data)
    KEY_WindSpeedCnt1                        0x20000023   Data           1  user_app.o(.data)
    KEY_WindSpeedCnt2                        0x20000024   Data           1  user_app.o(.data)
    KEY_WindSpeedAcState                     0x20000025   Data           1  user_app.o(.data)
    WindSpeedKeyStateLast                    0x20000026   Data           1  user_app.o(.data)
    WindSpeedKeyState                        0x20000027   Data           1  user_app.o(.data)
    LEDcharge                                0x20000028   Data           1  user_app.o(.data)
    TempGear_memory                          0x2000002c   Data           1  user_app.o(.data)
    Memorymessag_eraseflg                    0x2000002d   Data           1  user_app.o(.data)
    KEY_WindTempONCnt                        0x2000002e   Data           2  user_app.o(.data)
    KEY_WindTempOFFCnt                       0x20000030   Data           2  user_app.o(.data)
    uDCfil                                   0x20000032   Data           2  user_app.o(.data)
    LEDPWMcnt1                               0x20000034   Data           2  user_app.o(.data)
    LEDPWMcnt2                               0x20000036   Data           2  user_app.o(.data)
    LEDPWMcnt3                               0x20000038   Data           2  user_app.o(.data)
    AutoTempLED2S                            0x20000040   Data           2  user_app.o(.data)
    t_VdcSpdCoef                             0x20000042   Data           2  user_app.o(.data)
    AppCmdKey                                0x20000044   Data           3  user_app.o(.data)
    s32uDCfil                                0x20000048   Data           4  user_app.o(.data)
    Memorymsg                                0x2000004c   Data           4  user_app.o(.data)
    remotor_memory                           0x20000050   Data           4  user_app.o(.data)
    g_FluxObsMode                            0x20000056   Data           2  fluxobserve.o(.data)
    g_FluxObsFreqSegSet                      0x20000058   Data           2  fluxobserve.o(.data)
    uPWM1msTick                              0x2000005a   Data           2  fluxobserve.o(.data)
    uFreq1msM                                0x2000005c   Data           2  fluxobserve.o(.data)
    AFWR_KP                                  0x2000005e   Data           2  fluxobserve.o(.data)
    AFWR_KI                                  0x20000060   Data           2  fluxobserve.o(.data)
    ATWR_KP                                  0x20000062   Data           2  fluxobserve.o(.data)
    ATWR_KI                                  0x20000064   Data           2  fluxobserve.o(.data)
    gPmWeakId                                0x20000066   Data           2  fluxobserve.o(.data)
    gPmWeakIq                                0x20000068   Data           2  fluxobserve.o(.data)
    s16VolOutAvg                             0x20000070   Data           2  fluxobserve.o(.data)
    afo15Sftn                                0x20000072   Data           2  fluxobserve.o(.data)
    s16UmRohRef                              0x20000074   Data           2  fluxobserve.o(.data)
    s16UtRohRef                              0x20000076   Data           2  fluxobserve.o(.data)
    g_nD_CurrLoopKPL                         0x20000078   Data           2  fluxobserve.o(.data)
    g_nD_CurrLoopKIL                         0x2000007a   Data           2  fluxobserve.o(.data)
    g_nQ_CurrLoopKPL                         0x2000007c   Data           2  fluxobserve.o(.data)
    g_nQ_CurrLoopKIL                         0x2000007e   Data           2  fluxobserve.o(.data)
    g_nD_CurrLoopKPH                         0x20000080   Data           2  fluxobserve.o(.data)
    g_nD_CurrLoopKIH                         0x20000082   Data           2  fluxobserve.o(.data)
    g_nQ_CurrLoopKPH                         0x20000084   Data           2  fluxobserve.o(.data)
    g_nQ_CurrLoopKIH                         0x20000086   Data           2  fluxobserve.o(.data)
    uMrasTheta_est                           0x20000088   Data           4  fluxobserve.o(.data)
    gThetaComp                               0x2000008c   Data           4  fluxobserve.o(.data)
    gModCoef                                 0x20000090   Data           4  fluxobserve.o(.data)
    gBemfPerUnitGain                         0x20000098   Data           4  fluxobserve.o(.data)
    afo15                                    0x2000009c   Data           4  fluxobserve.o(.data)
    uPmRsPu                                  0x200000a0   Data           4  fluxobserve.o(.data)
    s32VolOutAvg                             0x200000a4   Data           4  fluxobserve.o(.data)
    iMrasIdEstN_1_Fs                         0x200000a8   Data           4  fluxobserve.o(.data)
    iMrasIqEstN_1_Fs                         0x200000ac   Data           4  fluxobserve.o(.data)
    synWeObsFilt                             0x200000b0   Data           4  fluxobserve.o(.data)
    iThetaErr2                               0x200000b4   Data           4  fluxobserve.o(.data)
    g_AngleComp                              0x200000ba   Data           2  onthefly.o(.data)
    g_nMotorSynEmf                           0x200000ce   Data           2  onthefly.o(.data)
    g_nMotorSynEmfAngle                      0x200000d0   Data           2  onthefly.o(.data)
    gVolMsdA                                 0x200000d2   Data           2  onthefly.o(.data)
    gVolMsdB                                 0x200000d4   Data           2  onthefly.o(.data)
    gBemfMeas                                0x200000d6   Data           2  onthefly.o(.data)
    gFreqMsd                                 0x200000d8   Data           2  onthefly.o(.data)
    g_nMotorSynEmfFreq                       0x200000ec   Data           4  onthefly.o(.data)
    struBemfVolt                             0x200000f0   Data           6  onthefly.o(.data)
    struTaskScheduler                        0x200000f8   Data          16  global_variable.o(.bss)
    struFOC_CtrProc                          0x20000108   Data          16  global_variable.o(.bss)
    struFOC_CurrLoop                         0x20000118   Data         236  global_variable.o(.bss)
    struFluxOB_Param                         0x20000204   Data          64  global_variable.o(.bss)
    struAppCommData                          0x20000244   Data          68  global_variable.o(.bss)
    struMotorSpeed                           0x20000288   Data          88  global_variable.o(.bss)
    mOnTheFlyDetect                          0x200002e0   Data          36  global_variable.o(.bss)
    mOpenForceRun                            0x20000304   Data          24  global_variable.o(.bss)
    struUser2App                             0x2000031c   Data          32  global_variable.o(.bss)
    struCore2App                             0x2000033c   Data          32  global_variable.o(.bss)
    struApp2Core                             0x2000035c   Data          32  global_variable.o(.bss)
    mIPD_CtrProc                             0x2000037c   Data          32  global_variable.o(.bss)
    struTime                                 0x2000039c   Data          14  state_machine.o(.bss)
    struCurrentAmplitude                     0x200003ac   Data          24  fault_detection.o(.bss)
    stru_FaultValue                          0x200003c4   Data          40  fault_detection.o(.bss)
    struFaultVoltTime                        0x200003ec   Data          10  fault_detection.o(.bss)
    struFaultEmptyTime                       0x200003f6   Data          10  fault_detection.o(.bss)
    struFaultStallTime                       0x20000400   Data          10  fault_detection.o(.bss)
    struFaultCurrentTime                     0x2000040a   Data          10  fault_detection.o(.bss)
    struFaultTempTime                        0x20000414   Data          10  fault_detection.o(.bss)
    struFaultPhaseTime                       0x2000041e   Data          10  fault_detection.o(.bss)
    struFaultStartTime                       0x20000428   Data          10  fault_detection.o(.bss)
    struPower                                0x20000438   Data          96  powercalculation.o(.bss)
    struPWMTime                              0x20000498   Data          32  speedscan.o(.bss)
    FRSControl                               0x200004b8   Data          68  heatcontrol.o(.bss)
    powerfreqcmd                             0x200004fc   Data          12  user_app.o(.bss)
    UserSys                                  0x20000508   Data          22  user_app.o(.bss)
    struFluxOB_Var                           0x20000520   Data          32  fluxobserve.o(.bss)
    m_FluxOBSPara                            0x20000540   Data          56  fluxobserve.o(.bss)
    AEMFRM                                   0x20000578   Data          28  fluxobserve.o(.bss)
    AEMFRT                                   0x20000594   Data          28  fluxobserve.o(.bss)
    AFWR                                     0x200005b0   Data          20  fluxobserve.o(.bss)
    ATWR                                     0x200005c4   Data          20  fluxobserve.o(.bss)
    __libspace_start                         0x200005d8   Data          96  libspace.o(.bss)
    __temporary_stack_top$libspace           0x20000638   Data           0  libspace.o(.bss)



==============================================================================

Memory Map of the image

  Image Entry point : 0x000000c1

  Load Region LR_IROM1 (Base: 0x00000000, Size: 0x00005a48, Max: 0x00008000, ABSOLUTE)

    Execution Region ER_IROM1 (Exec base: 0x00000000, Load base: 0x00000000, Size: 0x00005950, Max: 0x00008000, ABSOLUTE)

    Exec Addr    Load Addr    Size         Type   Attr      Idx    E Section Name        Object

    0x00000000   0x00000000   0x000000c0   Data   RO         2255    RESET               startup_lks32mc03x.o
    0x000000c0   0x000000c0   0x00000008   Code   RO         2808  * !!!main             c_p.l(__main.o)
    0x000000c8   0x000000c8   0x0000003c   Code   RO         3016    !!!scatter          c_p.l(__scatter.o)
    0x00000104   0x00000104   0x0000001a   Code   RO         3018    !!handler_copy      c_p.l(__scatter_copy.o)
    0x0000011e   0x0000011e   0x00000002   PAD
    0x00000120   0x00000120   0x0000001c   Code   RO         3020    !!handler_zi        c_p.l(__scatter_zi.o)
    0x0000013c   0x0000013c   0x00000002   Code   RO         2883    .ARM.Collect$$libinit$$00000000  c_p.l(libinit.o)
    0x0000013e   0x0000013e   0x00000000   Code   RO         2897    .ARM.Collect$$libinit$$00000002  c_p.l(libinit2.o)
    0x0000013e   0x0000013e   0x00000000   Code   RO         2899    .ARM.Collect$$libinit$$00000004  c_p.l(libinit2.o)
    0x0000013e   0x0000013e   0x00000000   Code   RO         2902    .ARM.Collect$$libinit$$0000000A  c_p.l(libinit2.o)
    0x0000013e   0x0000013e   0x00000000   Code   RO         2904    .ARM.Collect$$libinit$$0000000C  c_p.l(libinit2.o)
    0x0000013e   0x0000013e   0x00000000   Code   RO         2906    .ARM.Collect$$libinit$$0000000E  c_p.l(libinit2.o)
    0x0000013e   0x0000013e   0x00000000   Code   RO         2909    .ARM.Collect$$libinit$$00000011  c_p.l(libinit2.o)
    0x0000013e   0x0000013e   0x00000000   Code   RO         2911    .ARM.Collect$$libinit$$00000013  c_p.l(libinit2.o)
    0x0000013e   0x0000013e   0x00000000   Code   RO         2913    .ARM.Collect$$libinit$$00000015  c_p.l(libinit2.o)
    0x0000013e   0x0000013e   0x00000000   Code   RO         2915    .ARM.Collect$$libinit$$00000017  c_p.l(libinit2.o)
    0x0000013e   0x0000013e   0x00000000   Code   RO         2917    .ARM.Collect$$libinit$$00000019  c_p.l(libinit2.o)
    0x0000013e   0x0000013e   0x00000000   Code   RO         2919    .ARM.Collect$$libinit$$0000001B  c_p.l(libinit2.o)
    0x0000013e   0x0000013e   0x00000000   Code   RO         2921    .ARM.Collect$$libinit$$0000001D  c_p.l(libinit2.o)
    0x0000013e   0x0000013e   0x00000000   Code   RO         2923    .ARM.Collect$$libinit$$0000001F  c_p.l(libinit2.o)
    0x0000013e   0x0000013e   0x00000000   Code   RO         2925    .ARM.Collect$$libinit$$00000021  c_p.l(libinit2.o)
    0x0000013e   0x0000013e   0x00000000   Code   RO         2927    .ARM.Collect$$libinit$$00000023  c_p.l(libinit2.o)
    0x0000013e   0x0000013e   0x00000000   Code   RO         2929    .ARM.Collect$$libinit$$00000025  c_p.l(libinit2.o)
    0x0000013e   0x0000013e   0x00000000   Code   RO         2933    .ARM.Collect$$libinit$$0000002C  c_p.l(libinit2.o)
    0x0000013e   0x0000013e   0x00000000   Code   RO         2935    .ARM.Collect$$libinit$$0000002E  c_p.l(libinit2.o)
    0x0000013e   0x0000013e   0x00000000   Code   RO         2937    .ARM.Collect$$libinit$$00000030  c_p.l(libinit2.o)
    0x0000013e   0x0000013e   0x00000000   Code   RO         2939    .ARM.Collect$$libinit$$00000032  c_p.l(libinit2.o)
    0x0000013e   0x0000013e   0x00000002   Code   RO         2940    .ARM.Collect$$libinit$$00000033  c_p.l(libinit2.o)
    0x00000140   0x00000140   0x00000002   Code   RO         2971    .ARM.Collect$$libshutdown$$00000000  c_p.l(libshutdown.o)
    0x00000142   0x00000142   0x00000000   Code   RO         2997    .ARM.Collect$$libshutdown$$00000002  c_p.l(libshutdown2.o)
    0x00000142   0x00000142   0x00000000   Code   RO         2999    .ARM.Collect$$libshutdown$$00000004  c_p.l(libshutdown2.o)
    0x00000142   0x00000142   0x00000000   Code   RO         3001    .ARM.Collect$$libshutdown$$00000006  c_p.l(libshutdown2.o)
    0x00000142   0x00000142   0x00000000   Code   RO         3004    .ARM.Collect$$libshutdown$$00000009  c_p.l(libshutdown2.o)
    0x00000142   0x00000142   0x00000000   Code   RO         3007    .ARM.Collect$$libshutdown$$0000000C  c_p.l(libshutdown2.o)
    0x00000142   0x00000142   0x00000000   Code   RO         3009    .ARM.Collect$$libshutdown$$0000000E  c_p.l(libshutdown2.o)
    0x00000142   0x00000142   0x00000000   Code   RO         3012    .ARM.Collect$$libshutdown$$00000011  c_p.l(libshutdown2.o)
    0x00000142   0x00000142   0x00000002   Code   RO         3013    .ARM.Collect$$libshutdown$$00000012  c_p.l(libshutdown2.o)
    0x00000144   0x00000144   0x00000000   Code   RO         2840    .ARM.Collect$$rtentry$$00000000  c_p.l(__rtentry.o)
    0x00000144   0x00000144   0x00000000   Code   RO         2849    .ARM.Collect$$rtentry$$00000002  c_p.l(__rtentry2.o)
    0x00000144   0x00000144   0x00000006   Code   RO         2861    .ARM.Collect$$rtentry$$00000004  c_p.l(__rtentry4.o)
    0x0000014a   0x0000014a   0x00000000   Code   RO         2851    .ARM.Collect$$rtentry$$00000009  c_p.l(__rtentry2.o)
    0x0000014a   0x0000014a   0x00000004   Code   RO         2852    .ARM.Collect$$rtentry$$0000000A  c_p.l(__rtentry2.o)
    0x0000014e   0x0000014e   0x00000000   Code   RO         2854    .ARM.Collect$$rtentry$$0000000C  c_p.l(__rtentry2.o)
    0x0000014e   0x0000014e   0x00000008   Code   RO         2855    .ARM.Collect$$rtentry$$0000000D  c_p.l(__rtentry2.o)
    0x00000156   0x00000156   0x00000002   Code   RO         2888    .ARM.Collect$$rtexit$$00000000  c_p.l(rtexit.o)
    0x00000158   0x00000158   0x00000000   Code   RO         2944    .ARM.Collect$$rtexit$$00000002  c_p.l(rtexit2.o)
    0x00000158   0x00000158   0x00000004   Code   RO         2945    .ARM.Collect$$rtexit$$00000003  c_p.l(rtexit2.o)
    0x0000015c   0x0000015c   0x00000006   Code   RO         2946    .ARM.Collect$$rtexit$$00000004  c_p.l(rtexit2.o)
    0x00000162   0x00000162   0x00000002   PAD
    0x00000164   0x00000164   0x00000044   Code   RO         2256    .text               startup_lks32mc03x.o
    0x000001a8   0x000001a8   0x00000020   Code   RO         2784    .text               c_p.l(llshl.o)
    0x000001c8   0x000001c8   0x00000026   Code   RO         2786    .text               c_p.l(llsshr.o)
    0x000001ee   0x000001ee   0x00000030   Code   RO         2788    .text               c_p.l(llmul.o)
    0x0000021e   0x0000021e   0x00000070   Code   RO         2790    .text               c_p.l(llsdiv.o)
    0x0000028e   0x0000028e   0x00000040   Code   RO         2800    .text               c_p.l(rt_memclr.o)
    0x000002ce   0x000002ce   0x0000015a   Code   RO         2802    .text               c_p.l(aeabi_sdiv.o)
    0x00000428   0x00000428   0x00000006   Code   RO         2806    .text               c_p.l(heapauxi.o)
    0x0000042e   0x0000042e   0x00000002   PAD
    0x00000430   0x00000430   0x00000358   Code   RO         2812    .text               fz_ps.l(daddsub.o)
    0x00000788   0x00000788   0x00000448   Code   RO         2814    .text               fz_ps.l(ddiv.o)
    0x00000bd0   0x00000bd0   0x0000006c   Code   RO         2817    .text               fz_ps.l(dfixi.o)
    0x00000c3c   0x00000c3c   0x00000048   Code   RO         2819    .text               fz_ps.l(dfixui.o)
    0x00000c84   0x00000c84   0x00000058   Code   RO         2821    .text               fz_ps.l(dflti.o)
    0x00000cdc   0x00000cdc   0x00000084   Code   RO         2823    .text               fz_ps.l(dfltl.o)
    0x00000d60   0x00000d60   0x00000248   Code   RO         2825    .text               fz_ps.l(dmul.o)
    0x00000fa8   0x00000fa8   0x00000060   Code   RO         2827    .text               fz_ps.l(dscalbn.o)
    0x00001008   0x00001008   0x00000054   Code   RO         2829    .text               fz_ps.l(f2d.o)
    0x0000105c   0x0000105c   0x00000160   Code   RO         2831    .text               fz_ps.l(fdiv.o)
    0x000011bc   0x000011bc   0x0000004c   Code   RO         2834    .text               fz_ps.l(ffixi.o)
    0x00001208   0x00001208   0x0000005e   Code   RO         2836    .text               fz_ps.l(fflti.o)
    0x00001266   0x00001266   0x00000102   Code   RO         2845    .text               c_p.l(lludiv.o)
    0x00001368   0x00001368   0x0000003e   Code   RO         2869    .text               c_p.l(sys_stackheap_outer.o)
    0x000013a6   0x000013a6   0x00000010   Code   RO         2872    .text               c_p.l(exit.o)
    0x000013b6   0x000013b6   0x00000002   PAD
    0x000013b8   0x000013b8   0x00000008   Code   RO         2884    .text               c_p.l(libspace.o)
    0x000013c0   0x000013c0   0x0000000c   Code   RO         2941    .text               c_p.l(sys_exit.o)
    0x000013cc   0x000013cc   0x00000002   Code   RO         2960    .text               c_p.l(use_no_semi.o)
    0x000013ce   0x000013ce   0x00000000   Code   RO         2962    .text               c_p.l(indicate_semi.o)
    0x000013ce   0x000013ce   0x00000002   PAD
    0x000013d0   0x000013d0   0x000000a4   Code   RO          286    i.ADC_IRQHandler    interrupt.o
    0x00001474   0x00001474   0x00000048   Code   RO         1628    i.ADC_Init          lks32mc03x_adc.o
    0x000014bc   0x000014bc   0x0000001c   Code   RO         1245    i.ADC_NormalModeCFG  signalchain_sample.o
    0x000014d8   0x000014d8   0x00000020   Code   RO         1629    i.ADC_StructInit    lks32mc03x_adc.o
    0x000014f8   0x000014f8   0x00000058   Code   RO          158    i.ADC_init          hardware_init.o
    0x00001550   0x00001550   0x00000060   Code   RO         1174    i.AdcSampleCal      foc_drive.o
    0x000015b0   0x000015b0   0x00000010   Code   RO         1077    i.App2CoreCurTrans  app2core.o
    0x000015c0   0x000015c0   0x00000010   Code   RO         1078    i.App2CoreFreqTrans  app2core.o
    0x000015d0   0x000015d0   0x00000070   Code   RO         2530    i.AutoFieldWeakReg  LKS03x_FluxOBS_V2p16cs3.lib(fluxobserve.o)
    0x00001640   0x00001640   0x0000005c   Code   RO          287    i.CMP_IRQHandler    interrupt.o
    0x0000169c   0x0000169c   0x000000e0   Code   RO         1669    i.CMP_Init          lks32mc03x_cmp.o
    0x0000177c   0x0000177c   0x0000003e   Code   RO         1670    i.CMP_StructInit    lks32mc03x_cmp.o
    0x000017ba   0x000017ba   0x0000004c   Code   RO          159    i.CMP_init          hardware_init.o
    0x00001806   0x00001806   0x00000002   PAD
    0x00001808   0x00001808   0x00000028   Code   RO          160    i.Clock_Init        hardware_init.o
    0x00001830   0x00001830   0x0000005e   Code   RO          675    i.CurrentAmplitudeCalc  fault_detection.o
    0x0000188e   0x0000188e   0x00000002   PAD
    0x00001890   0x00001890   0x00000040   Code   RO          526    i.CurrentLoopAxisD_Set  state_machine.o
    0x000018d0   0x000018d0   0x00000040   Code   RO          527    i.CurrentLoopAxisQ_Set  state_machine.o
    0x00001910   0x00001910   0x00000044   Code   RO         1175    i.CurrentLoopReg    foc_drive.o
    0x00001954   0x00001954   0x000000dc   Code   RO          457    i.CurrentOffsetCalibration  system_init.o
    0x00001a30   0x00001a30   0x00000030   Code   RO         1281    i.CurrentPIRegulator  pid_regulators.o
    0x00001a60   0x00001a60   0x00000014   Code   RO          161    i.DAC_Init          hardware_init.o
    0x00001a74   0x00001a74   0x00000002   Code   RO          288    i.DMA_IRQHandler    interrupt.o
    0x00001a76   0x00001a76   0x00000002   PAD
    0x00001a78   0x00001a78   0x0000004c   Code   RO         2531    i.DcVoltPerUnitCalc  LKS03x_FluxOBS_V2p16cs3.lib(fluxobserve.o)
    0x00001ac4   0x00001ac4   0x00000058   Code   RO         2532    i.DcVoltPerUnitCalcInt  LKS03x_FluxOBS_V2p16cs3.lib(fluxobserve.o)
    0x00001b1c   0x00001b1c   0x0000008c   Code   RO         1742    i.EraseSector       lks32mc03x_flash.o
    0x00001ba8   0x00001ba8   0x00000048   Code   RO         2262    i.EraseWriteFlash   user_app.o
    0x00001bf0   0x00001bf0   0x0000006c   Code   RO         1176    i.FOC_InitstruParam  foc_drive.o
    0x00001c5c   0x00001c5c   0x0000009c   Code   RO         1177    i.FOC_Model         foc_drive.o
    0x00001cf8   0x00001cf8   0x00000040   Code   RO         2533    i.FWLoopPIReg       LKS03x_FluxOBS_V2p16cs3.lib(fluxobserve.o)
    0x00001d38   0x00001d38   0x0000007c   Code   RO          676    i.FaultCheck        fault_detection.o
    0x00001db4   0x00001db4   0x00000044   Code   RO          677    i.FaultCurrentCheck  fault_detection.o
    0x00001df8   0x00001df8   0x000000f8   Code   RO          679    i.FaultInit         fault_detection.o
    0x00001ef0   0x00001ef0   0x00000064   Code   RO          680    i.FaultPhaseCheck   fault_detection.o
    0x00001f54   0x00001f54   0x00000124   Code   RO          681    i.FaultRecover      fault_detection.o
    0x00002078   0x00002078   0x00000044   Code   RO          682    i.FaultRecoverInit  fault_detection.o
    0x000020bc   0x000020bc   0x000000c4   Code   RO          683    i.FaultStallCheck   fault_detection.o
    0x00002180   0x00002180   0x00000080   Code   RO          686    i.FaultVoltageCheck  fault_detection.o
    0x00002200   0x00002200   0x0000001c   Code   RO         2534    i.FindQNum          LKS03x_FluxOBS_V2p16cs3.lib(fluxobserve.o)
    0x0000221c   0x0000221c   0x00000068   Code   RO          458    i.FluxObserveInit   system_init.o
    0x00002284   0x00002284   0x0000065c   Code   RO         2535    i.FluxObserveParaCalc  LKS03x_FluxOBS_V2p16cs3.lib(fluxobserve.o)
    0x000028e0   0x000028e0   0x00000028   Code   RO         2536    i.Flux_OBS_ParaInit  LKS03x_FluxOBS_V2p16cs3.lib(fluxobserve.o)
    0x00002908   0x00002908   0x000000ac   Code   RO         2263    i.FunStateCharge    user_app.o
    0x000029b4   0x000029b4   0x00000002   Code   RO          291    i.GPIO_IRQHandler   interrupt.o
    0x000029b6   0x000029b6   0x00000074   Code   RO         1785    i.GPIO_Init         lks32mc03x_gpio.o
    0x00002a2a   0x00002a2a   0x00000002   PAD
    0x00002a2c   0x00002a2c   0x000000d4   Code   RO         1786    i.GPIO_PinAFConfig  lks32mc03x_gpio.o
    0x00002b00   0x00002b00   0x0000000e   Code   RO         1788    i.GPIO_ReadInputDataBit  lks32mc03x_gpio.o
    0x00002b0e   0x00002b0e   0x00000004   Code   RO         1791    i.GPIO_ResetBits    lks32mc03x_gpio.o
    0x00002b12   0x00002b12   0x00000004   Code   RO         1792    i.GPIO_SetBits      lks32mc03x_gpio.o
    0x00002b16   0x00002b16   0x0000000c   Code   RO         1793    i.GPIO_StructInit   lks32mc03x_gpio.o
    0x00002b22   0x00002b22   0x00000002   PAD
    0x00002b24   0x00002b24   0x00000084   Code   RO          163    i.GPIO_init         hardware_init.o
    0x00002ba8   0x00002ba8   0x00000078   Code   RO         2265    i.GetVdcSpeed       user_app.o
    0x00002c20   0x00002c20   0x00000018   Code   RO         2266    i.Get_Power         user_app.o
    0x00002c38   0x00002c38   0x00000002   Code   RO          292    i.HALL_IRQHandler   interrupt.o
    0x00002c3a   0x00002c3a   0x00000002   PAD
    0x00002c3c   0x00002c3c   0x00000050   Code   RO         1880    i.HALL_Init         lks32mc03x_hall.o
    0x00002c8c   0x00002c8c   0x0000003c   Code   RO          164    i.HALL_Perip_Init   hardware_init.o
    0x00002cc8   0x00002cc8   0x00000024   Code   RO         1883    i.HALL_StructInit   lks32mc03x_hall.o
    0x00002cec   0x00002cec   0x000000b0   Code   RO          165    i.Hardware_init     hardware_init.o
    0x00002d9c   0x00002d9c   0x00000140   Code   RO          956    i.HeaterControl     heatcontrol.o
    0x00002edc   0x00002edc   0x00000078   Code   RO          957    i.HeaterControl_1ms  heatcontrol.o
    0x00002f54   0x00002f54   0x000000bc   Code   RO          958    i.HeaterTemperature_Control  heatcontrol.o
    0x00003010   0x00003010   0x00000002   Code   RO          293    i.I2C_IRQHandler    interrupt.o
    0x00003012   0x00003012   0x0000002c   Code   RO          814    i.LowPassControl    powercalculation.o
    0x0000303e   0x0000303e   0x00000002   PAD
    0x00003040   0x00003040   0x00000034   Code   RO          294    i.MCPWM0_IRQHandler  interrupt.o
    0x00003074   0x00003074   0x0000003c   Code   RO         1247    i.MCPWM0_RegUpdate  signalchain_sample.o
    0x000030b0   0x000030b0   0x00000002   Code   RO          295    i.MCPWM1_IRQHandler  interrupt.o
    0x000030b2   0x000030b2   0x00000002   PAD
    0x000030b4   0x000030b4   0x00000224   Code   RO         2023    i.MCPWM_Init        lks32mc03x_mcpwm.o
    0x000032d8   0x000032d8   0x0000000a   Code   RO         2024    i.MCPWM_StructInit  lks32mc03x_mcpwm.o
    0x000032e2   0x000032e2   0x00000002   PAD
    0x000032e4   0x000032e4   0x000000a0   Code   RO          166    i.MCPWM_init        hardware_init.o
    0x00003384   0x00003384   0x00000018   Code   RO         2268    i.MemoryRestore     user_app.o
    0x0000339c   0x0000339c   0x000000cc   Code   RO         2537    i.ModuCircle_Limitation  LKS03x_FluxOBS_V2p16cs3.lib(fluxobserve.o)
    0x00003468   0x00003468   0x00000338   Code   RO          959    i.NTCResistor10     heatcontrol.o
    0x000037a0   0x000037a0   0x00000044   Code   RO          960    i.NTCTempAD         heatcontrol.o
    0x000037e4   0x000037e4   0x00000010   Code   RO         2538    i.OnTheFlyDetectInit  LKS03x_FluxOBS_V2p16cs3.lib(fluxobserve.o)
    0x000037f4   0x000037f4   0x0000004c   Code   RO         2539    i.OpenCloseAngleSwitch  LKS03x_FluxOBS_V2p16cs3.lib(fluxobserve.o)
    0x00003840   0x00003840   0x00000040   Code   RO          777    i.OpenLoopCurRamp   process_control.o
    0x00003880   0x00003880   0x0000002c   Code   RO          167    i.PGA_Init          hardware_init.o
    0x000038ac   0x000038ac   0x0000002c   Code   RO         2025    i.PWMOutputs        lks32mc03x_mcpwm.o
    0x000038d8   0x000038d8   0x00000060   Code   RO          892    i.PWMScan           speedscan.o
    0x00003938   0x00003938   0x000000a4   Code   RO         2540    i.PmsmFluxObIni     LKS03x_FluxOBS_V2p16cs3.lib(fluxobserve.o)
    0x000039dc   0x000039dc   0x000000f8   Code   RO         2541    i.PmsmFluxObserve   LKS03x_FluxOBS_V2p16cs3.lib(fluxobserve.o)
    0x00003ad4   0x00003ad4   0x00000032   Code   RO          815    i.PowerCalc         powercalculation.o
    0x00003b06   0x00003b06   0x00000002   PAD
    0x00003b08   0x00003b08   0x000000f8   Code   RO         1743    i.ProgramPage       lks32mc03x_flash.o
    0x00003c00   0x00003c00   0x00000002   Code   RO          296    i.SPI_IRQHandler    interrupt.o
    0x00003c02   0x00003c02   0x00000002   PAD
    0x00003c04   0x00003c04   0x0000013c   Code   RO         2402    i.SVPWM_2ShuntGEN   LKS03x_FluxOBS_V2p16cs3.lib(lib_svpwm.o)
    0x00003d40   0x00003d40   0x00000002   Code   RO          297    i.SW_IRQHandler     interrupt.o
    0x00003d42   0x00003d42   0x00000002   PAD
    0x00003d44   0x00003d44   0x00000044   Code   RO         2117    i.SYS_AnalogModuleClockCmd  lks32mc03x_sys.o
    0x00003d88   0x00003d88   0x00000024   Code   RO         2121    i.SYS_ModuleClockCmd  lks32mc03x_sys.o
    0x00003dac   0x00003dac   0x00000012   Code   RO          497    i.SoftDelay         task_scheduler.o
    0x00003dbe   0x00003dbe   0x00000002   PAD
    0x00003dc0   0x00003dc0   0x00000030   Code   RO         1178    i.SpeedLoopReg      foc_drive.o
    0x00003df0   0x00003df0   0x00000028   Code   RO          529    i.SpeedLoop_Set     state_machine.o
    0x00003e18   0x00003e18   0x00000098   Code   RO         1283    i.SpeedPIRegulator  pid_regulators.o
    0x00003eb0   0x00003eb0   0x0000002e   Code   RO          779    i.SpeedReferenceGen  process_control.o
    0x00003ede   0x00003ede   0x00000002   PAD
    0x00003ee0   0x00003ee0   0x00000074   Code   RO          530    i.StateAlign        state_machine.o
    0x00003f54   0x00003f54   0x00000114   Code   RO          531    i.StateCharge       state_machine.o
    0x00004068   0x00004068   0x00000020   Code   RO          534    i.StateFault        state_machine.o
    0x00004088   0x00004088   0x00000230   Code   RO          536    i.StateInit         state_machine.o
    0x000042b8   0x000042b8   0x000000e8   Code   RO          537    i.StateOpen         state_machine.o
    0x000043a0   0x000043a0   0x00000164   Code   RO          539    i.StateRun          state_machine.o
    0x00004504   0x00004504   0x00000024   Code   RO          540    i.StateStop         state_machine.o
    0x00004528   0x00004528   0x00000002   Code   RO          299    i.SysTick_Handler   interrupt.o
    0x0000452a   0x0000452a   0x00000002   PAD
    0x0000452c   0x0000452c   0x000000ec   Code   RO          541    i.Sys_State_Machine  state_machine.o
    0x00004618   0x00004618   0x00000008   Code   RO          168    i.SystemInit        hardware_init.o
    0x00004620   0x00004620   0x00000008   Code   RO          300    i.TIMER0_IRQHandler  interrupt.o
    0x00004628   0x00004628   0x00000030   Code   RO          301    i.TIMER1_IRQHandler  interrupt.o
    0x00004658   0x00004658   0x000000ac   Code   RO         2173    i.TIM_TimerInit     lks32mc03x_timer.o
    0x00004704   0x00004704   0x00000034   Code   RO         2174    i.TIM_TimerStrutInit  lks32mc03x_timer.o
    0x00004738   0x00004738   0x00000090   Code   RO          498    i.Task_Scheduler    task_scheduler.o
    0x000047c8   0x000047c8   0x0000001c   Code   RO          169    i.TempSensor_Init   hardware_init.o
    0x000047e4   0x000047e4   0x00000078   Code   RO         1040    i.Trig_Functions    mc_math.o
    0x0000485c   0x0000485c   0x00000002   Code   RO          303    i.UART_IRQHandler   interrupt.o
    0x0000485e   0x0000485e   0x0000000c   Code   RO         2274    i.USER_APP_vTick10ms  user_app.o
    0x0000486a   0x0000486a   0x0000000c   Code   RO         2275    i.USER_APP_vTick1ms  user_app.o
    0x00004876   0x00004876   0x00000002   PAD
    0x00004878   0x00004878   0x000000b4   Code   RO         2276    i.USER_GPIO_Init    user_app.o
    0x0000492c   0x0000492c   0x00000024   Code   RO         2277    i.USER_Init         user_app.o
    0x00004950   0x00004950   0x0000005c   Code   RO          172    i.UTimer_init       hardware_init.o
    0x000049ac   0x000049ac   0x00000024   Code   RO         1086    i.User2AppAngleTrans  app2core.o
    0x000049d0   0x000049d0   0x00000020   Code   RO         1087    i.User2AppCurTrans  app2core.o
    0x000049f0   0x000049f0   0x00000020   Code   RO         1088    i.User2AppFreqTrans  app2core.o
    0x00004a10   0x00004a10   0x00000038   Code   RO         1089    i.User2AppVolTrans  app2core.o
    0x00004a48   0x00004a48   0x00000002   Code   RO          304    i.WAKE_IRQHandler   interrupt.o
    0x00004a4a   0x00004a4a   0x00000030   Code   RO         2626    i.__ARM_common_ll_mulss  LKS03x_FluxOBS_V2p16cs3.lib(fluxobserve.o)
    0x00004a7a   0x00004a7a   0x00000030   Code   RO         2624    i.__ARM_common_ll_muluu  LKS03x_FluxOBS_V2p16cs3.lib(fluxobserve.o)
    0x00004aaa   0x00004aaa   0x0000001a   Code   RO          641    i.__ARM_common_switch8  state_machine.o
    0x00004ac4   0x00004ac4   0x00000018   Code   RO          173    i.__NVIC_EnableIRQ  hardware_init.o
    0x00004adc   0x00004adc   0x00000044   Code   RO          174    i.__NVIC_SetPriority  hardware_init.o
    0x00004b20   0x00004b20   0x00000034   Code   RO         1017    i.main              main.o
    0x00004b54   0x00004b54   0x00000024   Code   RO          459    i.sys_init          system_init.o
    0x00004b78   0x00004b78   0x00000018   Code   RO         2278    i.vLoadForFlashing  user_app.o
    0x00004b90   0x00004b90   0x000000b0   Code   RO         2838    x$fpl$fmul          fz_ps.l(fmul.o)
    0x00004c40   0x00004c40   0x00000000   Code   RO         2847    x$fpl$usenofp       fz_ps.l(usenofp.o)
    0x00004c40   0x00004c40   0x0000000a   Data   RO           17    .constdata          global_variable.o
    0x00004c4a   0x00004c4a   0x00000010   Data   RO           18    .constdata          global_variable.o
    0x00004c5a   0x00004c5a   0x00000002   PAD
    0x00004c5c   0x00004c5c   0x0000002c   Data   RO           19    .constdata          global_variable.o
    0x00004c88   0x00004c88   0x00000024   Data   RO           20    .constdata          global_variable.o
    0x00004cac   0x00004cac   0x000009c4   Data   RO          962    .constdata          heatcontrol.o
    0x00005670   0x00005670   0x00000200   Data   RO         1041    .constdata          mc_math.o
    0x00005870   0x00005870   0x00000080   Data   RO         2815    .constdata          fz_ps.l(ddiv.o)
    0x000058f0   0x000058f0   0x00000040   Data   RO         2832    .constdata          fz_ps.l(fdiv.o)
    0x00005930   0x00005930   0x00000020   Data   RO         3014    Region$$Table       anon$$obj.o


    Execution Region RW_IRAM1 (Exec base: 0x20000000, Load base: 0x00005950, Size: 0x00000c38, Max: 0x00001000, ABSOLUTE)

    Exec Addr    Load Addr    Size         Type   Attr      Idx    E Section Name        Object

    0x20000000   0x00005950   0x00000004   Data   RW          543    .data               state_machine.o
    0x20000004   0x00005954   0x0000000c   Data   RW          688    .data               fault_detection.o
    0x20000010   0x00005960   0x0000000c   Data   RW          963    .data               heatcontrol.o
    0x2000001c   0x0000596c   0x00000002   Data   RW         1180    .data               foc_drive.o
    0x2000001e   0x0000596e   0x00000002   Data   RW         1183    .data               foc_drive.o
    0x20000020   0x00005970   0x00000034   Data   RW         2281    .data               user_app.o
    0x20000054   0x000059a4   0x00000064   Data   RW         2543    .data               LKS03x_FluxOBS_V2p16cs3.lib(fluxobserve.o)
    0x200000b8   0x00005a08   0x0000003e   Data   RW         2682    .data               LKS03x_FluxOBS_V2p16cs3.lib(onthefly.o)
    0x200000f6   0x00005a46   0x00000002   PAD
    0x200000f8        -       0x00000010   Zero   RW            3    .bss                global_variable.o
    0x20000108        -       0x00000010   Zero   RW            4    .bss                global_variable.o
    0x20000118        -       0x000000ec   Zero   RW            5    .bss                global_variable.o
    0x20000204        -       0x00000040   Zero   RW            6    .bss                global_variable.o
    0x20000244        -       0x00000044   Zero   RW            7    .bss                global_variable.o
    0x20000288        -       0x00000058   Zero   RW            8    .bss                global_variable.o
    0x200002e0        -       0x00000024   Zero   RW            9    .bss                global_variable.o
    0x20000304        -       0x00000018   Zero   RW           12    .bss                global_variable.o
    0x2000031c        -       0x00000020   Zero   RW           13    .bss                global_variable.o
    0x2000033c        -       0x00000020   Zero   RW           14    .bss                global_variable.o
    0x2000035c        -       0x00000020   Zero   RW           15    .bss                global_variable.o
    0x2000037c        -       0x00000020   Zero   RW           16    .bss                global_variable.o
    0x2000039c        -       0x0000000e   Zero   RW          542    .bss                state_machine.o
    0x200003aa   0x00005a46   0x00000002   PAD
    0x200003ac        -       0x00000086   Zero   RW          687    .bss                fault_detection.o
    0x20000432   0x00005a46   0x00000006   PAD
    0x20000438        -       0x00000060   Zero   RW          822    .bss                powercalculation.o
    0x20000498        -       0x00000020   Zero   RW          896    .bss                speedscan.o
    0x200004b8        -       0x00000044   Zero   RW          961    .bss                heatcontrol.o
    0x200004fc        -       0x00000022   Zero   RW         2280    .bss                user_app.o
    0x2000051e   0x00005a46   0x00000002   PAD
    0x20000520        -       0x000000b8   Zero   RW         2542    .bss                LKS03x_FluxOBS_V2p16cs3.lib(fluxobserve.o)
    0x200005d8        -       0x00000060   Zero   RW         2885    .bss                c_p.l(libspace.o)
    0x20000638        -       0x00000200   Zero   RW         2254    HEAP                startup_lks32mc03x.o
    0x20000838        -       0x00000400   Zero   RW         2253    STACK               startup_lks32mc03x.o


==============================================================================

Image component sizes


      Code (inc. data)   RO Data    RW Data    ZI Data      Debug   Object Name

       188         42          0          0          0       2974   app2core.o
      1318        164          0         12        134       8154   fault_detection.o
       476         56          0          4          0       9998   foc_drive.o
         0          0        106          0        676      51637   global_variable.o
      1016        118          0          0          0      18005   hardware_init.o
      1520        296       2500         12         68       6624   heatcontrol.o
       384         72          0          0          0       6579   interrupt.o
       104          0          0          0          0       7772   lks32mc03x_adc.o
       286         18          0          0          0       3012   lks32mc03x_cmp.o
       388         76          0          0          0       2329   lks32mc03x_flash.o
       362         28          0          0          0       4329   lks32mc03x_gpio.o
       116          8          0          0          0       2462   lks32mc03x_hall.o
       602         28          0          0          0       7333   lks32mc03x_mcpwm.o
       104         20          0          0          0       1188   lks32mc03x_sys.o
       224         10          0          0          0       3497   lks32mc03x_timer.o
        52         12          0          0          0        419   main.o
       120          6        512          0          0       2942   mc_math.o
       200          0          0          0          0       2560   pid_regulators.o
        94          0          0          0         96       2771   powercalculation.o
       110          0          0          0          0       1386   process_control.o
        88         24          0          0          0        919   signalchain_sample.o
        96         14          0          0         32       1988   speedscan.o
        68         32        192          0       1536        652   startup_lks32mc03x.o
      2038        314          0          4         14      11490   state_machine.o
       360         68          0          0          0       2044   system_init.o
       162         22          0          0          0       2741   task_scheduler.o
       676         92          0         52         34       9676   user_app.o

    ----------------------------------------------------------------------
     11184       1520       3344         84       2600     175481   Object Totals
         0          0         32          0          0          0   (incl. Generated)
        32          0          2          0         10          0   (incl. Padding)

    ----------------------------------------------------------------------

      Code (inc. data)   RO Data    RW Data    ZI Data      Debug   Library Member Name

      2840        296          0        100        184      11680   fluxobserve.o
       316          6          0          0          0      15516   lib_svpwm.o
         0          0          0         62          0       4167   onthefly.o
         8          0          0          0          0         68   __main.o
         0          0          0          0          0          0   __rtentry.o
        12          0          0          0          0          0   __rtentry2.o
         6          0          0          0          0          0   __rtentry4.o
        60          8          0          0          0          0   __scatter.o
        26          0          0          0          0          0   __scatter_copy.o
        28          0          0          0          0          0   __scatter_zi.o
       346          0          0          0          0         92   aeabi_sdiv.o
        16          0          0          0          0         68   exit.o
         6          0          0          0          0        136   heapauxi.o
         0          0          0          0          0          0   indicate_semi.o
         2          0          0          0          0          0   libinit.o
         2          0          0          0          0          0   libinit2.o
         2          0          0          0          0          0   libshutdown.o
         2          0          0          0          0          0   libshutdown2.o
         8          4          0          0         96         68   libspace.o
        48          0          0          0          0         72   llmul.o
       112          0          0          0          0         72   llsdiv.o
        32          0          0          0          0         68   llshl.o
        38          0          0          0          0         68   llsshr.o
       258          0          0          0          0         88   lludiv.o
        64          0          0          0          0        108   rt_memclr.o
         2          0          0          0          0          0   rtexit.o
        10          0          0          0          0          0   rtexit2.o
        12          4          0          0          0         60   sys_exit.o
        62          0          0          0          0         80   sys_stackheap_outer.o
         2          0          0          0          0         68   use_no_semi.o
       856         20          0          0          0        208   daddsub.o
      1096         26        128          0          0        112   ddiv.o
       108         10          0          0          0         72   dfixi.o
        72          4          0          0          0         68   dfixui.o
        88          0          0          0          0         92   dflti.o
       132          4          0          0          0        100   dfltl.o
       584         26          0          0          0         84   dmul.o
        96         12          0          0          0         72   dscalbn.o
        84          4          0          0          0         60   f2d.o
       352         10         64          0          0         92   fdiv.o
        76          0          0          0          0         68   ffixi.o
        94          0          0          0          0         92   fflti.o
       176          4          0          0          0         80   fmul.o
         0          0          0          0          0          0   usenofp.o

    ----------------------------------------------------------------------
      8144        438        192        164        280      33679   Library Totals
        10          0          0          2          0          0   (incl. Padding)

    ----------------------------------------------------------------------

      Code (inc. data)   RO Data    RW Data    ZI Data      Debug   Library Name

      3156        302          0        162        184      31363   LKS03x_FluxOBS_V2p16cs3.lib
      1164         16          0          0         96       1116   c_p.l
      3814        120        192          0          0       1200   fz_ps.l

    ----------------------------------------------------------------------
      8144        438        192        164        280      33679   Library Totals

    ----------------------------------------------------------------------

==============================================================================


      Code (inc. data)   RO Data    RW Data    ZI Data      Debug   

     19328       1958       3536        248       2880     202760   Grand Totals
     19328       1958       3536        248       2880     202760   ELF Image Totals
     19328       1958       3536        248          0          0   ROM Totals

==============================================================================

    Total RO  Size (Code + RO Data)                22864 (  22.33kB)
    Total RW  Size (RW Data + ZI Data)              3128 (   3.05kB)
    Total ROM Size (Code + RO Data + RW Data)      23112 (  22.57kB)

==============================================================================

