C51 COMPILER V9.60.7.0   USERADDFUNC                                                       02/24/2024 10:00:29 PAGE 1   


C51 COMPILER V9.60.7.0, COMPILATION OF MODULE USERADDFUNC
OBJECT MODULE PLACED IN .\Output\UserAddFunc.obj
COMPILER INVOKED BY: C:\Keil_v5\C51\BIN\C51.EXE ..\User\Source\UserFiles\UserAddFunc.c LARGE OMF2 WARNINGLEVEL(0) OPTIMI
                    -ZE(5,SPEED) BROWSE INCDIR(..\Library\FU68xx_Hardware_Driver\Include;..\User\Include) DEBUG PRINT(.\Listing\UserAddFunc.l
                    -st) TABS(2) OBJECT(.\Output\UserAddFunc.obj)

line level    source

   1          /**************************** (C) COPYRIGHT 2017 Fortiortech shenzhen *****************************
   2          * File Name          : AddFunction.c
   3          * Author             : Fortiortech  Appliction Team
   4          * Version            : V1.0
   5          * Date               : 2017-12-26
   6          * Description        : This file contains all the add function used for Motor Control.
   7          ***************************************************************************************************
   8          * All Rights Reserved
   9          **************************************************************************************************/
  10          
  11          
  12          /* Includes -------------------------------------------------------------------------------------*/
  13          // #include <AddFunction.h>
  14          #include <FU68xx_2.h>
  15          #include <Myproject.h>
  16          #include <Customer_Debug.h>
  17          
  18          #include <UserGlobal.h>
  19          #include <UserDefine.h>
  20          
  21          /* Private variables ---------------------------------------------------------*/
  22          
  23          extern uint16  POWER_VSP;
  24          extern u8  DrvEnFlag;
  25          extern u8  KeyOnOffCmd;
  26          extern u8  ReStartDlyCmd;
  27          extern u16 ReStartDlyX10ms;
  28          extern u16 RunningX1ms;
  29          extern u8  ReStartCnt;
  30          extern u16 IBusCommandAlt;
  31          extern u16 IBusCommandAlt;
  32          extern u16 IBusFilt_mA;
  33          extern u8  StuckLv;                   // 堵转等级
  34          extern u8  StartFailLv;               // 启动异常等级
  35          extern s32 VspRPMCmd;
  36          
  37          extern s16 idata Vsp_Q12;
  38          extern s16 idata VspSpdAlt;
  39          extern u8  idata AlarmStuck;          // 6 卡住
  40          extern u8  idata AlarmStartLose;      // 7 启动计算异常
  41          extern u32 idata MotorRPM;
  42          extern u32 idata VspPwrCmd;
  43          extern u32 idata UxISmp;
  44          //----------------------------------------------------------------------------//
  45          // 说明：
  46          void ShutPerform(void)
  47          {
  48   1        MOE     = 0;
  49   1        ClrBit(DRV_CR, FOCEN);  //关闭FOC
  50   1        mcState = mcReady;
  51   1        
  52   1        DrvEnFlag = 0;
  53   1        Vsp_Q12 = 0;
C51 COMPILER V9.60.7.0   USERADDFUNC                                                       02/24/2024 10:00:29 PAGE 2   

  54   1        //KeyGoCmdOn = 0;
  55   1        KeyOnOffCmd = 0;
  56   1      }
  57          
  58          //----------------------------------------------------------------------------//
  59          // 说明：
  60          void CancleResatrt(void)
  61          {
  62   1        ReStartDlyCmd = 0;
  63   1        ReStartDlyX10ms = 0;
  64   1      }
  65          
  66          //----------------------------------------------------------------------------//
  67          // 说明：
  68          void SetFaultResatrt(void)
  69          {
  70   1        if(ReStartDlyCmd == 0)
  71   1        {
  72   2          ReStartDlyCmd = 1;
  73   2        
  74   2          if((RunningX1ms < 2500)&&(ReStartCnt < FLT_START_TIMES))
  75   2          {
  76   3            if(ReStartDlyX10ms == 0)
  77   3              ReStartDlyX10ms = 10;
  78   3          }
  79   2          else
  80   2            CancleResatrt();
  81   2        }
  82   1      }
  83          
  84          ////----------------------------------------------------------------------------//
  85          //// 说明：
  86          //u8  BrkStage = 0;
  87          //u16 MtBrakeCnt = 0;
  88          //void MotorBrake(void)
  89          //{
  90          //  if(++MtBrakeCnt >= 500)
  91          //  {
  92          //    MtBrakeCnt = 0;
  93          //    mcState = mcStop;
  94          //  }
  95          //  
  96          //  if(BrkStage == 0)
  97          //  {
  98          //    if((mcFocCtrl.mcSysSpeed < BRAKE_SPEED)||                 //_Q15(60000.0/MOTOR_SPEED_BASE)
  99          //       (MtBrakeCnt > 300))
 100          //      BrkStage = 1;
 101          //  }
 102          //  else
 103          //  {
 104          //    FOC_SWDUTY = BRAKE_INIT_DUTY;
 105          //    FOC_CR1 = 0x06;                   // FOC计数器使能，软件写PWM占空比
 106          //    FOC_CMR = 0x15;                   // U相输出  0x15
 107          //    MOE = 1;
 108          //  }
 109          //}
 110          
 111          //----------------------------------------------------------------------------//
 112          // 说明：母线电流PI调节
 113          void IBusPI(int16 err)
 114          {
 115   1        //PI_UKMAX = 2000;
C51 COMPILER V9.60.7.0   USERADDFUNC                                                       02/24/2024 10:00:29 PAGE 3   

 116   1        PI_EK = err;
 117   1        PI_LPF_CR |= 0x02;                  // Start PI
 118   1        _nop_();  _nop_();  _nop_();  _nop_();  _nop_();  _nop_();
 119   1        //PI_UK+=(SKP/4096 +1);
 120   1        FOC_IQREF = PI_UK;
 121   1        
 122   1        //PI_LPF_CR &= 0xFD;                  // stop PI
 123   1        
 124   1      //    PI_EK =  Xn1;         //填入EK
 125   1      //    PI_LPF_CR |= 0x02;    // Start PI
 126   1      //    _nop_();  _nop_();  _nop_();  _nop_();  _nop_();
 127   1      //    PI_UK+=(SKP/4096 +1);
 128   1      //    return PI_UK;
 129   1      }
 130          
 131          void EK_deal(void)
 132          {
 133   1        if(FOC_EK2 < OBS_K2T_Actual-10)
 134   1        {
 135   2          mcFocCtrl.Smo_EK2=FOC_EK2;
 136   2          mcFocCtrl.Smo_EK2+=10;
 137   2          FOC_EK2=mcFocCtrl.Smo_EK2;
 138   2        }
 139   1        else if(FOC_EK2 > OBS_K2T_Actual+10)
 140   1        {
 141   2          mcFocCtrl.Smo_EK2=FOC_EK2;
 142   2          mcFocCtrl.Smo_EK2-=10;
 143   2          FOC_EK2=mcFocCtrl.Smo_EK2;
 144   2        }
 145   1        else
 146   1        {
 147   2          FOC_EK2=OBS_K2T_Actual;
 148   2        }
 149   1      }
 150          //----------------------------------------------------------------------------//
 151          // 说明：功率调节
 152          // 将当前母线电压电流检测值相乘，乘积与给定对比，根据比较所得调节电流给定量，使功率达到要求
 153          s16 IBusError;
 154          s16 IBusPIErr;
 155          s32 SpdErr;
 156          s16 SpdPIErr;
 157          s32 UIErr;
 158          s16 UIPIErr;
 159          u16 focek2;
 160          
 161          void Regulation(void)
 162          {
 163   1        if((mcState ==mcRun)||(mcState ==mcStop))
 164   1        {
 165   2          switch(mcFocCtrl.CtrlMode)
 166   2          {
 167   3            case 0:
 168   3            {
 169   4              if(FOC__EOME > Motor_Loop_Speed)
 170   4              {
 171   5                FOC_DQKP = DQKP;
 172   5                FOC_DQKI = DQKI;
 173   5                
 174   5                PI_UKMAX   = SOUTMAX;
 175   5                PI_UKMIN   = SOUTMIN;
 176   5                
 177   5                
C51 COMPILER V9.60.7.0   USERADDFUNC                                                       02/24/2024 10:00:29 PAGE 4   

 178   5                #if (CONTROL_TARGET==CONTROL_TARGET_POWER)
                        {
                          mcFocCtrl.CtrlMode = 1;
                          
                          mcFocCtrl.mcIqref = FOC_IQREF;
                          PI_UK = mcFocCtrl.mcIqref;
                        
                          PI_KP = _Q12(0.3);
                          PI_KI = _Q12(0.01);
                        }
                        #elif (CONTROL_TARGET==CONTROL_TARGET_SPEED)
 189   5                {
 190   6                  mcFocCtrl.CtrlMode = 2;
 191   6                    
 192   6                  mcFocCtrl.mcIqref = FOC_IQREF;
 193   6                  PI_UK = mcFocCtrl.mcIqref;
 194   6                  
 195   6                  PI_KP = _Q12(0.4);
 196   6                  PI_KI = _Q12(0.01);
 197   6                  
 198   6                  //VspSpdAlt = 10000;//mcFocCtrl.SpeedFlt;//
 199   6                }
 200   5                #endif
 201   5                
 202   5                mcFocCtrl.SpeedRamp = 2;
 203   5                mcFocCtrl.SpeedLoop = 5;
 204   5                //OutLoopParameterSet();       //环路基本参数设置
 205   5                
 206   5              }
 207   4            }
 208   3              break;
 209   3            case 1:
 210   3            {
 211   4              #if (OUTLoop_Mode== OUTLoop_Disable)
                      {
                        mcFocCtrl.TorqueLoopTime++;
                        if(mcFocCtrl.TorqueLoopTime>SPEED_LOOP_TIME)
                        {
                          mcFocCtrl.TorqueLoopTime=0;
                          mcFocCtrl.mcIqref = FOC_IQREF;
                          if (FOC_IQREF < QOUTVALUE)
                          {
                            mcFocCtrl.mcIqref += QOUTINC;
                            if (mcFocCtrl.mcIqref > QOUTVALUE) mcFocCtrl.mcIqref = QOUTVALUE;
                            FOC_IQREF = mcFocCtrl.mcIqref;
                          }
                          else if (FOC_IQREF > QOUTVALUE)
                          {
                            mcFocCtrl.mcIqref -= QOUTINC;
                            if (mcFocCtrl.mcIqref < QOUTVALUE) mcFocCtrl.mcIqref = QOUTVALUE;
                            FOC_IQREF = mcFocCtrl.mcIqref;
                          }
                        }
                      }
                      #elif (OUTLoop_Mode== OUTLoop_Enable)
 233   4              {
 234   5               
 235   5                //PI_UKMAX = SOUTMAX;
 236   5                //PI_UKMIN = SOUTMIN;
 237   5                
 238   5                //PI_KP    = _Q12(0.9);
 239   5                //PI_KI    = _Q12(0.010);
C51 COMPILER V9.60.7.0   USERADDFUNC                                                       02/24/2024 10:00:29 PAGE 5   

 240   5      
 241   5      //          //功率调节方法1：----------------------------------------------------//
 242   5      //          //IBusPIErr = 150 - IBusFilt_mA;         //调试中，直接对母线电流参考值赋值
 243   5      //          IBusPIErr = IBusCommandAlt - IBusFilt_mA;
 244   5      //          IBusError = IBusPIErr;
 245   5      
 246   5      //          #define PWR_PI_ERR_MAX       200  // 为防止PI调节溢出，对输入做限制
 247   5      //          #define PWR_PI_ERR_MIN       10   // 为防止PI调节截断，对输入做限制
 248   5      //          //if(RunningX1ms > 1000)             // 为获得大转矩，启动不限制；为平稳，运行时限制
 249   5      //          {
 250   5      //            if(IBusPIErr > 0)
 251   5      //            {
 252   5      //              if(IBusPIErr > PWR_PI_ERR_MAX)
 253   5      //                IBusError = PWR_PI_ERR_MAX;
 254   5      //              else if(IBusPIErr < PWR_PI_ERR_MIN)
 255   5      //                IBusError = PWR_PI_ERR_MIN;
 256   5      //            }
 257   5      //            else if(IBusPIErr < 0)
 258   5      //            {
 259   5      //              if(IBusPIErr < -PWR_PI_ERR_MAX)
 260   5      //                IBusError = -PWR_PI_ERR_MAX;
 261   5      //              else if(IBusPIErr > -PWR_PI_ERR_MIN)
 262   5      //                IBusError = -PWR_PI_ERR_MIN;
 263   5      //            }
 264   5      //          }
 265   5      //          IBusError = IBusError*12;
 266   5      //          IBusPI(IBusError);
 267   5                          
 268   5                //功率调节方法2：----------------------------------------------------//
 269   5                // UxISmp是电压电流的采样结果直接相乘，
 270   5                // VspPwrCmd是功率参考值，对应电压电流的采样值格式
 271   5                
 272   5                //VspPwrCmd = MAX_POWER_UXI_SMP;//调试中，直接对功率参考值赋值
 273   5                UIErr = VspPwrCmd - UxISmp;
 274   5                
 275   5                #define PWR_PI_ERR_MAX       10000  // 为防止PI调节溢出，对输入做限制
 276   5                
 277   5                if(UIErr >= 0)
 278   5                {
 279   6                  if(UIErr >= PWR_PI_ERR_MAX)
 280   6                    UIErr = PWR_PI_ERR_MAX;
 281   6                }
 282   5                else
 283   5                {
 284   6                  if(UIErr <= -PWR_PI_ERR_MAX)
 285   6                    UIErr = -PWR_PI_ERR_MAX;
 286   6                }
 287   5                
 288   5                UIPIErr = UIErr;
 289   5                IBusPI(UIPIErr*3);
 290   5      
 291   5                //功率调节方法结束----------------------------------------------------//
 292   5              }
 293   4              #endif //END OUTLoop_Mode
 294   4      
 295   4              EK_deal();
 296   4            }
 297   3            break;
 298   3            case 2:
 299   3            {
 300   4              if(++mcFocCtrl.SpeedLoopTime >= 5)
 301   4              {
C51 COMPILER V9.60.7.0   USERADDFUNC                                                       02/24/2024 10:00:29 PAGE 6   

 302   5                mcFocCtrl.SpeedLoopTime = 0;
 303   5                ////
 304   5                //PI_UKMAX = SOUTMAX;
 305   5                //PI_UKMIN = SOUTMIN;
 306   5                //PI_KP    = _Q12(0.2);
 307   5                //PI_KI    = _Q12(0.002);
 308   5                
 309   5      //          VspRPMCmd = 90000;
 310   5      //          SpdErr = VspRPMCmd - MotorRPM;//
 311   5                SpdErr =  VspSpdAlt - mcFocCtrl.SpeedFlt;//FOC__EOME;(s32)(s32) 
 312   5      
 313   5                #define SPD_ERR_MAX 15000
 314   5                if(SpdErr > SPD_ERR_MAX)
 315   5                  SpdPIErr = SPD_ERR_MAX;
 316   5                else if(SpdErr < -SPD_ERR_MAX)
 317   5                  SpdPIErr = -SPD_ERR_MAX;
 318   5                else
 319   5                  SpdPIErr = (s16)SpdErr;
 320   5                
 321   5                IBusPI(SpdPIErr);
 322   5                
 323   5                EK_deal();
 324   5              }
 325   4            }
 326   3          }
 327   2        }
 328   1      }
 329          
 330          //----------------------------------------------------------------------------//
 331          // 启动失败检测
 332          void CheckStartFault(void)
 333          {
 334   1        /*******启动保护恢复*********/
 335   1      //  h_Fault->mcEsValue = FOC__ESQU;
 336   1      
 337   1        if(mcState == mcRun)
 338   1        {
 339   2          //方法一，5s内速度大于最大速度，同时反电动势值低于一定值
 340   2          if(mcFaultDect.StartSpeedCnt <= 2000/2)
 341   2          {
 342   3            mcFaultDect.StartSpeedCnt++;
 343   3            if((mcFocCtrl.SpeedFlt > Motor_Max_Speed)&&(mcFocCtrl.EsValue < 20))
 344   3            {
 345   4              mcFaultDect.StartSpeedCnt = 0;
 346   4              mcProtectTime.StartFlag = 1;
 347   4              
 348   4              AlarmStartLose = 1;
 349   4              StartFailLv = 1;
 350   4              ShutPerform();
 351   4              SetFaultResatrt();
 352   4            }
 353   3          }
 354   2            
 355   2         //方法二
 356   2          if(mcFaultDect.StartEsCnt <= 2000/2)//前6s，等待1.5s后，开始判断ES，如果超过一定次数，则失败
 357   2          {
 358   3            mcFaultDect.StartEsCnt++;
 359   3            mcFaultDect.StartDelay++;
 360   3            if(mcFaultDect.StartDelay >= 1500)        // 1.5s
 361   3            {
 362   4              mcFaultDect.StartDelay = 1500;
 363   4              if((mcFocCtrl.EsValue < 5))//&&(mcFocCtrl.CtrlMode==0))
C51 COMPILER V9.60.7.0   USERADDFUNC                                                       02/24/2024 10:00:29 PAGE 7   

 364   4              {
 365   5                  mcFaultDect.StartESCount++;
 366   5                  if(mcFaultDect.StartESCount >= 20)
 367   5                  {
 368   6                    mcFaultDect.StartDelay = 0;
 369   6                    mcFaultDect.StartESCount = 0;
 370   6                    mcProtectTime.StartFlag = 2;
 371   6                    
 372   6                    AlarmStartLose = 1;
 373   6                    StartFailLv = 2;
 374   6                    ShutPerform();
 375   6                    SetFaultResatrt();
 376   6                  }
 377   5              }
 378   4              else
 379   4              {
 380   5                if(mcFaultDect.StartESCount > 0)
 381   5                  mcFaultDect.StartESCount--;
 382   5              }
 383   4           }
 384   3         }
 385   2         else
 386   2         {
 387   3           mcFaultDect.StartESCount = 0;
 388   3         }
 389   2          //方法三，长时间在CtrlMode=0状态
 390   2          if(mcFocCtrl.CtrlMode == 0)         //
 391   2          {
 392   3            mcFaultDect.StartFocmode++;
 393   3            if(mcFaultDect.StartFocmode >= 800/2)
 394   3            {
 395   4              mcFaultDect.StartFocmode = 0;
 396   4              mcProtectTime.StartFlag = 3;
 397   4              
 398   4              AlarmStartLose = 1;
 399   4              StartFailLv = 3;
 400   4              ShutPerform();
 401   4              SetFaultResatrt();
 402   4            }
 403   3          }
 404   2        }
 405   1      }
 406          /*---------------------------------------------------------------------------*/
 407          //堵转保护
 408          void CheckStallFault(void)             //void Fault_Stall(FaultVarible *h_Fault)
 409          {
 410   1        // 只在运行中检测
 411   1        if(mcState == mcRun)
 412   1        {
 413   2          if(mcFaultDect.StallDelayCnt <= 2000/2)//5s
 414   2          {
 415   3            mcFaultDect.StallDelayCnt ++;
 416   3          }
 417   2          else
 418   2          {
 419   3            //method 1，判断反电动势太小或当反电动势太小，转速太大
 420   3            if((mcFocCtrl.EsValue < 10)||
 421   3               ((FOC__EOME > _Q15(800.0/MOTOR_SPEED_BASE))&&(mcFocCtrl.EsValue < 40)))
 422   3            {
 423   4              mcFaultDect.StallDectEs++;
 424   4              if(mcFaultDect.StallDectEs >= 10)
 425   4              {
C51 COMPILER V9.60.7.0   USERADDFUNC                                                       02/24/2024 10:00:29 PAGE 8   

 426   5                mcFaultDect.StallDectEs = 0;
 427   5                mcProtectTime.StallFlag = 1;
 428   5      
 429   5                StuckLv = 1;
 430   5                AlarmStuck = 1;
 431   5                ShutPerform();
 432   5                SetFaultResatrt();
 433   5                
 434   5              }
 435   4            }
 436   3            else
 437   3            {
 438   4              if(mcFaultDect.StallDectEs > 0)
 439   4                mcFaultDect.StallDectEs--;
 440   4            }
 441   3            //method 2，判断速度低于堵转最小值或者超过堵转最大值
 442   3            if((mcFocCtrl.SpeedFlt < Motor_Stall_Min_Speed)||(mcFocCtrl.SpeedFlt > Motor_Stall_Max_Speed))
 443   3            {
 444   4              mcFaultDect.StallDectSpeed++;
 445   4              if(mcFaultDect.StallDectSpeed >= 8)
 446   4              {
 447   5                mcFaultDect.StallDectSpeed = 0;
 448   5                mcProtectTime.StallFlag = 2;
 449   5                
 450   5                if(mcFocCtrl.SpeedFlt < Motor_Stall_Min_Speed)
 451   5                  StuckLv = 2;
 452   5                else
 453   5                  StuckLv = 3;
 454   5                AlarmStuck = 1;
 455   5                ShutPerform();
 456   5                SetFaultResatrt();
 457   5              }
 458   4            }
 459   3            else
 460   3            {
 461   4              if(mcFaultDect.StallDectSpeed > 0)
 462   4                mcFaultDect.StallDectSpeed--;
 463   4            }
 464   3          }
 465   2        }
 466   1      }


MODULE INFORMATION:   STATIC OVERLAYABLE
   CODE SIZE        =   1405    ----
   CONSTANT SIZE    =   ----    ----
   XDATA SIZE       =     18    ----
   PDATA SIZE       =   ----    ----
   DATA SIZE        =   ----    ----
   IDATA SIZE       =   ----    ----
   BIT SIZE         =   ----    ----
   EDATA SIZE       =   ----    ----
   HDATA SIZE       =   ----    ----
   XDATA CONST SIZE =   ----    ----
   FAR CONST SIZE   =   ----    ----
END OF MODULE INFORMATION.


C51 COMPILATION COMPLETE.  0 WARNING(S),  0 ERROR(S)
